{
  "samples": [
    {
      "variant": "before",
      "metrics": {
        "eventCounts": {
          "pointerdown": 1,
          "pointermove": 37,
          "pointerup": 1,
          "pointercancel": 0
        },
        "pointerDownToFirstTransformMs": 33,
        "firstMoveToFirstTransformMs": 23.299999952316284,
        "moveToNextTransformMs": [
          23.299999952316284,
          8.5,
          11.100000023841858,
          11.199999928474426,
          11.100000023841858,
          11.600000023841858,
          10.899999976158142,
          10.700000047683716,
          11,
          11.199999928474426,
          11.299999952316284,
          11.5,
          10.799999952316284,
          10.700000047683716,
          11,
          10.299999952316284,
          9.099999904632568,
          10.899999976158142,
          10.699999928474426,
          11,
          10.799999952316284,
          11.300000071525574,
          11.100000023841858,
          11.299999952316284,
          10.600000023841858,
          10.700000047683716,
          9.899999976158142,
          10.399999976158142,
          10.200000047683716,
          10.199999928474426,
          10.199999928474426,
          10.200000047683716,
          10.5,
          10.299999952316284,
          10.399999976158142,
          10.200000047683716
        ],
        "pointerUpToPersistedMs": 97,
        "pointerUpToWorkerRequestMs": 327.10000002384186,
        "pointerUpToOutlineMs": 2784.100000023842,
        "pointerUpToWorkerTerminalMs": 3211.2000000476837,
        "pointerUpToCommittedPolygonMs": 151.40000009536743,
        "sourceChanged": true,
        "transformChanged": true,
        "polygonChanged": true
      }
    },
    {
      "variant": "after",
      "metrics": {
        "eventCounts": {
          "pointerdown": 1,
          "pointermove": 37,
          "pointerup": 1,
          "pointercancel": 0
        },
        "pointerDownToFirstTransformMs": 33.200000047683716,
        "firstMoveToFirstTransformMs": 24.40000009536743,
        "moveToNextTransformMs": [
          24.40000009536743,
          9.200000047683716,
          11.800000071525574,
          9.800000071525574,
          12,
          11.399999976158142,
          11.299999952316284,
          11.600000023841858,
          11.5,
          11.699999928474426,
          11,
          11.200000047683716,
          10.5,
          10.700000047683716,
          10.399999976158142,
          10.199999928474426,
          10.399999976158142,
          10.299999952316284,
          9.799999952316284,
          10.199999928474426,
          10.100000023841858,
          10.5,
          10.5,
          10.5,
          10.5,
          10.799999952316284,
          10.5,
          10.699999928474426,
          9.5,
          9.399999976158142,
          9.5,
          9.600000023841858,
          9.299999952316284,
          9.399999976158142,
          9.600000023841858,
          9.399999976158142
        ],
        "pointerUpToPersistedMs": 51.5,
        "pointerUpToWorkerRequestMs": 295.09999990463257,
        "pointerUpToOutlineMs": 2736.5999999046326,
        "pointerUpToWorkerTerminalMs": 3162.1999999284744,
        "pointerUpToCommittedPolygonMs": 118.89999997615814,
        "sourceChanged": true,
        "transformChanged": true,
        "polygonChanged": true
      }
    },
    {
      "variant": "after",
      "metrics": {
        "eventCounts": {
          "pointerdown": 1,
          "pointermove": 37,
          "pointerup": 1,
          "pointercancel": 0
        },
        "pointerDownToFirstTransformMs": 33.10000002384186,
        "firstMoveToFirstTransformMs": 25.5,
        "moveToNextTransformMs": [
          25.5,
          10.300000071525574,
          11.799999952316284,
          10.699999928474426,
          12,
          11.600000023841858,
          11.600000023841858,
          11,
          11.399999976158142,
          10.5,
          10.5,
          10.5,
          10.600000023841858,
          10.399999976158142,
          10.600000023841858,
          10.600000023841858,
          10.599999904632568,
          10.5,
          10.200000047683716,
          9.899999976158142,
          11,
          9.899999976158142,
          9.600000023841858,
          9.800000071525574,
          9.599999904632568,
          10,
          9.900000095367432,
          9.699999928474426,
          9.600000023841858,
          9.800000071525574,
          9.800000071525574,
          8.200000047683716,
          8.299999952316284,
          8.100000023841858,
          8.399999976158142,
          7.899999976158142
        ],
        "pointerUpToPersistedMs": 50.39999997615814,
        "pointerUpToWorkerRequestMs": 294.2999999523163,
        "pointerUpToOutlineMs": 2730.399999976158,
        "pointerUpToWorkerTerminalMs": 3156.7000000476837,
        "pointerUpToCommittedPolygonMs": 116.89999997615814,
        "sourceChanged": true,
        "transformChanged": true,
        "polygonChanged": true
      }
    },
    {
      "variant": "before",
      "metrics": {
        "eventCounts": {
          "pointerdown": 1,
          "pointermove": 37,
          "pointerup": 1,
          "pointercancel": 0
        },
        "pointerDownToFirstTransformMs": 33.200000047683716,
        "firstMoveToFirstTransformMs": 23.100000023841858,
        "moveToNextTransformMs": [
          23.100000023841858,
          9.400000095367432,
          11.100000023841858,
          11.100000023841858,
          11.199999928474426,
          11,
          11.300000071525574,
          11.300000071525574,
          11.699999928474426,
          11.399999976158142,
          11.5,
          11.599999904632568,
          11.5,
          10.399999976158142,
          10.600000023841858,
          6.100000023841858,
          6.600000023841858,
          6.299999952316284,
          9.199999928474426,
          11.100000023841858,
          11.099999904632568,
          11.199999928474426,
          11.100000023841858,
          10.799999952316284,
          10.5,
          10.800000071525574,
          10.799999952316284,
          11,
          10.800000071525574,
          10.799999952316284,
          10.700000047683716,
          10.700000047683716,
          10.599999904632568,
          10.800000071525574,
          10.5,
          10.899999976158142
        ],
        "pointerUpToPersistedMs": 92.70000004768372,
        "pointerUpToWorkerRequestMs": 333.7000000476837,
        "pointerUpToOutlineMs": 2768.600000023842,
        "pointerUpToWorkerTerminalMs": 3214,
        "pointerUpToCommittedPolygonMs": 158.30000007152557,
        "sourceChanged": true,
        "transformChanged": true,
        "polygonChanged": true
      }
    },
    {
      "variant": "before",
      "metrics": {
        "eventCounts": {
          "pointerdown": 1,
          "pointermove": 37,
          "pointerup": 1,
          "pointercancel": 0
        },
        "pointerDownToFirstTransformMs": 33.39999997615814,
        "firstMoveToFirstTransformMs": 24.899999976158142,
        "moveToNextTransformMs": [
          24.899999976158142,
          9.899999976158142,
          11.199999928474426,
          11.800000071525574,
          11.5,
          11.400000095367432,
          11,
          10.399999976158142,
          10.800000071525574,
          10.599999904632568,
          10.5,
          10.5,
          10.699999928474426,
          10.899999976158142,
          10.800000071525574,
          10.299999952316284,
          10.699999928474426,
          10.399999976158142,
          10.200000047683716,
          10.399999976158142,
          10.200000047683716,
          9.899999976158142,
          9.5,
          9.699999928474426,
          9.600000023841858,
          9.899999976158142,
          9.699999928474426,
          9.5,
          9.299999952316284,
          9.700000047683716,
          9.699999928474426,
          8,
          9.599999904632568,
          9.800000071525574,
          9.199999928474426,
          9.699999928474426
        ],
        "pointerUpToPersistedMs": 97.79999995231628,
        "pointerUpToWorkerRequestMs": 336.10000002384186,
        "pointerUpToOutlineMs": 2796.7999999523163,
        "pointerUpToWorkerTerminalMs": 3221,
        "pointerUpToCommittedPolygonMs": 160.29999995231628,
        "sourceChanged": true,
        "transformChanged": true,
        "polygonChanged": true
      }
    },
    {
      "variant": "after",
      "metrics": {
        "eventCounts": {
          "pointerdown": 1,
          "pointermove": 37,
          "pointerup": 1,
          "pointercancel": 0
        },
        "pointerDownToFirstTransformMs": 33.199999928474426,
        "firstMoveToFirstTransformMs": 23.299999952316284,
        "moveToNextTransformMs": [
          23.299999952316284,
          9.399999976158142,
          11.100000023841858,
          10.899999976158142,
          11.400000095367432,
          10.899999976158142,
          11.200000047683716,
          11.5,
          11.200000047683716,
          10.399999976158142,
          10.399999976158142,
          10.5,
          10.599999904632568,
          10.5,
          10.600000023841858,
          10.200000047683716,
          10.600000023841858,
          10.300000071525574,
          10.699999928474426,
          10.299999952316284,
          10.5,
          10.399999976158142,
          10.5,
          10.300000071525574,
          10.300000071525574,
          10.600000023841858,
          10.399999976158142,
          10.5,
          10.399999976158142,
          10.5,
          10.300000071525574,
          10.5,
          10.199999928474426,
          10.699999928474426,
          10.299999952316284,
          10.200000047683716
        ],
        "pointerUpToPersistedMs": 50.200000047683716,
        "pointerUpToWorkerRequestMs": 298.10000002384186,
        "pointerUpToOutlineMs": 2729.7000000476837,
        "pointerUpToWorkerTerminalMs": 3162.899999976158,
        "pointerUpToCommittedPolygonMs": 123.29999995231628,
        "sourceChanged": true,
        "transformChanged": true,
        "polygonChanged": true
      }
    }
  ],
  "checks": [
    "Matched layout and final polygon parity across all six samples",
    "Escape cancels without source change",
    "Re-grab commits cumulative snapped movement",
    "Undo and redo preserve exact committed pose",
    "No page errors or horizontal overflow at 375/768/1280"
  ]
}
