$ pnpm --dir engine build && pnpm --dir app build
$ pnpm run build:schema && rollup -c
$ node scripts/build-schema.js

src/ergogen.js → dist/ergogen.js...
(!) Circular dependencies
src/utils.js -> src/assert.js -> src/utils.js
src/utils.js -> src/assert.js -> src/point.js -> src/utils.js
created dist/ergogen.js in 2.2s
$ pnpm run build-ergogen && pnpm run generate-previews
$ ./patch/patch_ergogen.sh
{"ceoloide":24,"infusedKim":15}

src/ergogen.js → dist/ergogen.js...
(!) Circular dependencies
src/utils.js -> src/assert.js -> src/utils.js
src/utils.js -> src/assert.js -> src/point.js -> src/utils.js
created dist/ergogen.js in 2.5s
$ ts-node --project scripts/tsconfig.json scripts/generate-previews.js
Generating preview for Starter...
  -> Saved to /home/chris/projects/ts-boardstudio2/app/public/images/previews/starter.svg
Generating preview for Column layout...
  -> Saved to /home/chris/projects/ts-boardstudio2/app/public/images/previews/column_layout.svg
Generating preview for Irregular thumbs...
  -> Saved to /home/chris/projects/ts-boardstudio2/app/public/images/previews/irregular_thumbs.svg
Generating preview for Split layout...
  -> Saved to /home/chris/projects/ts-boardstudio2/app/public/images/previews/split_layout.svg
Generating preview for Physical stack...
  -> Saved to /home/chris/projects/ts-boardstudio2/app/public/images/previews/physical_stack.svg
Generating preview for Imported PCB...
  -> Saved to /home/chris/projects/ts-boardstudio2/app/public/images/previews/imported_pcb.svg
Generating preview for BHK...
  -> Saved to /home/chris/projects/ts-boardstudio2/app/public/images/previews/bhk.svg
Generating preview for Constrained layout...
  -> Saved to /home/chris/projects/ts-boardstudio2/app/public/images/previews/constrained_layout.svg
Generated previews:
a._dux.svg
absolem.svg
alpha.svg
atreus.svg
bhk.svg
column_layout.svg
constrained_layout.svg
corney_island.svg
curly-45.svg
imported_pcb.svg
irregular_thumbs.svg
physical_stack.svg
plank.svg
reviung41.svg
split_layout.svg
starter.svg
sweep-like.svg
tiny20.svg
wubbo.svg
$ vite build
vite v5.4.21 building for production...
<script src="/boardstudio/dependencies/maker.js"> in "/index.html" can't be bundled without type="module" attribute
<script src="/boardstudio/dependencies/bezier.js"> in "/index.html" can't be bundled without type="module" attribute
<script src="/boardstudio/dependencies/hull.js"> in "/index.html" can't be bundled without type="module" attribute
<script src="/boardstudio/dependencies/kle.js"> in "/index.html" can't be bundled without type="module" attribute
transforming...

new URL("./",import.meta.url) doesn't exist at build time, it will remain unchanged to be resolved at runtime. If this is intended, you can use the /* @vite-ignore */ comment to suppress this warning.
[plugin:vite:resolve] [plugin vite:resolve] Module "module" has been externalized for browser compatibility, imported by "/home/chris/projects/ts-boardstudio2/node_modules/.pnpm/@salusoft89+planegcs@1.2.0/node_modules/@salusoft89/planegcs/dist/planegcs_dist/planegcs.js". See https://vite.dev/guide/troubleshooting.html#module-externalized-for-browser-compatibility for more details.
[plugin:vite:resolve] [plugin vite:resolve] Module "node:module" has been externalized for browser compatibility, imported by "/home/chris/projects/ts-boardstudio2/node_modules/.pnpm/replicad-opencascadejs@1.1.0/node_modules/replicad-opencascadejs/dist/replicad_single.js". See https://vite.dev/guide/troubleshooting.html#module-externalized-for-browser-compatibility for more details.
[plugin:vite:resolve] [plugin vite:resolve] Module "node:module" has been externalized for browser compatibility, imported by "/home/chris/projects/ts-boardstudio2/node_modules/.pnpm/replicad-opencascadejs@1.1.0/node_modules/replicad-opencascadejs/dist/replicad_single.js". See https://vite.dev/guide/troubleshooting.html#module-externalized-for-browser-compatibility for more details.
[plugin:vite:resolve] [plugin vite:resolve] Module "node:module" has been externalized for browser compatibility, imported by "/home/chris/projects/ts-boardstudio2/node_modules/.pnpm/replicad-opencascadejs@1.1.0/node_modules/replicad-opencascadejs/dist/replicad_single.js". See https://vite.dev/guide/troubleshooting.html#module-externalized-for-browser-compatibility for more details.
[plugin:vite:resolve] [plugin vite:resolve] Module "module" has been externalized for browser compatibility, imported by "/home/chris/projects/ts-boardstudio2/node_modules/.pnpm/@salusoft89+planegcs@1.2.0/node_modules/@salusoft89/planegcs/dist/planegcs_dist/planegcs.js". See https://vite.dev/guide/troubleshooting.html#module-externalized-for-browser-compatibility for more details.
../node_modules/.pnpm/makerjs@0.18.1/node_modules/makerjs/dist/index.js (66:24): Use of eval in "../node_modules/.pnpm/makerjs@0.18.1/node_modules/makerjs/dist/index.js" is strongly discouraged as it poses security risks and may cause issues with minification.
[plugin:vite:resolve] [plugin vite:resolve] Module "node:module" has been externalized for browser compatibility, imported by "/home/chris/projects/ts-boardstudio2/node_modules/.pnpm/replicad-opencascadejs@1.1.0/node_modules/replicad-opencascadejs/dist/replicad_single.js". See https://vite.dev/guide/troubleshooting.html#module-externalized-for-browser-compatibility for more details.
Terminated
[ELIFECYCLE] Command failed with exit code 143.
[ELIFECYCLE] Command failed with exit code 143.
