[2m[WebServer] [22m(node:2056539) Warning: The 'NO_COLOR' env is ignored due to the 'FORCE_COLOR' env being set.
[2m[WebServer] [22m(Use `node --trace-warnings ...` to show where the warning was created)
[2m[WebServer] [22m(node:2056569) Warning: The 'NO_COLOR' env is ignored due to the 'FORCE_COLOR' env being set.
[2m[WebServer] [22m(Use `node --trace-warnings ...` to show where the warning was created)

Running 193 tests using 2 workers

(node:2056615) Warning: The 'NO_COLOR' env is ignored due to the 'FORCE_COLOR' env being set.
(Use `node --trace-warnings ...` to show where the warning was created)
(node:2056616) Warning: The 'NO_COLOR' env is ignored due to the 'FORCE_COLOR' env being set.
(Use `node --trace-warnings ...` to show where the warning was created)
(node:2056616) Warning: The 'NO_COLOR' env is ignored due to the 'FORCE_COLOR' env being set.
(Use `node --trace-warnings ...` to show where the warning was created)
(node:2056615) Warning: The 'NO_COLOR' env is ignored due to the 'FORCE_COLOR' env being set.
(Use `node --trace-warnings ...` to show where the warning was created)
  ✘    2 [chromium] › e2e/bhk-matrix.spec.ts:9:7 › edits BHK rows and columns at 1440px (7.3s)
(node:2057026) Warning: The 'NO_COLOR' env is ignored due to the 'FORCE_COLOR' env being set.
(Use `node --trace-warnings ...` to show where the warning was created)
(node:2057026) Warning: The 'NO_COLOR' env is ignored due to the 'FORCE_COLOR' env being set.
(Use `node --trace-warnings ...` to show where the warning was created)
  ✘    3 [chromium] › e2e/bhk-matrix.spec.ts:9:7 › edits BHK rows and columns at 390px (6.6s)
(node:2057132) Warning: The 'NO_COLOR' env is ignored due to the 'FORCE_COLOR' env being set.
(Use `node --trace-warnings ...` to show where the warning was created)
(node:2057132) Warning: The 'NO_COLOR' env is ignored due to the 'FORCE_COLOR' env being set.
(Use `node --trace-warnings ...` to show where the warning was created)
  ✘    1 [chromium] › e2e/app.spec.ts:4:5 › creates a matrix draft and previews its PCB (30.1s)
[31mTesting stopped early after 3 maximum allowed failures.[39m
  ✘    4 [chromium] › e2e/bhk.spec.ts:9:5 › loads the BHK example and regenerates it offline (14.9s)


  1) [chromium] › e2e/app.spec.ts:4:5 › creates a matrix draft and previews its PCB ────────────────

    [31mTest timeout of 30000ms exceeded.[39m

    Error: locator.click: Test timeout of 30000ms exceeded.
    Call log:
    [2m  - waiting for getByRole('button', { name: 'New native design', exact: true })[22m


       at utils/studio.ts:76

      74 |   await page
      75 |     .getByRole('button', { name: 'New native design', exact: true })
    > 76 |     .click();
         |      ^
      77 |   await page.getByRole('button', { name: 'Apply setup', exact: true }).click();
      78 |   await expect(studio(page)).toBeVisible();
      79 | }
        at createDraft (/home/chris/projects/ts-boardstudio2/app/e2e/utils/studio.ts:76:6)
        at /home/chris/projects/ts-boardstudio2/app/e2e/app.spec.ts:6:20

    Error Context: test-results/app-creates-a-matrix-draft-and-previews-its-PCB-chromium/error-context.md

  2) [chromium] › e2e/bhk-matrix.spec.ts:9:7 › edits BHK rows and columns at 1440px ────────────────

    Error: [2mexpect([22m[31mlocator[39m[2m).[22mtoBeVisible[2m([22m[2m)[22m failed

    Locator: getByRole('button', { name: 'Add key in column 7' })
    Expected: visible
    Timeout: 5000ms
    Error: element(s) not found

    Call log:
    [2m  - Expect "toBeVisible" with timeout 5000ms[22m
    [2m  - waiting for getByRole('button', { name: 'Add key in column 7' })[22m


      37 |     await expect(
      38 |       page.getByRole('button', { name: 'Add key in column 7' })
    > 39 |     ).toBeVisible();
         |       ^
      40 |     await page.getByLabel('Relative x', { exact: true }).fill('1');
      41 |     await page
      42 |       .getByRole('button', { name: 'Apply relative adjustment' })
        at /home/chris/projects/ts-boardstudio2/app/e2e/bhk-matrix.spec.ts:39:7

    Error Context: test-results/bhk-matrix-edits-BHK-rows-and-columns-at-1440px-chromium/error-context.md

  3) [chromium] › e2e/bhk-matrix.spec.ts:9:7 › edits BHK rows and columns at 390px ─────────────────

    Error: [2mexpect([22m[31mlocator[39m[2m).[22mtoBeVisible[2m([22m[2m)[22m failed

    Locator: getByRole('button', { name: 'Add key in column 7' })
    Expected: visible
    Timeout: 5000ms
    Error: element(s) not found

    Call log:
    [2m  - Expect "toBeVisible" with timeout 5000ms[22m
    [2m  - waiting for getByRole('button', { name: 'Add key in column 7' })[22m


      37 |     await expect(
      38 |       page.getByRole('button', { name: 'Add key in column 7' })
    > 39 |     ).toBeVisible();
         |       ^
      40 |     await page.getByLabel('Relative x', { exact: true }).fill('1');
      41 |     await page
      42 |       .getByRole('button', { name: 'Apply relative adjustment' })
        at /home/chris/projects/ts-boardstudio2/app/e2e/bhk-matrix.spec.ts:39:7

    Error Context: test-results/bhk-matrix-edits-BHK-rows-and-columns-at-390px-chromium/error-context.md

  3 failed
    [chromium] › e2e/app.spec.ts:4:5 › creates a matrix draft and previews its PCB ─────────────────
    [chromium] › e2e/bhk-matrix.spec.ts:9:7 › edits BHK rows and columns at 1440px ─────────────────
    [chromium] › e2e/bhk-matrix.spec.ts:9:7 › edits BHK rows and columns at 390px ──────────────────
  1 interrupted
    [chromium] › e2e/bhk.spec.ts:9:5 › loads the BHK example and regenerates it offline ────────────
  189 did not run
  1 error was not a part of any test, see above for details
