$ mocha -r test/helpers/register test/index.js


  1) rounds a splayed matrix cavity into closed contours
  ✔ extrudes offset arcs whose chord error is below geometric precision (490ms)
  ✔ extrudes a gasket roof with sub-tolerance offset slivers (281ms)
  Native notched matrix outline performance
    ✔ retains the explicit intersection ray when a strict bundle deletes repair options
    2) retains the exported contour without repeated repairs after a three millimetre key move


  3 passing (10s)
  2 failing

  1) rounds a splayed matrix cavity into closed contours:
     DesignError: cavity: Expected one connected region; found 2
      at fail (src/designs/geometry.js:21:50)
      at Object.validate (src/designs/geometry.js:112:9)
      at Context.<anonymous> (test/unit/rounding.js:27:20)

  2) Native notched matrix outline performance
       retains the exported contour without repeated repairs after a three millimetre key move:

      AssertionError [ERR_ASSERTION]: Expected bounded analytic offsets, observed 9 calls
      + expected - actual

      -false
      +true

      at Context.<anonymous> (test/unit/native_outline_offset.js:54:16)



[ELIFECYCLE] Test failed. See above for more details.
