$ pnpm --dir app test:release
$ node --test scripts/tests/*.test.cjs
✔ resolves engine and footprints from the shared workspace lockfile (140.124848ms)
✔ default adapters emit portable models without changing copper or nets (1499.121237ms)
✔ new releases cannot reuse the old dependency cache (212.082939ms)
✔ revisioned viewer requests use the current precache (35.13084ms)
✔ offline assets resolve under /boardstudio/ (25.040912ms)
✔ offline assets resolve under /custom/ (20.908763ms)
✔ production assets and router share the Pages path (158.356219ms)
✔ legacy preview channel preserves its storage identity (45.428182ms)
✔ browser tests serve the production artifact without reusing a server (18.094861ms)
✔ configured asset and router base overrides remain supported (27.264443ms)
✔ production converts CommonJS workspace engine modules (28.565354ms)
✔ exposes the Infused-Kim diode under its library namespace (8.973768ms)
✔ only explicit KiCad 5 produces the legacy warning (167.311316ms)
✔ Infused-Kim point debugger emits parseable reference text (5.267713ms)
✔ CI verifies the whole workspace without deployment or package publication (16.273503ms)
✔ stages verified modular sources and preserves native files (14.010189ms)
✔ rejects unlisted files before changing output (7.40615ms)
✔ rejects modified files before changing output (1.430264ms)
✔ stages a linked generator without changing its source (11.688317ms)
✔ builds outside the workspace using the resolved Rollup executable (84.604576ms)
ℹ tests 20
ℹ suites 0
ℹ pass 20
ℹ fail 0
ℹ cancelled 0
ℹ skipped 0
ℹ todo 0
ℹ duration_ms 2794.457711
