$ mocha -r test/helpers/register test/index.js


  Native notched matrix outline performance
    ✔ retains the explicit intersection ray when a strict bundle deletes repair options
    ✔ retains the exported contour without repeated repairs after a three millimetre key move (5088ms)

  SVG outline helper
    ✔ returns the upstream shape-maker contract with origin and flips
    ✔ supports a string path and mirrored anchors
    ✔ rejects open paths
    ✔ generates an injected SVG region through native designs

  Native perimeter finishing
    ✔ rounds the bridged keyboard without introducing a hole (4814ms)
    ✔ adds a tangent inside fillet without removing support
    ✔ offers straight chamfers across the inside relief tangent points
    ✔ chamfers outside clearance arcs too without cutting required clearance
    ✔ uses one diagonal across a shallow chamfered step
    ✔ keeps the same clean step when rotated and traversed in reverse (50ms)
    ✔ simplifies a short jog by intersecting its neighboring straight edges
    ✔ rejects conflicting styles and invalid dimensions at their source
    ✔ retains explicit cutouts after corner finishing
    ✔ respects the simplification limit and preserves already tangent outside arcs
    ✔ follows winding and unit expressions without rounding outside corners

  Native BHK acceptance

*******************************************************************
******        Statistics on Transfer (Write)                 ******

*******************************************************************
******        Transfer Mode = 0  I.E.  As Is       ******

******        Transferring Shape, ShapeType = 0                      ******

** WorkSession : Sending all data

 Step File Name : blob.step(8858 ents)  Write  Done


*******************************************************************
******        Statistics on Transfer (Write)                 ******

*******************************************************************
******        Transfer Mode = 0  I.E.  As Is       ******

******        Transferring Shape, ShapeType = 0                      ******

** WorkSession : Sending all data

 Step File Name : blob.step(8182 ents)  Write  Done


*******************************************************************
******        Statistics on Transfer (Write)                 ******

*******************************************************************
******        Transfer Mode = 0  I.E.  As Is       ******

******        Transferring Shape, ShapeType = 0                      ******

** WorkSession : Sending all data

 Step File Name : blob.step(23956 ents)  Write  Done


*******************************************************************
******        Statistics on Transfer (Write)                 ******

*******************************************************************
******        Transfer Mode = 0  I.E.  As Is       ******

******        Transferring Shape, ShapeType = 2                      ******

** WorkSession : Sending all data

 Step File Name : blob.step(2968 ents)  Write  Done


*******************************************************************
******        Statistics on Transfer (Write)                 ******

*******************************************************************
******        Transfer Mode = 0  I.E.  As Is       ******

******        Transferring Shape, ShapeType = 2                      ******

** WorkSession : Sending all data

 Step File Name : blob.step(350 ents)  Write  Done


*******************************************************************
******        Statistics on Transfer (Write)                 ******

*******************************************************************
******        Transfer Mode = 0  I.E.  As Is       ******

******        Transferring Shape, ShapeType = 2                      ******

** WorkSession : Sending all data

 Step File Name : blob.step(350 ents)  Write  Done


*******************************************************************
******        Statistics on Transfer (Write)                 ******

*******************************************************************
******        Transfer Mode = 0  I.E.  As Is       ******

******        Transferring Shape, ShapeType = 2                      ******

** WorkSession : Sending all data

 Step File Name : blob.step(350 ents)  Write  Done


*******************************************************************
******        Statistics on Transfer (Write)                 ******

*******************************************************************
******        Transfer Mode = 0  I.E.  As Is       ******

******        Transferring Shape, ShapeType = 2                      ******

** WorkSession : Sending all data

 Step File Name : blob.step(350 ents)  Write  Done


*******************************************************************
******        Statistics on Transfer (Write)                 ******

*******************************************************************
******        Transfer Mode = 0  I.E.  As Is       ******

******        Transferring Shape, ShapeType = 2                      ******

** WorkSession : Sending all data

 Step File Name : blob.step(350 ents)  Write  Done


*******************************************************************
******        Statistics on Transfer (Write)                 ******

*******************************************************************
******        Transfer Mode = 0  I.E.  As Is       ******

******        Transferring Shape, ShapeType = 2                      ******

** WorkSession : Sending all data

 Step File Name : blob.step(350 ents)  Write  Done


*******************************************************************
******        Statistics on Transfer (Write)                 ******

*******************************************************************
******        Transfer Mode = 0  I.E.  As Is       ******

******        Transferring Shape, ShapeType = 2                      ******

** WorkSession : Sending all data

 Step File Name : blob.step(350 ents)  Write  Done


*******************************************************************
******        Statistics on Transfer (Write)                 ******

*******************************************************************
******        Transfer Mode = 0  I.E.  As Is       ******

******        Transferring Shape, ShapeType = 2                      ******

** WorkSession : Sending all data

 Step File Name : blob.step(350 ents)  Write  Done


*******************************************************************
******        Statistics on Transfer (Write)                 ******

*******************************************************************
******        Transfer Mode = 0  I.E.  As Is       ******

******        Transferring Shape, ShapeType = 2                      ******

** WorkSession : Sending all data

 Step File Name : blob.step(350 ents)  Write  Done


*******************************************************************
******        Statistics on Transfer (Write)                 ******

*******************************************************************
******        Transfer Mode = 0  I.E.  As Is       ******

******        Transferring Shape, ShapeType = 2                      ******

** WorkSession : Sending all data

 Step File Name : blob.step(350 ents)  Write  Done


*******************************************************************
******        Statistics on Transfer (Write)                 ******

*******************************************************************
******        Transfer Mode = 0  I.E.  As Is       ******

******        Transferring Shape, ShapeType = 2                      ******

** WorkSession : Sending all data

 Step File Name : blob.step(350 ents)  Write  Done


*******************************************************************
******        Statistics on Transfer (Write)                 ******

*******************************************************************
******        Transfer Mode = 0  I.E.  As Is       ******

******        Transferring Shape, ShapeType = 2                      ******

** WorkSession : Sending all data

 Step File Name : blob.step(350 ents)  Write  Done


*******************************************************************
******        Statistics on Transfer (Write)                 ******

*******************************************************************
******        Transfer Mode = 0  I.E.  As Is       ******

******        Transferring Shape, ShapeType = 2                      ******

** WorkSession : Sending all data

 Step File Name : blob.step(350 ents)  Write  Done


*******************************************************************
******        Statistics on Transfer (Write)                 ******

*******************************************************************
******        Transfer Mode = 0  I.E.  As Is       ******

******        Transferring Shape, ShapeType = 2                      ******

** WorkSession : Sending all data

 Step File Name : blob.step(350 ents)  Write  Done


*******************************************************************
******        Statistics on Transfer (Write)                 ******

*******************************************************************
******        Transfer Mode = 0  I.E.  As Is       ******

******        Transferring Shape, ShapeType = 2                      ******

** WorkSession : Sending all data

 Step File Name : blob.step(350 ents)  Write  Done


*******************************************************************
******        Statistics on Transfer (Write)                 ******

*******************************************************************
******        Transfer Mode = 0  I.E.  As Is       ******

******        Transferring Shape, ShapeType = 2                      ******

** WorkSession : Sending all data

 Step File Name : blob.step(350 ents)  Write  Done


*******************************************************************
******        Statistics on Transfer (Write)                 ******

*******************************************************************
******        Transfer Mode = 0  I.E.  As Is       ******

******        Transferring Shape, ShapeType = 2                      ******

** WorkSession : Sending all data

 Step File Name : blob.step(350 ents)  Write  Done


*******************************************************************
******        Statistics on Transfer (Write)                 ******

*******************************************************************
******        Transfer Mode = 0  I.E.  As Is       ******

******        Transferring Shape, ShapeType = 2                      ******

** WorkSession : Sending all data

 Step File Name : blob.step(350 ents)  Write  Done


*******************************************************************
******        Statistics on Transfer (Write)                 ******

*******************************************************************
******        Transfer Mode = 0  I.E.  As Is       ******

******        Transferring Shape, ShapeType = 2                      ******

** WorkSession : Sending all data

 Step File Name : blob.step(350 ents)  Write  Done


*******************************************************************
******        Statistics on Transfer (Write)                 ******

*******************************************************************
******        Transfer Mode = 0  I.E.  As Is       ******

******        Transferring Shape, ShapeType = 2                      ******

** WorkSession : Sending all data

 Step File Name : blob.step(350 ents)  Write  Done


*******************************************************************
******        Statistics on Transfer (Write)                 ******

*******************************************************************
******        Transfer Mode = 0  I.E.  As Is       ******

******        Transferring Shape, ShapeType = 2                      ******

** WorkSession : Sending all data

 Step File Name : blob.step(350 ents)  Write  Done


*******************************************************************
******        Statistics on Transfer (Write)                 ******

*******************************************************************
******        Transfer Mode = 0  I.E.  As Is       ******

******        Transferring Shape, ShapeType = 2                      ******

** WorkSession : Sending all data

 Step File Name : blob.step(350 ents)  Write  Done


*******************************************************************
******        Statistics on Transfer (Write)                 ******

*******************************************************************
******        Transfer Mode = 0  I.E.  As Is       ******

******        Transferring Shape, ShapeType = 2                      ******

** WorkSession : Sending all data

 Step File Name : blob.step(350 ents)  Write  Done


*******************************************************************
******        Statistics on Transfer (Write)                 ******

*******************************************************************
******        Transfer Mode = 0  I.E.  As Is       ******

******        Transferring Shape, ShapeType = 2                      ******

** WorkSession : Sending all data

 Step File Name : blob.step(350 ents)  Write  Done


*******************************************************************
******        Statistics on Transfer (Write)                 ******

*******************************************************************
******        Transfer Mode = 0  I.E.  As Is       ******

******        Transferring Shape, ShapeType = 2                      ******

** WorkSession : Sending all data

 Step File Name : blob.step(350 ents)  Write  Done


*******************************************************************
******        Statistics on Transfer (Write)                 ******

*******************************************************************
******        Transfer Mode = 0  I.E.  As Is       ******

******        Transferring Shape, ShapeType = 2                      ******

** WorkSession : Sending all data

 Step File Name : blob.step(350 ents)  Write  Done


*******************************************************************
******        Statistics on Transfer (Write)                 ******

*******************************************************************
******        Transfer Mode = 0  I.E.  As Is       ******

******        Transferring Shape, ShapeType = 2                      ******

** WorkSession : Sending all data

 Step File Name : blob.step(350 ents)  Write  Done


*******************************************************************
******        Statistics on Transfer (Write)                 ******

*******************************************************************
******        Transfer Mode = 0  I.E.  As Is       ******

******        Transferring Shape, ShapeType = 2                      ******

** WorkSession : Sending all data

 Step File Name : blob.step(350 ents)  Write  Done


*******************************************************************
******        Statistics on Transfer (Write)                 ******

*******************************************************************
******        Transfer Mode = 0  I.E.  As Is       ******

******        Transferring Shape, ShapeType = 2                      ******

** WorkSession : Sending all data

 Step File Name : blob.step(350 ents)  Write  Done


*******************************************************************
******        Statistics on Transfer (Write)                 ******

*******************************************************************
******        Transfer Mode = 0  I.E.  As Is       ******

******        Transferring Shape, ShapeType = 2                      ******

** WorkSession : Sending all data

 Step File Name : blob.step(350 ents)  Write  Done


*******************************************************************
******        Statistics on Transfer (Write)                 ******

*******************************************************************
******        Transfer Mode = 0  I.E.  As Is       ******

******        Transferring Shape, ShapeType = 2                      ******

** WorkSession : Sending all data

 Step File Name : blob.step(350 ents)  Write  Done


*******************************************************************
******        Statistics on Transfer (Write)                 ******

*******************************************************************
******        Transfer Mode = 0  I.E.  As Is       ******

******        Transferring Shape, ShapeType = 2                      ******

** WorkSession : Sending all data

 Step File Name : blob.step(350 ents)  Write  Done


*******************************************************************
******        Statistics on Transfer (Write)                 ******

*******************************************************************
******        Transfer Mode = 0  I.E.  As Is       ******

******        Transferring Shape, ShapeType = 2                      ******

** WorkSession : Sending all data

 Step File Name : blob.step(350 ents)  Write  Done


*******************************************************************
******        Statistics on Transfer (Write)                 ******

*******************************************************************
******        Transfer Mode = 0  I.E.  As Is       ******

******        Transferring Shape, ShapeType = 2                      ******

** WorkSession : Sending all data

 Step File Name : blob.step(350 ents)  Write  Done


*******************************************************************
******        Statistics on Transfer (Write)                 ******

*******************************************************************
******        Transfer Mode = 0  I.E.  As Is       ******

******        Transferring Shape, ShapeType = 0                      ******


*******************************************************************
******        Statistics on Transfer (Write)                 ******

*******************************************************************
******        Transfer Mode = 0  I.E.  As Is       ******

******        Transferring Shape, ShapeType = 0                      ******


*******************************************************************
******        Statistics on Transfer (Write)                 ******

*******************************************************************
******        Transfer Mode = 0  I.E.  As Is       ******

******        Transferring Shape, ShapeType = 0                      ******


*******************************************************************
******        Statistics on Transfer (Write)                 ******

*******************************************************************
******        Transfer Mode = 0  I.E.  As Is       ******

******        Transferring Shape, ShapeType = 2                      ******


*******************************************************************
******        Statistics on Transfer (Write)                 ******

*******************************************************************
******        Transfer Mode = 0  I.E.  As Is       ******

******        Transferring Shape, ShapeType = 2                      ******


*******************************************************************
******        Statistics on Transfer (Write)                 ******

*******************************************************************
******        Transfer Mode = 0  I.E.  As Is       ******

******        Transferring Shape, ShapeType = 2                      ******


*******************************************************************
******        Statistics on Transfer (Write)                 ******

*******************************************************************
******        Transfer Mode = 0  I.E.  As Is       ******

******        Transferring Shape, ShapeType = 2                      ******


*******************************************************************
******        Statistics on Transfer (Write)                 ******

*******************************************************************
******        Transfer Mode = 0  I.E.  As Is       ******

******        Transferring Shape, ShapeType = 2                      ******


*******************************************************************
******        Statistics on Transfer (Write)                 ******

*******************************************************************
******        Transfer Mode = 0  I.E.  As Is       ******

******        Transferring Shape, ShapeType = 2                      ******


*******************************************************************
******        Statistics on Transfer (Write)                 ******

*******************************************************************
******        Transfer Mode = 0  I.E.  As Is       ******

******        Transferring Shape, ShapeType = 2                      ******


*******************************************************************
******        Statistics on Transfer (Write)                 ******

*******************************************************************
******        Transfer Mode = 0  I.E.  As Is       ******

******        Transferring Shape, ShapeType = 2                      ******


*******************************************************************
******        Statistics on Transfer (Write)                 ******

*******************************************************************
******        Transfer Mode = 0  I.E.  As Is       ******

******        Transferring Shape, ShapeType = 2                      ******


*******************************************************************
******        Statistics on Transfer (Write)                 ******

*******************************************************************
******        Transfer Mode = 0  I.E.  As Is       ******

******        Transferring Shape, ShapeType = 2                      ******


*******************************************************************
******        Statistics on Transfer (Write)                 ******

*******************************************************************
******        Transfer Mode = 0  I.E.  As Is       ******

******        Transferring Shape, ShapeType = 2                      ******


*******************************************************************
******        Statistics on Transfer (Write)                 ******

*******************************************************************
******        Transfer Mode = 0  I.E.  As Is       ******

******        Transferring Shape, ShapeType = 2                      ******


*******************************************************************
******        Statistics on Transfer (Write)                 ******

*******************************************************************
******        Transfer Mode = 0  I.E.  As Is       ******

******        Transferring Shape, ShapeType = 2                      ******


*******************************************************************
******        Statistics on Transfer (Write)                 ******

*******************************************************************
******        Transfer Mode = 0  I.E.  As Is       ******

******        Transferring Shape, ShapeType = 2                      ******


*******************************************************************
******        Statistics on Transfer (Write)                 ******

*******************************************************************
******        Transfer Mode = 0  I.E.  As Is       ******

******        Transferring Shape, ShapeType = 2                      ******


*******************************************************************
******        Statistics on Transfer (Write)                 ******

*******************************************************************
******        Transfer Mode = 0  I.E.  As Is       ******

******        Transferring Shape, ShapeType = 2                      ******


*******************************************************************
******        Statistics on Transfer (Write)                 ******

*******************************************************************
******        Transfer Mode = 0  I.E.  As Is       ******

******        Transferring Shape, ShapeType = 2                      ******


*******************************************************************
******        Statistics on Transfer (Write)                 ******

*******************************************************************
******        Transfer Mode = 0  I.E.  As Is       ******

******        Transferring Shape, ShapeType = 2                      ******


*******************************************************************
******        Statistics on Transfer (Write)                 ******

*******************************************************************
******        Transfer Mode = 0  I.E.  As Is       ******

******        Transferring Shape, ShapeType = 2                      ******


*******************************************************************
******        Statistics on Transfer (Write)                 ******

*******************************************************************
******        Transfer Mode = 0  I.E.  As Is       ******

******        Transferring Shape, ShapeType = 2                      ******


*******************************************************************
******        Statistics on Transfer (Write)                 ******

*******************************************************************
******        Transfer Mode = 0  I.E.  As Is       ******

******        Transferring Shape, ShapeType = 2                      ******


*******************************************************************
******        Statistics on Transfer (Write)                 ******

*******************************************************************
******        Transfer Mode = 0  I.E.  As Is       ******

******        Transferring Shape, ShapeType = 2                      ******


*******************************************************************
******        Statistics on Transfer (Write)                 ******

*******************************************************************
******        Transfer Mode = 0  I.E.  As Is       ******

******        Transferring Shape, ShapeType = 2                      ******


*******************************************************************
******        Statistics on Transfer (Write)                 ******

*******************************************************************
******        Transfer Mode = 0  I.E.  As Is       ******

******        Transferring Shape, ShapeType = 2                      ******


*******************************************************************
******        Statistics on Transfer (Write)                 ******

*******************************************************************
******        Transfer Mode = 0  I.E.  As Is       ******

******        Transferring Shape, ShapeType = 2                      ******


*******************************************************************
******        Statistics on Transfer (Write)                 ******

*******************************************************************
******        Transfer Mode = 0  I.E.  As Is       ******

******        Transferring Shape, ShapeType = 2                      ******


*******************************************************************
******        Statistics on Transfer (Write)                 ******

*******************************************************************
******        Transfer Mode = 0  I.E.  As Is       ******

******        Transferring Shape, ShapeType = 2                      ******


*******************************************************************
******        Statistics on Transfer (Write)                 ******

*******************************************************************
******        Transfer Mode = 0  I.E.  As Is       ******

******        Transferring Shape, ShapeType = 2                      ******


*******************************************************************
******        Statistics on Transfer (Write)                 ******

*******************************************************************
******        Transfer Mode = 0  I.E.  As Is       ******

******        Transferring Shape, ShapeType = 2                      ******


*******************************************************************
******        Statistics on Transfer (Write)                 ******

*******************************************************************
******        Transfer Mode = 0  I.E.  As Is       ******

******        Transferring Shape, ShapeType = 2                      ******


*******************************************************************
******        Statistics on Transfer (Write)                 ******

*******************************************************************
******        Transfer Mode = 0  I.E.  As Is       ******

******        Transferring Shape, ShapeType = 2                      ******


*******************************************************************
******        Statistics on Transfer (Write)                 ******

*******************************************************************
******        Transfer Mode = 0  I.E.  As Is       ******

******        Transferring Shape, ShapeType = 2                      ******


*******************************************************************
******        Statistics on Transfer (Write)                 ******

*******************************************************************
******        Transfer Mode = 0  I.E.  As Is       ******

******        Transferring Shape, ShapeType = 2                      ******


*******************************************************************
******        Statistics on Transfer (Write)                 ******

*******************************************************************
******        Transfer Mode = 0  I.E.  As Is       ******

******        Transferring Shape, ShapeType = 2                      ******


*******************************************************************
******        Statistics on Transfer (Write)                 ******

*******************************************************************
******        Transfer Mode = 0  I.E.  As Is       ******

******        Transferring Shape, ShapeType = 2                      ******

** WorkSession : Sending all data

 Step File Name : export.step(55947 ents)  Write  Done

    ✔ generates BHK CNC pockets without spurious radius blockers (26109ms)
    ✔ preserves placement, footprints and pad nets while replacing the perimeter (12154ms)


  19 passing (48s)
