$ pnpm --dir engine build && pnpm --dir app build
$ pnpm run build:schema && rollup -c
$ node scripts/build-schema.js

src/ergogen.js → dist/ergogen.js...
(!) Circular dependencies
src/utils.js -> src/assert.js -> src/utils.js
src/utils.js -> src/assert.js -> src/point.js -> src/utils.js
created dist/ergogen.js in 1.8s
$ pnpm run build-ergogen && pnpm run generate-previews
$ ./patch/patch_ergogen.sh
{"ceoloide":24,"infusedKim":15}

src/ergogen.js → dist/ergogen.js...
(!) Circular dependencies
src/utils.js -> src/assert.js -> src/utils.js
src/utils.js -> src/assert.js -> src/point.js -> src/utils.js
created dist/ergogen.js in 2s
$ ts-node --project scripts/tsconfig.json scripts/generate-previews.js
Generating preview for Starter...
  -> Saved to /home/chris/projects/ts-boardstudio2/app/public/images/previews/starter.svg
Generating preview for Column layout...
  -> Saved to /home/chris/projects/ts-boardstudio2/app/public/images/previews/column_layout.svg
Generating preview for Irregular thumbs...
  -> Saved to /home/chris/projects/ts-boardstudio2/app/public/images/previews/irregular_thumbs.svg
Generating preview for Split layout...
  -> Saved to /home/chris/projects/ts-boardstudio2/app/public/images/previews/split_layout.svg
Generating preview for Physical stack...
  -> Saved to /home/chris/projects/ts-boardstudio2/app/public/images/previews/physical_stack.svg
Generating preview for Imported PCB...
  -> Saved to /home/chris/projects/ts-boardstudio2/app/public/images/previews/imported_pcb.svg
Generating preview for BHK...
  -> Saved to /home/chris/projects/ts-boardstudio2/app/public/images/previews/bhk.svg
Generating preview for Constrained layout...
  -> Saved to /home/chris/projects/ts-boardstudio2/app/public/images/previews/constrained_layout.svg
Generated previews:
a._dux.svg
absolem.svg
alpha.svg
atreus.svg
bhk.svg
column_layout.svg
constrained_layout.svg
corney_island.svg
curly-45.svg
imported_pcb.svg
irregular_thumbs.svg
physical_stack.svg
plank.svg
reviung41.svg
split_layout.svg
starter.svg
sweep-like.svg
tiny20.svg
wubbo.svg
$ vite build
vite v5.4.21 building for production...
<script src="/boardstudio/dependencies/maker.js"> in "/index.html" can't be bundled without type="module" attribute
<script src="/boardstudio/dependencies/bezier.js"> in "/index.html" can't be bundled without type="module" attribute
<script src="/boardstudio/dependencies/hull.js"> in "/index.html" can't be bundled without type="module" attribute
<script src="/boardstudio/dependencies/kle.js"> in "/index.html" can't be bundled without type="module" attribute
transforming...

new URL("./",import.meta.url) doesn't exist at build time, it will remain unchanged to be resolved at runtime. If this is intended, you can use the /* @vite-ignore */ comment to suppress this warning.
[plugin:vite:resolve] [plugin vite:resolve] Module "module" has been externalized for browser compatibility, imported by "/home/chris/projects/ts-boardstudio2/node_modules/.pnpm/@salusoft89+planegcs@1.2.0/node_modules/@salusoft89/planegcs/dist/planegcs_dist/planegcs.js". See https://vite.dev/guide/troubleshooting.html#module-externalized-for-browser-compatibility for more details.
[plugin:vite:resolve] [plugin vite:resolve] Module "node:module" has been externalized for browser compatibility, imported by "/home/chris/projects/ts-boardstudio2/node_modules/.pnpm/replicad-opencascadejs@1.1.0/node_modules/replicad-opencascadejs/dist/replicad_single.js". See https://vite.dev/guide/troubleshooting.html#module-externalized-for-browser-compatibility for more details.

<--- Last few GCs --->

[2136949:0x250dc000]    21821 ms: Scavenge (interleaved) 2028.5 (2041.7) -> 2026.9 (2051.0) MB, pooled: 0 MB, 7.00 / 0.00 ms  (average mu = 0.314, current mu = 0.286) allocation failure; 
[2136949:0x250dc000]    22446 ms: Mark-Compact (reduce) 2034.4 (2053.0) -> 2017.6 (2037.0) MB, pooled: 0 MB, 27.15 / 0.01 ms  (+ 475.2 ms in 109 steps since start of marking, biggest step 7.0 ms, walltime since start of marking 546 ms) (average mu = 0.296
FATAL ERROR: Ineffective mark-compacts near heap limit Allocation failed - JavaScript heap out of memory
----- Native stack trace -----

 1: 0x735eec node::OOMErrorHandler(char const*, v8::OOMDetails const&) [node]
 2: 0xbafc40  [node]
 3: 0xbafd2f  [node]
 4: 0xe48825  [node]
 5: 0xe48852  [node]
 6: 0xe48b4a  [node]
 7: 0xe5906a  [node]
 8: 0xe5d410  [node]
 9: 0x18efec1  [node]
Aborted (core dumped)
[ELIFECYCLE] Command failed with exit code 134.
[ELIFECYCLE] Command failed with exit code 134.
