[2m[WebServer] [22m(node:2151417) Warning: The 'NO_COLOR' env is ignored due to the 'FORCE_COLOR' env being set.
[2m[WebServer] [22m(Use `node --trace-warnings ...` to show where the warning was created)
[2m[WebServer] [22m(node:2151432) Warning: The 'NO_COLOR' env is ignored due to the 'FORCE_COLOR' env being set.
[2m[WebServer] [22m(Use `node --trace-warnings ...` to show where the warning was created)

Running 36 tests using 1 worker

(node:2151456) Warning: The 'NO_COLOR' env is ignored due to the 'FORCE_COLOR' env being set.
(Use `node --trace-warnings ...` to show where the warning was created)
(node:2151456) Warning: The 'NO_COLOR' env is ignored due to the 'FORCE_COLOR' env being set.
(Use `node --trace-warnings ...` to show where the warning was created)
  ✓   1 [chromium] › e2e/bundled-model-export.spec.ts:28:5 › blocks export for an incompatible trackpoint extension (2.2s)
  ✓   2 [chromium] › e2e/bundled-model-export.spec.ts:60:5 › invalidates and restores export after a model compatibility edit (8.5s)
  ✓   3 [chromium] › e2e/bundled-model-export.spec.ts:256:7 › exports a koktoh/Choc_V2_Red.step default model without manual import (5.0s)
  ✓   4 [chromium] › e2e/bundled-model-export.spec.ts:256:7 › exports a infused-kim/trackpoint/TP_Red_T460S_platform_z_offset_+0.0_pcb_offset_-2.0.step default model without manual import (4.8s)
  ✓   5 [chromium] › e2e/bundled-model-export.spec.ts:256:7 › exports a infused-kim/Choc_V1_Keycap_MBK_Black_1u.step default model without manual import (4.3s)
  ✓   6 [chromium] › e2e/bundled-model-export.spec.ts:256:7 › exports a gdek/KS33.stp default model without manual import (5.2s)
  ✓   7 [chromium] › e2e/bundled-model-export.spec.ts:256:7 › exports a kicad/PinSocket_2x12_W15.24mm_Vertical.step default model without manual import (4.1s)
  ✓   8 [chromium] › e2e/bundled-model-export.spec.ts:256:7 › exports a kicad/PinSocket_1x05_P2.54mm_Vertical.step default model without manual import (2.5s)
  ✓   9 [chromium] › e2e/bundled-model-export.spec.ts:256:7 › exports a tsuki/nrf52840.step default model without manual import (2.9s)
  ✓  10 [chromium] › e2e/bundled-model-export.spec.ts:256:7 › exports a infused-kim/Switch_Reset.step default model without manual import (3.1s)
  ✓  11 [chromium] › e2e/bundled-model-export.spec.ts:256:7 › exports a kiswitch/SW_Cherry_MX_PCB.stp default model without manual import (5.3s)
  ✓  12 [chromium] › e2e/bundled-model-export.spec.ts:256:7 › exports a infused-kim/Choc_V1_Switch.step default model without manual import (4.1s)
  ✓  13 [chromium] › e2e/bundled-model-export.spec.ts:256:7 › exports a infused-kim/Nice_Nano_V2.step default model without manual import (5.0s)
  ✓  14 [chromium] › e2e/bundled-model-export.spec.ts:256:7 › exports a kicad/Panasonic_EVQPUL_EVQPUC.step default model without manual import (3.1s)
  ✓  15 [chromium] › e2e/bundled-model-export.spec.ts:256:7 › exports a foostan/OLED-Module-with-Pins.step default model without manual import (5.4s)
  ✓  16 [chromium] › e2e/bundled-model-export.spec.ts:256:7 › exports a keebio/SK6812MINI-E v1.step default model without manual import (2.9s)
  ✓  17 [chromium] › e2e/default-model-assembly.spec.ts:136:7 › builds a native assembly from the default trackpoint model (11.8s)
  ✓  18 [chromium] › e2e/default-model-assembly.spec.ts:216:7 › renders the default trackpoint assembly (10.8s)
  ✓  19 [chromium] › e2e/default-model-assembly.spec.ts:136:7 › builds a native assembly from the default Choc-solder model (8.3s)
  ✓  20 [chromium] › e2e/default-model-assembly.spec.ts:216:7 › renders the default Choc-solder assembly (10.1s)
  ✓  21 [chromium] › e2e/default-model-assembly.spec.ts:136:7 › builds a native assembly from the default KS33 model (6.5s)
  ✓  22 [chromium] › e2e/default-model-assembly.spec.ts:216:7 › renders the default KS33 assembly (8.7s)
  ✓  23 [chromium] › e2e/default-model-assembly.spec.ts:136:7 › builds a native assembly from the default infused-nano model (10.6s)
  ✓  24 [chromium] › e2e/default-model-assembly.spec.ts:216:7 › renders the default infused-nano assembly (14.9s)
  ✓  25 [chromium] › e2e/default-model-assembly.spec.ts:136:7 › builds a native assembly from the default infused-niceview model (6.6s)
  ✓  26 [chromium] › e2e/default-model-assembly.spec.ts:216:7 › renders the default infused-niceview assembly (6.9s)
  ✓  27 [chromium] › e2e/default-model-assembly.spec.ts:136:7 › builds a native assembly from the default niceview model (8.2s)
  ✓  28 [chromium] › e2e/default-model-assembly.spec.ts:216:7 › renders the default niceview assembly (7.8s)
  ✓  29 [chromium] › e2e/default-model-assembly.spec.ts:136:7 › builds a native assembly from the default reset model (8.9s)
  ✓  30 [chromium] › e2e/default-model-assembly.spec.ts:216:7 › renders the default reset assembly (12.5s)
  ✓  31 [chromium] › e2e/default-model-assembly.spec.ts:136:7 › builds a native assembly from the default Supermini model (7.6s)
  ✓  32 [chromium] › e2e/default-model-assembly.spec.ts:216:7 › renders the default Supermini assembly (33.9s)
  ✓  33 [chromium] › e2e/footprint-library.spec.ts:71:5 › imports a KiCad bundle, aligns models, links placements, and exports a portable project (40.9s)
  ✘  34 [chromium] › e2e/footprint-library.spec.ts:244:5 › assigns a model to a native BHK controller and exports the object binding (51.5s)
(node:2157982) Warning: The 'NO_COLOR' env is ignored due to the 'FORCE_COLOR' env being set.
(Use `node --trace-warnings ...` to show where the warning was created)
(node:2157982) Warning: The 'NO_COLOR' env is ignored due to the 'FORCE_COLOR' env being set.
(Use `node --trace-warnings ...` to show where the warning was created)
  ✓  35 [chromium] › e2e/footprint-parameters.spec.ts:10:5 › regenerates footprint settings and reopens saved defaults (8.0s)
  ✘  36 [chromium] › e2e/footprint-wiring.spec.ts:8:5 › blocks a raw diode junction break and restores export after repair (13.8s)


  1) [chromium] › e2e/footprint-library.spec.ts:244:5 › assigns a model to a native BHK controller and exports the object binding 

    Error: [2mexpect([22m[31mreceived[39m[2m).[22mnot[2m.[22mtoEqual[2m([22m[32mexpected[39m[2m) // deep equality[22m

    Expected: not [32m[8.89, 16.5, -8.2][39m


    Call Log:
    - Timeout 5000ms exceeded while waiting on the predicate

      321 |   await page.mouse.up();
      322 |   await inset.screenshot({ path: 'test-results/inset-after-drag.png' });
    > 323 |   await expect
          |   ^
      324 |     .poll(
      325 |       async () =>
      326 |         parse(await readSource(page)).layout.objects.mcu.models[0].offset
        at /home/chris/projects/ts-boardstudio2/app/e2e/footprint-library.spec.ts:323:3

    Error Context: test-results/footprint-library-assigns--71080--exports-the-object-binding-chromium/error-context.md

  2) [chromium] › e2e/footprint-wiring.spec.ts:8:5 › blocks a raw diode junction break and restores export after repair 

    Error: Timeout 5000ms exceeded while waiting on the predicate

      54 |     exact: true,
      55 |   });
    > 56 |   await expect(download).toBeEnabled({ timeout: TIMEOUT });
         |   ^
      57 |
      58 |   await openCode(page);
      59 |   const edit = (source: string) =>
        at /home/chris/projects/ts-boardstudio2/app/e2e/footprint-wiring.spec.ts:56:3

    Error Context: test-results/footprint-wiring-blocks-a--2a64f-estores-export-after-repair-chromium/error-context.md

  2 failed
    [chromium] › e2e/footprint-library.spec.ts:244:5 › assigns a model to a native BHK controller and exports the object binding 
    [chromium] › e2e/footprint-wiring.spec.ts:8:5 › blocks a raw diode junction break and restores export after repair 
  34 passed (6.1m)
