[2m[WebServer] [22m(node:2255156) Warning: The 'NO_COLOR' env is ignored due to the 'FORCE_COLOR' env being set.
[2m[WebServer] [22m(Use `node --trace-warnings ...` to show where the warning was created)
[2m[WebServer] [22m(node:2255168) Warning: The 'NO_COLOR' env is ignored due to the 'FORCE_COLOR' env being set.
[2m[WebServer] [22m(Use `node --trace-warnings ...` to show where the warning was created)

Running 1 test using 1 worker

(node:2255191) Warning: The 'NO_COLOR' env is ignored due to the 'FORCE_COLOR' env being set.
(Use `node --trace-warnings ...` to show where the warning was created)
(node:2255191) Warning: The 'NO_COLOR' env is ignored due to the 'FORCE_COLOR' env being set.
(Use `node --trace-warnings ...` to show where the warning was created)
  ✘  1 [chromium] › e2e/studio-performance.spec.ts:24:5 › measures real keyboard editing response and source correctness (10.2m)


  1) [chromium] › e2e/studio-performance.spec.ts:24:5 › measures real keyboard editing response and source correctness 

    [31mTest timeout of 600000ms exceeded.[39m

    Error: page.evaluate: Target page, context or browser has been closed

      231 |     await writeFile(
      232 |       resolve(output, 'worker-packets.json'),
    > 233 |       JSON.stringify(await page.evaluate(() => window.studioPackets), null, 2)
          |                                 ^
      234 |     );
      235 |     await writeFile(
      236 |       resolve(output, 'last-source.yaml'),
        at /home/chris/projects/ts-boardstudio2-performance-refactor/app/e2e/studio-performance.spec.ts:233:33

    Error Context: ../.omo/evidence/performance-responsiveness-refactor/baseline-run/studio-performance-measure-1f861-onse-and-source-correctness-chromium/error-context.md

    attachment #2: trace (application/zip) ─────────────────────────────────────────────────────────
    ../.omo/evidence/performance-responsiveness-refactor/baseline-run/studio-performance-measure-1f861-onse-and-source-correctness-chromium/trace.zip
    Usage:

        pnpm exec playwright show-trace ../.omo/evidence/performance-responsiveness-refactor/baseline-run/studio-performance-measure-1f861-onse-and-source-correctness-chromium/trace.zip

    ────────────────────────────────────────────────────────────────────────────────────────────────

  Slow test file: [chromium] › e2e/studio-performance.spec.ts (10.2m)
  Consider running tests from slow files in parallel. See: https://playwright.dev/docs/test-parallel
  1 failed
    [chromium] › e2e/studio-performance.spec.ts:24:5 › measures real keyboard editing response and source correctness 
