[2m[WebServer] [22m(node:2301482) Warning: The 'NO_COLOR' env is ignored due to the 'FORCE_COLOR' env being set.
[2m[WebServer] [22m(Use `node --trace-warnings ...` to show where the warning was created)
[2m[WebServer] [22m(node:2301526) Warning: The 'NO_COLOR' env is ignored due to the 'FORCE_COLOR' env being set.
[2m[WebServer] [22m(Use `node --trace-warnings ...` to show where the warning was created)

Running 15 tests using 1 worker

(node:2301596) Warning: The 'NO_COLOR' env is ignored due to the 'FORCE_COLOR' env being set.
(Use `node --trace-warnings ...` to show where the warning was created)
(node:2301596) Warning: The 'NO_COLOR' env is ignored due to the 'FORCE_COLOR' env being set.
(Use `node --trace-warnings ...` to show where the warning was created)
  ✓   1 [chromium] › e2e/inspector-resize.spec.ts:16:7 › manual inspector and batched resizing at 1440px (11.5s)
  ✓   2 [chromium] › e2e/inspector-resize.spec.ts:16:7 › manual inspector and batched resizing at 390px (10.1s)
  ✓   3 [chromium] › e2e/outline-recovery.spec.ts:39:5 › creates, moves, and rebuilds a matrix outline as one undoable edit (10.7s)
  ✓   4 [chromium] › e2e/outline-recovery.spec.ts:95:5 › repairs an imported legacy component region only on request and undoes exactly (3.5s)
  ✓   5 [chromium] › e2e/snapping-disclosure.spec.ts:12:7 › snapping folds below its tool and fits at 1440px (3.0s)
  ✓   6 [chromium] › e2e/snapping-disclosure.spec.ts:12:7 › snapping folds below its tool and fits at 390px (2.4s)
  ✓   7 [chromium] › e2e/snapping-disclosure.spec.ts:12:7 › snapping folds below its tool and fits at 320px (2.3s)
  ✓   8 [chromium] › e2e/snapping-disclosure.spec.ts:12:7 › snapping folds below its tool and fits at 844px (2.4s)
  ✓   9 [chromium] › e2e/studio-continuous.spec.ts:98:5 › persists rapid moves through delayed analysis, undo and reload (6.9s)
  ✘  10 [chromium] › e2e/studio-continuous.spec.ts:164:5 › keeps drags, nudges and inspector edits through delayed outline updates (18.4s)
(node:2302699) Warning: The 'NO_COLOR' env is ignored due to the 'FORCE_COLOR' env being set.
(Use `node --trace-warnings ...` to show where the warning was created)
(node:2302699) Warning: The 'NO_COLOR' env is ignored due to the 'FORCE_COLOR' env being set.
(Use `node --trace-warnings ...` to show where the warning was created)
  ✓  11 [chromium] › e2e/studio-continuous.spec.ts:290:5 › freezes exact contours across reload and rebuilds while remaining frozen (9.8s)
  ✓  12 [chromium] › e2e/workbench-layout.spec.ts:12:7 › keeps outline controls clear of canvas tools at 1440px (3.8s)
  ✓  13 [chromium] › e2e/workbench-layout.spec.ts:12:7 › keeps outline controls clear of canvas tools at 390px (4.1s)
  ✓  14 [chromium] › e2e/workbench-layout.spec.ts:12:7 › keeps outline controls clear of canvas tools at 320px (4.2s)
  ✓  15 [chromium] › e2e/workbench-layout.spec.ts:12:7 › keeps outline controls clear of canvas tools at 844px (4.2s)


  1) [chromium] › e2e/studio-continuous.spec.ts:164:5 › keeps drags, nudges and inspector edits through delayed outline updates 

    Error: [2mexpect([22m[31mlocator[39m[2m).[22mtoBeVisible[2m([22m[2m)[22m failed

    Locator: getByRole('group', { name: 'Interactive board layout' }).locator(':scope > g[transform="scale(1,-1)"][pointer-events="none"]')
    Expected: visible
    Timeout: 5000ms
    Error: element(s) not found

    Call log:
    [2m  - Expect "toBeVisible" with timeout 5000ms[22m
    [2m  - waiting for getByRole('group', { name: 'Interactive board layout' }).locator(':scope > g[transform="scale(1,-1)"][pointer-events="none"]')[22m


      24 | async function visibleOutline(page: Page) {
      25 |   // Horizontal SVG segments have zero-height bounds; inspect their enclosing drawing.
    > 26 |   await expect(outline(page)).toBeVisible();
         |                               ^
      27 |   await expect(outline(page).locator('polyline').first()).toHaveAttribute(
      28 |     'points',
      29 |     /[-\d.]+,[-\d.]+/
        at visibleOutline (/home/chris/projects/ts-boardstudio2-performance-refactor/app/e2e/studio-continuous.spec.ts:26:31)
        at /home/chris/projects/ts-boardstudio2-performance-refactor/app/e2e/studio-continuous.spec.ts:278:9

    Error Context: ../.omo/evidence/performance-responsiveness-refactor/final-f3-browser-bfa/studio-continuous-keeps-dr-02a59-ugh-delayed-outline-updates-chromium/error-context.md

    attachment #2: trace (application/zip) ─────────────────────────────────────────────────────────
    ../.omo/evidence/performance-responsiveness-refactor/final-f3-browser-bfa/studio-continuous-keeps-dr-02a59-ugh-delayed-outline-updates-chromium/trace.zip
    Usage:

        pnpm exec playwright show-trace ../.omo/evidence/performance-responsiveness-refactor/final-f3-browser-bfa/studio-continuous-keeps-dr-02a59-ugh-delayed-outline-updates-chromium/trace.zip

    ────────────────────────────────────────────────────────────────────────────────────────────────

  1 failed
    [chromium] › e2e/studio-continuous.spec.ts:164:5 › keeps drags, nudges and inspector edits through delayed outline updates 
  14 passed (1.8m)
