[2m[WebServer] [22m(node:2258354) Warning: The 'NO_COLOR' env is ignored due to the 'FORCE_COLOR' env being set.
[2m[WebServer] [22m(Use `node --trace-warnings ...` to show where the warning was created)
[2m[WebServer] [22m(node:2258366) Warning: The 'NO_COLOR' env is ignored due to the 'FORCE_COLOR' env being set.
[2m[WebServer] [22m(Use `node --trace-warnings ...` to show where the warning was created)

Running 1 test using 1 worker

(node:2258389) Warning: The 'NO_COLOR' env is ignored due to the 'FORCE_COLOR' env being set.
(Use `node --trace-warnings ...` to show where the warning was created)
(node:2258389) Warning: The 'NO_COLOR' env is ignored due to the 'FORCE_COLOR' env being set.
(Use `node --trace-warnings ...` to show where the warning was created)
  ✘  1 [chromium] › e2e/studio-performance.spec.ts:24:5 › measures real keyboard editing response and source correctness (7.7s)


  1) [chromium] › e2e/studio-performance.spec.ts:24:5 › measures real keyboard editing response and source correctness 

    Error: [2mexpect([22m[31mlocator[39m[2m).[22mtoHaveCount[2m([22m[32mexpected[39m[2m)[22m failed

    Locator:  getByRole('button', { name: /^Select fingers_c\d+_r\d+$/ })
    Expected: [32m60[39m
    Received: [31m0[39m
    Timeout:  5000ms

    Call log:
    [2m  - Expect "toHaveCount" with timeout 5000ms[22m
    [2m  - waiting for getByRole('button', { name: /^Select fingers_c\d+_r\d+$/ })[22m
    [2m    9 × locator resolved to 0 elements[22m
    [2m      - unexpected value "0"[22m


      42 |   try {
      43 |     await page.goto('./');
    > 44 |     await expect(keys(page)).toHaveCount(total);
         |                              ^
      45 |     await settle(page);
      46 |     await page
      47 |       .getByRole('button', { name: 'Select Objects', exact: true })
        at /home/chris/projects/ts-boardstudio2-performance-refactor/app/e2e/studio-performance.spec.ts:44:30

    Error Context: ../.omo/evidence/performance-responsiveness-refactor/invalid-run-artifacts/studio-performance-measure-1f861-onse-and-source-correctness-chromium/error-context.md

    attachment #2: trace (application/zip) ─────────────────────────────────────────────────────────
    ../.omo/evidence/performance-responsiveness-refactor/invalid-run-artifacts/studio-performance-measure-1f861-onse-and-source-correctness-chromium/trace.zip
    Usage:

        pnpm exec playwright show-trace ../.omo/evidence/performance-responsiveness-refactor/invalid-run-artifacts/studio-performance-measure-1f861-onse-and-source-correctness-chromium/trace.zip

    ────────────────────────────────────────────────────────────────────────────────────────────────

  1 failed
    [chromium] › e2e/studio-performance.spec.ts:24:5 › measures real keyboard editing response and source correctness 
