[2m[WebServer] [22m(node:2277949) Warning: The 'NO_COLOR' env is ignored due to the 'FORCE_COLOR' env being set.
[2m[WebServer] [22m(Use `node --trace-warnings ...` to show where the warning was created)
[2m[WebServer] [22m(node:2277961) Warning: The 'NO_COLOR' env is ignored due to the 'FORCE_COLOR' env being set.
[2m[WebServer] [22m(Use `node --trace-warnings ...` to show where the warning was created)

Running 15 tests using 1 worker

(node:2277987) Warning: The 'NO_COLOR' env is ignored due to the 'FORCE_COLOR' env being set.
(Use `node --trace-warnings ...` to show where the warning was created)
(node:2277987) Warning: The 'NO_COLOR' env is ignored due to the 'FORCE_COLOR' env being set.
(Use `node --trace-warnings ...` to show where the warning was created)
  ✓   1 [chromium] › e2e/inspector-resize.spec.ts:16:7 › manual inspector and batched resizing at 1440px (12.9s)
  ✓   2 [chromium] › e2e/inspector-resize.spec.ts:16:7 › manual inspector and batched resizing at 390px (12.1s)
  ✓   3 [chromium] › e2e/outline-recovery.spec.ts:39:5 › creates, moves, and rebuilds a matrix outline as one undoable edit (11.9s)
  ✓   4 [chromium] › e2e/outline-recovery.spec.ts:95:5 › repairs an imported legacy component region only on request and undoes exactly (5.8s)
  ✓   5 [chromium] › e2e/snapping-disclosure.spec.ts:12:7 › snapping folds below its tool and fits at 1440px (4.2s)
  ✓   6 [chromium] › e2e/snapping-disclosure.spec.ts:12:7 › snapping folds below its tool and fits at 390px (3.0s)
  ✓   7 [chromium] › e2e/snapping-disclosure.spec.ts:12:7 › snapping folds below its tool and fits at 320px (2.9s)
  ✓   8 [chromium] › e2e/snapping-disclosure.spec.ts:12:7 › snapping folds below its tool and fits at 844px (2.9s)
  ✓   9 [chromium] › e2e/studio-continuous.spec.ts:98:5 › persists rapid moves through delayed analysis, undo and reload (9.8s)
  ✘  10 [chromium] › e2e/studio-continuous.spec.ts:164:5 › keeps drags, nudges and inspector edits through delayed outline updates (21.6s)
(node:2278678) Warning: The 'NO_COLOR' env is ignored due to the 'FORCE_COLOR' env being set.
(Use `node --trace-warnings ...` to show where the warning was created)
(node:2278678) Warning: The 'NO_COLOR' env is ignored due to the 'FORCE_COLOR' env being set.
(Use `node --trace-warnings ...` to show where the warning was created)
  ✓  11 [chromium] › e2e/studio-continuous.spec.ts:290:5 › freezes exact contours across reload and rebuilds while remaining frozen (11.4s)
  ✓  12 [chromium] › e2e/workbench-layout.spec.ts:12:7 › keeps outline controls clear of canvas tools at 1440px (5.2s)
  ✓  13 [chromium] › e2e/workbench-layout.spec.ts:12:7 › keeps outline controls clear of canvas tools at 390px (4.8s)
  ✓  14 [chromium] › e2e/workbench-layout.spec.ts:12:7 › keeps outline controls clear of canvas tools at 320px (5.5s)
