2026-09-20T21:24:49-04:00
[33mThe CJS build of Vite's Node API is deprecated. See https://vite.dev/guide/troubleshooting.html#vite-cjs-node-api-deprecated for more details.[39m

 RUN  v2.1.9 /home/chris/projects/ts-boardstudio2-performance-refactor/app

 ✓ src/utils/projectHistory.test.ts > shares source history across code and visual commands
 ✓ src/utils/projectHistory.test.ts > keeps an invalid source draft recoverable and resets between projects
 ✓ src/utils/projectHistory.test.ts > amends only the originating revision without an extra undo step
 ✓ src/utils/projectHistory.test.ts > rejects amendments after undo, reset, and newer edits
 ✓ src/utils/resizeSpacing.test.ts > makes room for a 1.5u c1 column
 ✓ src/utils/resizeSpacing.test.ts > makes room for a 1.5u c2 column
 ✓ src/utils/resizeSpacing.test.ts > makes room for a 1.5u c3 column
 ✓ src/utils/resizeSpacing.test.ts > restores spacing after repeated grow and shrink 831ms
 ✓ src/utils/resizeSpacing.test.ts > clears objects resizing including taller keys
 ✓ src/utils/resizeSpacing.test.ts > clears objects resizing including taller keys
 ✓ src/utils/resizeSpacing.test.ts > clears clusters resizing including taller keys 416ms
 ✓ src/utils/resizeSpacing.test.ts > preserves authored offset expressions across grow and shrink 632ms
 ✓ src/utils/resizeSpacing.test.ts > preserves explicit left alignment while clearing neighbours
 ✓ src/utils/resizeSpacing.test.ts > preserves explicit center alignment while clearing neighbours
 ✓ src/utils/resizeSpacing.test.ts > preserves explicit right alignment while clearing neighbours
 ✓ src/utils/resizeSpacing.test.ts > respects locked downstream columns and records an export blocker
 ✓ src/utils/resizeSpacing.test.ts > retains splay, stagger and expressions in rotated matrices 349ms
 ✓ src/utils/resizeSpacing.test.ts > keeps mirrors and attached electronics in their native relationships 411ms
 ✓ src/utils/resizeSpacing.test.ts > keeps edited generated compensation as authored placement
 ✓ src/utils/resizeSpacing.test.ts > keeps constrained spacing unchanged and records the conflict
 ✓ src/utils/resizeSpacing.test.ts > rejects an anchor shift that moves a locked attachment atomically
 ✓ src/utils/resizeSpacing.test.ts > saves size and spacing in a single undoable edit
 ✓ src/utils/resizeSpacing.test.ts > retains generated spacing when a downstream key is locked after growth 314ms
 ✓ src/utils/resizeSpacing.test.ts > reports a resized outside anchor driven by an authored constraint
 ✓ src/utils/resizeSpacing.test.ts > leaves external keys in place and reports blocked clearance

 Test Files  2 passed (2)
      Tests  25 passed (25)
   Start at  21:24:50
   Duration  7.03s (transform 248ms, setup 123ms, collect 700ms, tests 5.49s, environment 1.17s, prepare 131ms)

2026-09-20T21:24:57-04:00
