[33mThe CJS build of Vite's Node API is deprecated. See https://vite.dev/guide/troubleshooting.html#vite-cjs-node-api-deprecated for more details.[39m

 RUN  v2.1.9 /home/chris/projects/ts-boardstudio2/app

 ❯ src/utils/assemblyInterleaving.test.ts (1 test | 1 failed) 1226ms
   × keeps sequential LED chain order across interleaved assembly recipes 1225ms
     → expected [ 'fingers_c3_r1_led_out', …(2) ] to deeply equal [ 'fingers_c3_r1_led_out', …(2) ]

⎯⎯⎯⎯⎯⎯⎯ Failed Tests 1 ⎯⎯⎯⎯⎯⎯⎯

 FAIL  src/utils/assemblyInterleaving.test.ts > keeps sequential LED chain order across interleaved assembly recipes
AssertionError: expected [ 'fingers_c3_r1_led_out', …(2) ] to deeply equal [ 'fingers_c3_r1_led_out', …(2) ]

- Expected
+ Received

  Array [
    "fingers_c3_r1_led_out",
+   "fingers_c3_r2_led_out",
    "fingers_c1_r2_led_out",
-   "fingers_c2_r2_led_out",
  ]

 ❯ src/utils/assemblyInterleaving.test.ts:23:26
     21| 
     22|   // Then: the actual P4 inputs match the historical insertion order.
     23|   expect(wiring(result)).toEqual(wiring(sequential));
       |                          ^
     24| });
     25| 

⎯⎯⎯⎯⎯⎯⎯⎯⎯⎯⎯⎯⎯⎯⎯⎯⎯⎯⎯⎯⎯⎯⎯⎯[1/1]⎯

 Test Files  1 failed (1)
      Tests  1 failed (1)
   Start at  05:16:10
   Duration  2.61s (transform 177ms, setup 72ms, collect 557ms, tests 1.23s, environment 558ms, prepare 58ms)

