[33mThe CJS build of Vite's Node API is deprecated. See https://vite.dev/guide/troubleshooting.html#vite-cjs-node-api-deprecated for more details.[39m

 RUN  v2.1.9 /home/chris/projects/ts-boardstudio2-performance-refactor/app

stdout | src/context/ConfigContext.test.tsx > edits and undoes a design without a mounted code editor
Version 1 or legacy configuration detected on load. Triggering background preview generation for all configs missing a preview SVG...

stderr | src/context/ConfigContext.test.tsx > edits and undoes a design without a mounted code editor
Warning: An update to ConfigContextProvider inside a test was not wrapped in act(...).

When testing, code that causes React state updates should be wrapped into act(...):

act(() => {
  /* fire events that update state */
});
/* assert on the output */

This ensures that you're testing the behavior the user would see in the browser. Learn more at https://reactjs.org/link/wrap-tests-with-act
    at ConfigContextProvider (/home/chris/projects/ts-boardstudio2-performance-refactor/app/src/context/ConfigContext.tsx:244:3)
Warning: An update to ConfigContextProvider inside a test was not wrapped in act(...).

When testing, code that causes React state updates should be wrapped into act(...):

act(() => {
  /* fire events that update state */
});
/* assert on the output */

This ensures that you're testing the behavior the user would see in the browser. Learn more at https://reactjs.org/link/wrap-tests-with-act
    at ConfigContextProvider (/home/chris/projects/ts-boardstudio2-performance-refactor/app/src/context/ConfigContext.tsx:244:3)

stderr | src/context/ConfigContext.test.tsx > uses the native project title when creating an unnamed project
Warning: An update to ConfigContextProvider inside a test was not wrapped in act(...).

When testing, code that causes React state updates should be wrapped into act(...):

act(() => {
  /* fire events that update state */
});
/* assert on the output */

This ensures that you're testing the behavior the user would see in the browser. Learn more at https://reactjs.org/link/wrap-tests-with-act
    at ConfigContextProvider (/home/chris/projects/ts-boardstudio2-performance-refactor/app/src/context/ConfigContext.tsx:244:3)

stdout | src/context/ConfigContext.test.tsx > ConfigContextProvider > does not generate solids for native thumbnails during storage migration
Version 1 or legacy configuration detected on load. Triggering background preview generation for all configs missing a preview SVG...

 ✓ src/context/ConfigContext.test.tsx > edits and undoes a design without a mounted code editor
 ✓ src/context/ConfigContext.test.tsx > uses the native project title when creating an unnamed project
 ✓ src/context/ConfigContext.test.tsx > ConfigContextProvider > leaves native generation to the workspace on load, import and settings close
 ✓ src/context/ConfigContext.test.tsx > ConfigContextProvider > does not generate solids for native thumbnails during storage migration
stdout | src/context/ConfigContext.test.tsx > ConfigContextProvider > should fetch config from github url parameter and update the config
[useConfigLoader] Loading from URL parameter: https://github.com/ceoloide/corney-island/blob/main/ergogen/config.yaml
[GitHub] Starting fetch from URL: https://github.com/ceoloide/corney-island/blob/main/ergogen/config.yaml
Version 1 or legacy configuration detected on load. Triggering background preview generation for all configs missing a preview SVG...
[GitHub Rate Limit] Limit: unknown, Remaining: unknown, Used: unknown, Reset: unknown
[GitHub Rate Limit] Limit: unknown, Remaining: unknown, Used: unknown, Reset: unknown
[GitHub Rate Limit] Limit: unknown, Remaining: unknown, Used: unknown, Reset: unknown
[GitHub] Checking for .gitmodules file
[useConfigLoader] Fetch result: {
  configLength: 10,
  footprintsCount: 0,
  outlinesCount: 0,
  configPath: 'config.yaml',
  rateLimitWarning: undefined
}

stdout | src/context/ConfigContext.test.tsx > ConfigContextProvider > should fetch config from github url parameter without protocol and update the config
[useConfigLoader] Loading from URL parameter: github.com/ceoloide/corney-island/blob/main/ergogen/config.yaml
[GitHub] Starting fetch from URL: github.com/ceoloide/corney-island/blob/main/ergogen/config.yaml
Version 1 or legacy configuration detected on load. Triggering background preview generation for all configs missing a preview SVG...
[GitHub Rate Limit] Limit: unknown, Remaining: unknown, Used: unknown, Reset: unknown
[GitHub Rate Limit] Limit: unknown, Remaining: unknown, Used: unknown, Reset: unknown
[GitHub Rate Limit] Limit: unknown, Remaining: unknown, Used: unknown, Reset: unknown
[GitHub] Checking for .gitmodules file
[useConfigLoader] Fetch result: {
  configLength: 10,
  footprintsCount: 0,
  outlinesCount: 0,
  configPath: 'config.yaml',
  rateLimitWarning: undefined
}

stdout | src/context/ConfigContext.test.tsx > ConfigContextProvider > should load footprints from github url parameter and merge them
[useConfigLoader] Loading from URL parameter: https://github.com/ceoloide/test-repo
[GitHub] Starting fetch from URL: https://github.com/ceoloide/test-repo
Version 1 or legacy configuration detected on load. Triggering background preview generation for all configs missing a preview SVG...
[GitHub Rate Limit] Limit: unknown, Remaining: unknown, Used: unknown, Reset: unknown
[GitHub] Loaded footprint: test_footprint
[GitHub Rate Limit] Limit: unknown, Remaining: unknown, Used: unknown, Reset: unknown
[GitHub Rate Limit] Limit: unknown, Remaining: unknown, Used: unknown, Reset: unknown
[GitHub] Checking for .gitmodules file
[useConfigLoader] Fetch result: {
  configLength: 10,
  footprintsCount: 1,
  outlinesCount: 0,
  configPath: '',
  rateLimitWarning: undefined
}

 ✓ src/context/ConfigContext.test.tsx > ConfigContextProvider > should fetch config from github url parameter and update the config
 ✓ src/context/ConfigContext.test.tsx > ConfigContextProvider > should fetch config from github url parameter without protocol and update the config
 ✓ src/context/ConfigContext.test.tsx > ConfigContextProvider > should load footprints from github url parameter and merge them
 ✓ src/context/ConfigContext.test.tsx > ConfigContextProvider > STL Conversion > should batch convert JSCAD to STL when stlPreview is true
stderr | src/context/ConfigContext.test.tsx > ConfigContextProvider > Settings Panel Interaction > should inhibit auto-generation when showSettings is true
Warning: An update to ConfigContextProvider inside a test was not wrapped in act(...).

When testing, code that causes React state updates should be wrapped into act(...):

act(() => {
  /* fire events that update state */
});
/* assert on the output */

This ensures that you're testing the behavior the user would see in the browser. Learn more at https://reactjs.org/link/wrap-tests-with-act
    at ConfigContextProvider (/home/chris/projects/ts-boardstudio2-performance-refactor/app/src/context/ConfigContext.tsx:244:3)

stdout | src/context/ConfigContext.test.tsx > ConfigContextProvider > Settings Panel Interaction > should terminate the old worker, create a new one, and trigger generation when showSettings transitions from true to false
Settings panel closed. Restarting Ergogen worker to clear stale custom libraries...
Ergogen worker terminated.
Initializing fresh Ergogen worker...
Ergogen worker initialized.

stderr | src/context/ConfigContext.test.tsx > ConfigContextProvider > Settings Panel Interaction > should terminate the old worker, create a new one, and trigger generation when showSettings transitions from true to false
Warning: An update to ConfigContextProvider inside a test was not wrapped in act(...).

When testing, code that causes React state updates should be wrapped into act(...):

act(() => {
  /* fire events that update state */
});
/* assert on the output */

This ensures that you're testing the behavior the user would see in the browser. Learn more at https://reactjs.org/link/wrap-tests-with-act
    at ConfigContextProvider (/home/chris/projects/ts-boardstudio2-performance-refactor/app/src/context/ConfigContext.tsx:244:3)

stdout | src/context/ConfigContext.test.tsx > ConfigContextProvider > multi-configuration management actions > should switch between configurations and update values correctly without cross-contamination
Version 1 or legacy configuration detected on load. Triggering background preview generation for all configs missing a preview SVG...

stderr | src/context/ConfigContext.test.tsx > ConfigContextProvider > multi-configuration management actions > should switch between configurations and update values correctly without cross-contamination
Warning: An update to ConfigContextProvider inside a test was not wrapped in act(...).

When testing, code that causes React state updates should be wrapped into act(...):

act(() => {
  /* fire events that update state */
});
/* assert on the output */

This ensures that you're testing the behavior the user would see in the browser. Learn more at https://reactjs.org/link/wrap-tests-with-act
    at ConfigContextProvider (/home/chris/projects/ts-boardstudio2-performance-refactor/app/src/context/ConfigContext.tsx:244:3)

stdout | src/context/ConfigContext.test.tsx > ConfigContextProvider > multi-configuration management actions > should not allow renaming a configuration to an existing name and should set error
Version 1 or legacy configuration detected on load. Triggering background preview generation for all configs missing a preview SVG...

stderr | src/context/ConfigContext.test.tsx > ConfigContextProvider > multi-configuration management actions > should not allow renaming a configuration to an existing name and should set error
Warning: An update to ConfigContextProvider inside a test was not wrapped in act(...).

When testing, code that causes React state updates should be wrapped into act(...):

act(() => {
  /* fire events that update state */
});
/* assert on the output */

This ensures that you're testing the behavior the user would see in the browser. Learn more at https://reactjs.org/link/wrap-tests-with-act
    at ConfigContextProvider (/home/chris/projects/ts-boardstudio2-performance-refactor/app/src/context/ConfigContext.tsx:244:3)

stdout | src/context/ConfigContext.test.tsx > ConfigContextProvider > multi-configuration management actions > should convert a preview configuration into a saved configuration when savePreviewConfig is called
Version 1 or legacy configuration detected on load. Triggering background preview generation for all configs missing a preview SVG...

stderr | src/context/ConfigContext.test.tsx > ConfigContextProvider > multi-configuration management actions > should convert a preview configuration into a saved configuration when savePreviewConfig is called
Warning: An update to ConfigContextProvider inside a test was not wrapped in act(...).

When testing, code that causes React state updates should be wrapped into act(...):

act(() => {
  /* fire events that update state */
});
/* assert on the output */

This ensures that you're testing the behavior the user would see in the browser. Learn more at https://reactjs.org/link/wrap-tests-with-act
    at ConfigContextProvider (/home/chris/projects/ts-boardstudio2-performance-refactor/app/src/context/ConfigContext.tsx:244:3)

stdout | src/context/ConfigContext.test.tsx > ConfigContextProvider > multi-configuration management actions > should backup deleted configurations in ergogen:deleted-config and prune them correctly
Version 1 or legacy configuration detected on load. Triggering background preview generation for all configs missing a preview SVG...

stderr | src/context/ConfigContext.test.tsx > ConfigContextProvider > multi-configuration management actions > should backup deleted configurations in ergogen:deleted-config and prune them correctly
Warning: An update to ConfigContextProvider inside a test was not wrapped in act(...).

When testing, code that causes React state updates should be wrapped into act(...):

act(() => {
  /* fire events that update state */
});
/* assert on the output */

This ensures that you're testing the behavior the user would see in the browser. Learn more at https://reactjs.org/link/wrap-tests-with-act
    at ConfigContextProvider (/home/chris/projects/ts-boardstudio2-performance-refactor/app/src/context/ConfigContext.tsx:244:3)

stdout | src/context/ConfigContext.test.tsx > ConfigContextProvider > multi-configuration management actions > should upgrade version 1 to version 2 on load and trigger background generation for configurations missing preview SVG
Version 1 or legacy configuration detected on load. Triggering background preview generation for all configs missing a preview SVG...
Triggering background preview generation for: V1 Config

stderr | src/context/ConfigContext.test.tsx > ConfigContextProvider > multi-configuration management actions > should upgrade version 1 to version 2 on load and trigger background generation for configurations missing preview SVG
Warning: An update to ConfigContextProvider inside a test was not wrapped in act(...).

When testing, code that causes React state updates should be wrapped into act(...):

act(() => {
  /* fire events that update state */
});
/* assert on the output */

This ensures that you're testing the behavior the user would see in the browser. Learn more at https://reactjs.org/link/wrap-tests-with-act
    at ConfigContextProvider (/home/chris/projects/ts-boardstudio2-performance-refactor/app/src/context/ConfigContext.tsx:244:3)

stderr | src/context/ConfigContext.test.tsx > ConfigContextProvider > multi-configuration management actions > should process background generation worker success message and update previewSvg in local storage without triggering STL conversion
Warning: An update to ConfigContextProvider inside a test was not wrapped in act(...).

When testing, code that causes React state updates should be wrapped into act(...):

act(() => {
  /* fire events that update state */
});
/* assert on the output */

This ensures that you're testing the behavior the user would see in the browser. Learn more at https://reactjs.org/link/wrap-tests-with-act
    at ConfigContextProvider (/home/chris/projects/ts-boardstudio2-performance-refactor/app/src/context/ConfigContext.tsx:244:3)

stderr | src/context/ConfigContext.test.tsx > ConfigContextProvider > realtime config input functions > should retrieve and update the realtime config input value
Warning: An update to ConfigContextProvider inside a test was not wrapped in act(...).

When testing, code that causes React state updates should be wrapped into act(...):

act(() => {
  /* fire events that update state */
});
/* assert on the output */

This ensures that you're testing the behavior the user would see in the browser. Learn more at https://reactjs.org/link/wrap-tests-with-act
    at ConfigContextProvider (/home/chris/projects/ts-boardstudio2-performance-refactor/app/src/context/ConfigContext.tsx:244:3)

stderr | src/context/ConfigContext.test.tsx > ConfigContextProvider > GA4 Keyboard Generation Tracking & Debouncing > should debounce tracking by 5 seconds and only send the latest event
Warning: An update to ConfigContextProvider inside a test was not wrapped in act(...).

When testing, code that causes React state updates should be wrapped into act(...):

act(() => {
  /* fire events that update state */
});
/* assert on the output */

This ensures that you're testing the behavior the user would see in the browser. Learn more at https://reactjs.org/link/wrap-tests-with-act
    at ConfigContextProvider (/home/chris/projects/ts-boardstudio2-performance-refactor/app/src/context/ConfigContext.tsx:244:3)

stderr | src/context/ConfigContext.test.tsx > ConfigContextProvider > GA4 Keyboard Generation Tracking & Debouncing > should correctly chain lineages across multiple distinct generations
Warning: An update to ConfigContextProvider inside a test was not wrapped in act(...).

When testing, code that causes React state updates should be wrapped into act(...):

act(() => {
  /* fire events that update state */
});
/* assert on the output */

This ensures that you're testing the behavior the user would see in the browser. Learn more at https://reactjs.org/link/wrap-tests-with-act
    at ConfigContextProvider (/home/chris/projects/ts-boardstudio2-performance-refactor/app/src/context/ConfigContext.tsx:244:3)

stderr | src/context/ConfigContext.test.tsx > ConfigContextProvider > GA4 Keyboard Generation Tracking & Debouncing > should ignore duplicate compilation results with identical layout geometries
Warning: An update to ConfigContextProvider inside a test was not wrapped in act(...).

When testing, code that causes React state updates should be wrapped into act(...):

act(() => {
  /* fire events that update state */
});
/* assert on the output */

This ensures that you're testing the behavior the user would see in the browser. Learn more at https://reactjs.org/link/wrap-tests-with-act
    at ConfigContextProvider (/home/chris/projects/ts-boardstudio2-performance-refactor/app/src/context/ConfigContext.tsx:244:3)

stderr | src/context/ConfigContext.test.tsx > ConfigContextProvider > GA4 Keyboard Generation Tracking & Debouncing > should reset lineage when a config lifecycle action (like selectConfig) is triggered
Warning: An update to ConfigContextProvider inside a test was not wrapped in act(...).

When testing, code that causes React state updates should be wrapped into act(...):

act(() => {
  /* fire events that update state */
});
/* assert on the output */

This ensures that you're testing the behavior the user would see in the browser. Learn more at https://reactjs.org/link/wrap-tests-with-act
    at ConfigContextProvider (/home/chris/projects/ts-boardstudio2-performance-refactor/app/src/context/ConfigContext.tsx:244:3)

stdout | src/context/ConfigContext.test.tsx > ConfigContextProvider > KiCad 5 deprecation warning detection > should set deprecationWarning when a PCB uses kicad5 template and ceoloide footprint
Version 1 or legacy configuration detected on load. Triggering background preview generation for all configs missing a preview SVG...

stdout | src/context/ConfigContext.test.tsx > ConfigContextProvider > KiCad 5 deprecation warning detection > should NOT set deprecationWarning when a PCB uses kicad8 template and ceoloide footprint
Version 1 or legacy configuration detected on load. Triggering background preview generation for all configs missing a preview SVG...

stderr | src/context/ConfigContext.test.tsx > publishes a design only after every STL part succeeds
--- JSCAD worker error: Invalid tray mesh

stderr | src/context/ConfigContext.test.tsx > clears a previous generation error when creating another project
Warning: An update to ConfigContextProvider inside a test was not wrapped in act(...).

When testing, code that causes React state updates should be wrapped into act(...):

act(() => {
  /* fire events that update state */
});
/* assert on the output */

This ensures that you're testing the behavior the user would see in the browser. Learn more at https://reactjs.org/link/wrap-tests-with-act
    at ConfigContextProvider (/home/chris/projects/ts-boardstudio2-performance-refactor/app/src/context/ConfigContext.tsx:244:3)

 ✓ src/context/ConfigContext.test.tsx > ConfigContextProvider > STL Conversion > should discard stale STL results from old config versions
 ✓ src/context/ConfigContext.test.tsx > ConfigContextProvider > Settings Panel Interaction > should inhibit auto-generation when showSettings is true
 ✓ src/context/ConfigContext.test.tsx > ConfigContextProvider > Settings Panel Interaction > should terminate the old worker, create a new one, and trigger generation when showSettings transitions from true to false
 ✓ src/context/ConfigContext.test.tsx > ConfigContextProvider > multi-configuration management actions > should switch between configurations and update values correctly without cross-contamination
 ✓ src/context/ConfigContext.test.tsx > ConfigContextProvider > multi-configuration management actions > should not allow renaming a configuration to an existing name and should set error
 ✓ src/context/ConfigContext.test.tsx > ConfigContextProvider > multi-configuration management actions > should convert a preview configuration into a saved configuration when savePreviewConfig is called
 ✓ src/context/ConfigContext.test.tsx > ConfigContextProvider > multi-configuration management actions > should backup deleted configurations in ergogen:deleted-config and prune them correctly
 ✓ src/context/ConfigContext.test.tsx > ConfigContextProvider > multi-configuration management actions > should upgrade version 1 to version 2 on load and trigger background generation for configurations missing preview SVG
 ✓ src/context/ConfigContext.test.tsx > ConfigContextProvider > multi-configuration management actions > should process background generation worker success message and update previewSvg in local storage without triggering STL conversion
 ✓ src/context/ConfigContext.test.tsx > ConfigContextProvider > multi-configuration management actions > should save formatted previewSvg to the active configuration when user-initiated generation completes successfully
 ✓ src/context/ConfigContext.test.tsx > ConfigContextProvider > realtime config input functions > should retrieve and update the realtime config input value
 ✓ src/context/ConfigContext.test.tsx > ConfigContextProvider > generation injection filtering based on feature flags > should filter out outlines and templates from the worker payload when feature flags are disabled
 ✓ src/context/ConfigContext.test.tsx > ConfigContextProvider > GA4 Keyboard Generation Tracking & Debouncing > should debounce tracking by 5 seconds and only send the latest event
 ✓ src/context/ConfigContext.test.tsx > ConfigContextProvider > GA4 Keyboard Generation Tracking & Debouncing > should correctly chain lineages across multiple distinct generations
 ✓ src/context/ConfigContext.test.tsx > ConfigContextProvider > GA4 Keyboard Generation Tracking & Debouncing > should ignore duplicate compilation results with identical layout geometries
 ✓ src/context/ConfigContext.test.tsx > ConfigContextProvider > GA4 Keyboard Generation Tracking & Debouncing > should reset lineage when a config lifecycle action (like selectConfig) is triggered
 ✓ src/context/ConfigContext.test.tsx > ConfigContextProvider > GA4 Keyboard Generation Tracking & Debouncing > should flush pending events immediately on unmount
 ✓ src/context/ConfigContext.test.tsx > ConfigContextProvider > KiCad 5 deprecation warning detection > should set deprecationWarning when a PCB uses kicad5 template and ceoloide footprint
 ✓ src/context/ConfigContext.test.tsx > ConfigContextProvider > KiCad 5 deprecation warning detection > should NOT set deprecationWarning when a PCB uses kicad8 template and ceoloide footprint
 ✓ src/context/ConfigContext.test.tsx > Design generation revisions > keeps library updates from starting a full build while the CAD workspace is open
 ✓ src/context/ConfigContext.test.tsx > Design generation revisions > keeps the newest preview when workers finish out of order
 ✓ src/context/ConfigContext.test.tsx > accepts a current result after the editor saves its debounced value
 ✓ src/context/ConfigContext.test.tsx > publishes a design only after every STL part succeeds
 ✓ src/context/ConfigContext.test.tsx > adopts the case result without rebuilding the same captured draft
 ✓ src/context/ConfigContext.test.tsx > clears a previous generation error when creating another project
stderr | src/molecules/StudioCanvas.test.tsx > keeps the viewport stable while selecting a column to move
Warning: An update to StudioCanvas inside a test was not wrapped in act(...).

When testing, code that causes React state updates should be wrapped into act(...):

act(() => {
  /* fire events that update state */
});
/* assert on the output */

This ensures that you're testing the behavior the user would see in the browser. Learn more at https://reactjs.org/link/wrap-tests-with-act
    at StudioCanvas (/home/chris/projects/ts-boardstudio2-performance-refactor/app/src/molecules/StudioCanvas.tsx:35:3)

stderr | src/molecules/StudioCanvas.test.tsx > starts an object move in Select mode without changing tools
Warning: An update to StudioCanvas inside a test was not wrapped in act(...).

When testing, code that causes React state updates should be wrapped into act(...):

act(() => {
  /* fire events that update state */
});
/* assert on the output */

This ensures that you're testing the behavior the user would see in the browser. Learn more at https://reactjs.org/link/wrap-tests-with-act
    at StudioCanvas (/home/chris/projects/ts-boardstudio2-performance-refactor/app/src/molecules/StudioCanvas.tsx:35:3)

stderr | src/molecules/StudioCanvas.test.tsx > keeps the camera fixed when a dropped object changes the layout bounds
Warning: An update to StudioCanvas inside a test was not wrapped in act(...).

When testing, code that causes React state updates should be wrapped into act(...):

act(() => {
  /* fire events that update state */
});
/* assert on the output */

This ensures that you're testing the behavior the user would see in the browser. Learn more at https://reactjs.org/link/wrap-tests-with-act
    at StudioCanvas (/home/chris/projects/ts-boardstudio2-performance-refactor/app/src/molecules/StudioCanvas.tsx:35:3)

stderr | src/molecules/StudioCanvas.test.tsx > commits keyboard nudges while analysis is stale
Warning: An update to StudioCanvas inside a test was not wrapped in act(...).

When testing, code that causes React state updates should be wrapped into act(...):

act(() => {
  /* fire events that update state */
});
/* assert on the output */

This ensures that you're testing the behavior the user would see in the browser. Learn more at https://reactjs.org/link/wrap-tests-with-act
    at StudioCanvas (/home/chris/projects/ts-boardstudio2-performance-refactor/app/src/molecules/StudioCanvas.tsx:35:3)

stderr | src/molecules/StudioCanvas.test.tsx > draws each accepted draft pose while background analysis is pending
Warning: An update to StudioCanvas inside a test was not wrapped in act(...).

When testing, code that causes React state updates should be wrapped into act(...):

act(() => {
  /* fire events that update state */
});
/* assert on the output */

This ensures that you're testing the behavior the user would see in the browser. Learn more at https://reactjs.org/link/wrap-tests-with-act
    at StudioCanvas (/home/chris/projects/ts-boardstudio2-performance-refactor/app/src/molecules/StudioCanvas.tsx:35:3)
    at Draft (/home/chris/projects/ts-boardstudio2-performance-refactor/app/src/molecules/StudioCanvas.test.tsx:210:53)

stderr | src/molecules/StudioCanvas.test.tsx > opens selection controls after a click without opening them during pointer movement
Warning: An update to StudioCanvas inside a test was not wrapped in act(...).

When testing, code that causes React state updates should be wrapped into act(...):

act(() => {
  /* fire events that update state */
});
/* assert on the output */

This ensures that you're testing the behavior the user would see in the browser. Learn more at https://reactjs.org/link/wrap-tests-with-act
    at StudioCanvas (/home/chris/projects/ts-boardstudio2-performance-refactor/app/src/molecules/StudioCanvas.tsx:35:3)

stderr | src/molecules/StudioCanvas.test.tsx > preserves the chosen scope when selection changes outside the canvas
Warning: An update to StudioCanvas inside a test was not wrapped in act(...).

When testing, code that causes React state updates should be wrapped into act(...):

act(() => {
  /* fire events that update state */
});
/* assert on the output */

This ensures that you're testing the behavior the user would see in the browser. Learn more at https://reactjs.org/link/wrap-tests-with-act
    at StudioCanvas (/home/chris/projects/ts-boardstudio2-performance-refactor/app/src/molecules/StudioCanvas.tsx:35:3)

stderr | src/molecules/StudioCanvas.test.tsx > flushes the final pointer delta on release before its animation frame
Warning: An update to StudioCanvas inside a test was not wrapped in act(...).

When testing, code that causes React state updates should be wrapped into act(...):

act(() => {
  /* fire events that update state */
});
/* assert on the output */

This ensures that you're testing the behavior the user would see in the browser. Learn more at https://reactjs.org/link/wrap-tests-with-act
    at StudioCanvas (/home/chris/projects/ts-boardstudio2-performance-refactor/app/src/molecules/StudioCanvas.tsx:35:3)

stderr | src/molecules/StudioCanvas.test.tsx > selects the physical row from the canvas row tool
Warning: An update to StudioCanvas inside a test was not wrapped in act(...).

When testing, code that causes React state updates should be wrapped into act(...):

act(() => {
  /* fire events that update state */
});
/* assert on the output */

This ensures that you're testing the behavior the user would see in the browser. Learn more at https://reactjs.org/link/wrap-tests-with-act
    at StudioCanvas (/home/chris/projects/ts-boardstudio2-performance-refactor/app/src/molecules/StudioCanvas.tsx:35:3)

 ✓ src/molecules/StudioCanvas.test.tsx > keeps the viewport stable while selecting a column to move 409ms
 ✓ src/molecules/StudioCanvas.test.tsx > starts an object move in Select mode without changing tools
 ✓ src/molecules/StudioCanvas.test.tsx > keeps the camera fixed when a dropped object changes the layout bounds
 ✓ src/molecules/StudioCanvas.test.tsx > commits keyboard nudges while analysis is stale
 ✓ src/molecules/StudioCanvas.test.tsx > draws each accepted draft pose while background analysis is pending
 ✓ src/molecules/StudioCanvas.test.tsx > opens selection controls after a click without opening them during pointer movement
 ✓ src/molecules/StudioCanvas.test.tsx > preserves the chosen scope when selection changes outside the canvas
 ✓ src/molecules/StudioCanvas.test.tsx > flushes the final pointer delta on release before its animation frame
 ✓ src/molecules/StudioCanvas.test.tsx > selects the physical row from the canvas row tool
 ✓ src/utils/studioSourceBatch.test.ts > adds a row with native electronics without reparsing for every default field
 ✓ src/utils/studioSourceBatch.test.ts > reserves owned component identities before adding another named cell
 ✓ src/utils/studioSourceBatch.test.ts > initializes legacy key electronics in one insertion per new key
 ✓ src/utils/studioSourceBatch.test.ts > removes one row and its owned electronics with one source deletion pass
 ✓ src/utils/studioSourceBatch.test.ts > keeps an edited owned diode behind the resize review boundary
 ✓ src/utils/studioSourceBatch.test.ts > matches ordinary assembly application when compiling a batch of new keys
 ✓ src/utils/studioSourceBatch.test.ts > creates one loose key with native owned electronics without intermediate field edits
 ✓ src/utils/studioSourceBatch.test.ts > keeps different column recipes when a row creates multiple assembly groups
 ✓ src/utils/studioSourceBatch.test.ts > rejects batch removal when an owned component is locked
 ✓ src/utils/studioSource.test.ts > creates parametric keys and retains identities and unrelated source
 ✓ src/utils/studioSource.test.ts > blocks deleting a referenced object and edits collections locally
 ✓ src/utils/studioSource.test.ts > duplicates a selected key without changing its part or original nets
 ✓ src/utils/studioSource.test.ts > retains footprint providers when duplicating and gives keys new net identities
 ✓ src/utils/studioSource.test.ts > creates an outline selection that includes future keys
 ✓ src/utils/studioSource.test.ts > leaves component envelopes open when creating automatic outlines
 ✓ src/utils/studioSource.test.ts > allocates new footprint references when duplicating a BHK-style key
 ✓ src/utils/studioSource.test.ts > grows a matrix without restoring deliberately deleted keys
 ✓ src/utils/studioSource.test.ts > mounts a new matrix on its PCB top surface 495ms
 ✓ src/utils/studioSource.test.ts > mounts new thumb clusters and loose keys on the existing PCB layer 563ms
 ✓ src/utils/studioSource.test.ts > deletes a cluster and its own members together 542ms
 ✓ src/utils/studioSource.test.ts > protects outside references when deleting a cluster
 ✓ src/utils/studioSource.test.ts > rebuilds the current outline without leaving an invalid old boundary
 ✓ src/utils/studioSource.test.ts > preserves an explicit hole policy while rebuilding
 ✓ src/utils/studioSource.test.ts > retains layout, bridges, clearance, and corners while rebuilding
 ✓ src/utils/studioSource.test.ts > reuses generated regions so old component closing is removed on rebuild
 ✓ src/utils/studioSource.test.ts > respects a profile hole policy when its boundary has no policy
 ✓ src/utils/studioSource.test.ts > removes generated bridges with a deleted cluster but protects manual links
 ✓ src/utils/studioSource.test.ts > preserves shared automatic regions during rebuild
 ✓ src/utils/studioSource.test.ts > preserves custom selectors when rebuilding an outline
 ✓ src/utils/layoutSource.test.ts > Native layout transactions > stores local movement without replacing the driven position
 ✓ src/utils/layoutSource.test.ts > Native layout transactions > rejects edits to locked objects
 ✓ src/utils/layoutSource.test.ts > Native layout transactions > keeps fixed axes across cumulative moves
 ✓ src/utils/layoutSource.test.ts > stores a mirrored member edit in that cluster and respects the source cluster lock
 ✓ src/utils/layoutSource.test.ts > materializes only the moved alias instance
 ✓ src/utils/layoutSource.test.ts > adds movement to an aliased override without changing its source or siblings
 ✓ src/utils/layoutSource.test.ts > retains formulas and locks inherited through an alias
 ✓ src/utils/layoutSource.test.ts > resizes solver freedoms on an alias without changing its source
 ✓ src/utils/layoutSource.test.ts > keeps inspector coordinate and rotation targets fixed
 ✓ src/utils/layoutSource.test.ts > updates a model list while preserving untouched model text
 ✓ src/utils/studioOutline.test.ts > defaults Studio outlines to automatic and preserves recipes when frozen
 ✓ src/utils/studioOutline.test.ts > does not rewrite a frozen outline until automation is enabled
 ✓ src/utils/studioOutline.test.ts > preserves a custom outline even when it references a boundary
 ✓ src/utils/studioOutline.test.ts > freezes all managed features with exact curved paths and nested offsets
 ✓ src/utils/studioOutline.test.ts > protects edits to generated bridge anchors as authored geometry
 ✓ src/utils/studioOutline.test.ts > removes generated bridge ownership with its deleted object
 ✓ src/utils/studioOutline.test.ts > recognizes an exact legacy Studio recipe without relying on its names
 ✓ src/utils/studioMove.test.ts > moves a key and its selected owned component once in world axes
 ✓ src/utils/studioMove.test.ts > snaps the nearby outside component edge with a 2 mm gap
 ✓ src/utils/studioMove.test.ts > attaches with the current offset and follows a later parent move
 ✓ src/utils/studioMove.test.ts > rejects a placement cycle and locked selection atomically
 ✓ src/utils/studioMove.test.ts > preserves orientation when attaching to a rotated target
 ✓ src/utils/studioMove.test.ts > does not snap across different physical boards or distant edges
 ✓ src/utils/studioMove.test.ts > snaps rotated edges rather than an axis-aligned bounding box
 ✓ src/utils/studioMove.test.ts > refuses a flush-edge snap that would crowd another neighbour
 ✓ src/utils/studioMove.test.ts > starts a fixed movement from the visible solved placement
 ✓ src/utils/appendSourceFields.test.ts > editMappingFields > matches individual edits with "\n" source bytes
 ✓ src/utils/appendSourceFields.test.ts > editMappingFields > matches individual edits with "\r\n" source bytes
 ✓ src/utils/appendSourceFields.test.ts > editMappingFields > upserts existing and missing flow fields
 ✓ src/utils/appendSourceFields.test.ts > editMappingFields > adds a missing parent mapping
 ✓ src/utils/appendSourceFields.test.ts > editMappingFields > rejects a scalar parent
 ✓ src/utils/appendSourceFields.test.ts > editMappingFields > parses once when replacing many immediate mapping fields
 ✓ src/utils/appendSourceFields.test.ts > appendFields > appends block entries while preserving unrelated authored bytes
 ✓ src/utils/appendSourceFields.test.ts > appendFields > preserves "\n" line endings when adding block entries
 ✓ src/utils/appendSourceFields.test.ts > appendFields > preserves "\r\n" line endings when adding block entries
 ✓ src/utils/appendSourceFields.test.ts > appendFields > appends entries to flow mapping {}
 ✓ src/utils/appendSourceFields.test.ts > appendFields > appends entries to flow mapping {old: 1}
 ✓ src/utils/appendSourceFields.test.ts > appendFields > adds a missing mapping in one edit
 ✓ src/utils/appendSourceFields.test.ts > appendFields > rejects overwriting existing fields
 ✓ src/utils/appendSourceFields.test.ts > appendFields > rejects a nonmapping parent
 ✓ src/utils/appendSourceFields.test.ts > appendFields > parses the original source once for many additions
 ✓ src/hooks/useStudio.test.ts > draws each draft immediately and does not rewrite an opened document
 ✓ src/hooks/useStudio.test.ts > ignores an obsolete success after undo even when source matches again
 ✓ src/hooks/useStudio.test.ts > keeps the last outline during updates and amends only a completed request
 ✓ src/hooks/useStudio.test.ts > rejects a result after switching projects with identical source
 ✓ src/workers/studioPipeline.test.ts > publishes layout, outline, then board analysis using one solved scene
 ✓ src/workers/studioPipeline.test.ts > round-trips frozen contours through native processing and manual rebuilding
 ✓ src/utils/applyAssembly.test.ts > changes selected keys without changing their layout or neighbours 529ms
 ✓ src/utils/applyAssembly.test.ts > keeps owned components in a mirrored source cluster 603ms
 ✓ src/utils/applyAssembly.test.ts > preserves explicit switch placement until replacement is requested 667ms
 ✓ src/utils/applyAssembly.test.ts > embeds component definitions when applying to a project without them 340ms
 ✓ src/utils/applyAssembly.test.ts > keeps manual model transforms, key dimensions and footprint references
 ✓ src/utils/applyAssembly.test.ts > replaces previously managed attachments with native owned components
 ✓ src/utils/studioQueue.test.ts > coalesces edits and ignores all obsolete staged replies
 ✓ src/utils/studioQueue.test.ts > replaces a blocked worker only after its grace period
 ✓ src/utils/studioQueue.test.ts > publishes the latest edit after cancellation during grace and queue reuse
 ✓ src/utils/studioQueue.test.ts > rejects replies with mismatched revisions and retains a reusable worker
 ✓ src/workers/studioPipeline.test.ts > stops before outline publication when superseded
 ✓ src/workers/studioPipeline.test.ts > reconciles a 7 by 5 matrix plus a 2 by 2 matrix without manual recipes 4317ms
 ✓ src/workers/studioPipeline.test.ts > reconciles and freezes both boards of a linked mirror
 ✓ src/utils/studioOutlineReuse.test.ts > reuses managed region identities across repeated automatic rebuilds
 ✓ src/utils/studioOutlineReuse.test.ts > preserves shared regions while subsequent managed rebuilds remain bounded
 ✓ src/utils/studioOutlineReuse.test.ts > preserves custom regions while subsequent managed rebuilds remain bounded
 ✓ src/utils/studioOutlineReuse.test.ts > retains a region referenced by another board ownership record
 ✓ src/utils/addCellBatch.test.ts > fills only the requested native cell with its exact defaults and free identity 403ms
 ✓ src/utils/addCellBatch.test.ts > fills only the requested legacy cell with its exact defaults and free identity
 ✓ src/utils/studioDelete.test.ts > deletes a column and owned electronics while keeping other columns
 ✓ src/utils/studioDelete.test.ts > removes selected dependents before their parent as one source change
 ✓ src/utils/studioDelete.test.ts > protects locks and external references
 ✓ src/utils/studioDelete.test.ts > leaves Delete alone in editable fields and dialogs
 ✓ src/utils/studioDelete.test.ts > deletes a named row and its owned electronics while retaining other rows
 ✓ src/utils/removeSourceValues.test.ts > removeSourceValues > preserves CRLF when replacing an emptied block mapping
 ✓ src/utils/removeSourceValues.test.ts > removeSourceValues > preserves unrelated bytes when removing adjacent block fields
 ✓ src/utils/removeSourceValues.test.ts > removeSourceValues > removes flow siblings a and b with valid separators
 ✓ src/utils/removeSourceValues.test.ts > removeSourceValues > removes flow siblings b and c with valid separators
 ✓ src/utils/removeSourceValues.test.ts > removeSourceValues > removes flow siblings a and c with valid separators
 ✓ src/utils/removeSourceValues.test.ts > removeSourceValues > leaves an empty mapping when every sibling is removed
 ✓ src/utils/removeSourceValues.test.ts > removeSourceValues > leaves an empty mapping when every sibling is removed
 ✓ src/utils/removeSourceValues.test.ts > removeSourceValues > ignores nested and duplicate removals under a removed field
 ✓ src/utils/removeSourceValues.test.ts > removeSourceValues > allows deleting an anchor and its alias together
 ✓ src/utils/removeSourceValues.test.ts > removeSourceValues > rejects a dangling alias after all deletions
 ✓ src/utils/removeSourceValues.test.ts > removeSourceValues > preserves source when every requested field is absent
 ✓ src/workers/studioPipeline.stages.test.ts > solves once and reuses the same scene through both geometry stages
 ✓ src/utils/assemblyInterleaving.test.ts > keeps sequential LED chain order across interleaved assembly recipes 1681ms
 ✓ src/utils/sourceSnapshot.test.ts > keeps cached reads isolated from callers and resolves aliases
 ✓ src/utils/sourceSnapshot.test.ts > invalidates on source changes and rejects malformed YAML

 Test Files  19 passed (19)
      Tests  157 passed (157)
   Start at  20:54:18
   Duration  21.57s (transform 950ms, setup 1.09s, collect 8.62s, tests 15.31s, environment 11.96s, prepare 1.13s)

