[33mThe CJS build of Vite's Node API is deprecated. See https://vite.dev/guide/troubleshooting.html#vite-cjs-node-api-deprecated for more details.[39m

 RUN  v2.1.9 /home/chris/projects/ts-boardstudio2/app

 ❯ src/utils/layoutSource.performance.test.ts (3 tests | 2 failed) 447ms
   × creates first movement and fixed axes without parsing intermediate YAML 437ms
     → expected 2 to be 1 // Object.is equality
     → expected 5 to be less than or equal to 3
   × creates first rotation and its fixed axis without parsing intermediate YAML 4ms
     → expected 2 to be 1 // Object.is equality
     → expected 5 to be less than or equal to 3

⎯⎯⎯⎯⎯⎯⎯ Failed Tests 2 ⎯⎯⎯⎯⎯⎯⎯

 FAIL  src/utils/layoutSource.performance.test.ts > creates first movement and fixed axes without parsing intermediate YAML
AssertionError: expected 2 to be 1 // Object.is equality

- Expected
+ Received

- 1
+ 2

 ❯ src/utils/layoutSource.performance.test.ts:35:27
     33|   const matrix = resolveLayout(changed).objects.thumb.matrix;
     34|   expect([matrix[3], matrix[7], matrix[11]]).toEqual([24, 0, 0]);
     35|   expect.soft(parseCount).toBe(1);
       |                           ^
     36|   expect.soft(cloneCount).toBeLessThanOrEqual(3);
     37| });

⎯⎯⎯⎯⎯⎯⎯⎯⎯⎯⎯⎯⎯⎯⎯⎯⎯⎯⎯⎯⎯⎯⎯⎯[1/4]⎯

 FAIL  src/utils/layoutSource.performance.test.ts > creates first movement and fixed axes without parsing intermediate YAML
AssertionError: expected 5 to be less than or equal to 3
 ❯ src/utils/layoutSource.performance.test.ts:36:27
     34|   expect([matrix[3], matrix[7], matrix[11]]).toEqual([24, 0, 0]);
     35|   expect.soft(parseCount).toBe(1);
     36|   expect.soft(cloneCount).toBeLessThanOrEqual(3);
       |                           ^
     37| });
     38|

⎯⎯⎯⎯⎯⎯⎯⎯⎯⎯⎯⎯⎯⎯⎯⎯⎯⎯⎯⎯⎯⎯⎯⎯[2/4]⎯

 FAIL  src/utils/layoutSource.performance.test.ts > creates first rotation and its fixed axis without parsing intermediate YAML
AssertionError: expected 2 to be 1 // Object.is equality

- Expected
+ Received

- 1
+ 2

 ❯ src/utils/layoutSource.performance.test.ts:49:27
     47|
     48|   expect(changed).toBe(input + '        override:\n          rotate: 1…
     49|   expect.soft(parseCount).toBe(1);
       |                           ^
     50|   expect.soft(cloneCount).toBeLessThanOrEqual(3);
     51| });

⎯⎯⎯⎯⎯⎯⎯⎯⎯⎯⎯⎯⎯⎯⎯⎯⎯⎯⎯⎯⎯⎯⎯⎯[3/4]⎯

 FAIL  src/utils/layoutSource.performance.test.ts > creates first rotation and its fixed axis without parsing intermediate YAML
AssertionError: expected 5 to be less than or equal to 3
 ❯ src/utils/layoutSource.performance.test.ts:50:27
     48|   expect(changed).toBe(input + '        override:\n          rotate: 1…
     49|   expect.soft(parseCount).toBe(1);
     50|   expect.soft(cloneCount).toBeLessThanOrEqual(3);
       |                           ^
     51| });
     52|

⎯⎯⎯⎯⎯⎯⎯⎯⎯⎯⎯⎯⎯⎯⎯⎯⎯⎯⎯⎯⎯⎯⎯⎯[4/4]⎯

 Test Files  1 failed (1)
      Tests  2 failed | 1 passed (3)
   Start at  13:48:49
   Duration  1.41s (transform 75ms, setup 73ms, collect 73ms, tests 447ms, environment 563ms, prepare 61ms)
