Scope: all 4 workspace projects
✓ Lockfile passes supply-chain policies (verified 1h ago)

. postinstall$ pnpm run build-ergogen
. postinstall: $ ./patch/patch_ergogen.sh
. postinstall: {"ceoloide":24,"infusedKim":15}
. postinstall: src/ergogen.js → dist/ergogen.js...
. postinstall: (!) Circular dependencies
. postinstall: src/utils.js -> src/assert.js -> src/utils.js
. postinstall: src/utils.js -> src/assert.js -> src/point.js -> src/utils.js
. postinstall: created dist/ergogen.js in 2s
. postinstall: Done
. prepare$ husky
. prepare: .git can't be found
. prepare: Done
Done in 4.5s using pnpm v11.26.0
[WebServer] (node:1826207) Warning: The 'NO_COLOR' env is ignored due to the 'FORCE_COLOR' env being set.
[WebServer] (Use `node --trace-warnings ...` to show where the warning was created)
[WebServer] (node:1826219) Warning: The 'NO_COLOR' env is ignored due to the 'FORCE_COLOR' env being set.
[WebServer] (Use `node --trace-warnings ...` to show where the warning was created)

Running 5 tests using 1 worker

(node:1826242) Warning: The 'NO_COLOR' env is ignored due to the 'FORCE_COLOR' env being set.
(Use `node --trace-warnings ...` to show where the warning was created)
(node:1826242) Warning: The 'NO_COLOR' env is ignored due to the 'FORCE_COLOR' env being set.
(Use `node --trace-warnings ...` to show where the warning was created)
  ✓  1 [chromium] › e2e/outline-recovery.spec.ts:39:5 › creates, moves, and rebuilds a matrix outline as one undoable edit (10.0s)
  ✓  2 [chromium] › e2e/outline-recovery.spec.ts:95:5 › repairs an imported legacy component region only on request and undoes exactly (3.0s)
  ✓  3 [chromium] › e2e/studio-continuous.spec.ts:98:5 › persists rapid moves through delayed analysis, undo and reload (6.0s)
  ✓  4 [chromium] › e2e/studio-continuous.spec.ts:290:5 › freezes exact contours across reload and rebuilds while remaining frozen (9.9s)
  ✓  5 [chromium] › e2e/studio-performance.spec.ts:24:5 › measures real keyboard editing response and source correctness (1.3m)

  5 passed (1.8m)
