$ mocha -r test/helpers/register test/index.js


  ✔ assigns distinct stable KiCad identities to repeated imported placements
  ✔ supports declarative model bindings through the existing injection API (39ms)
  ✔ counts native part bindings and explicit instances (75ms)
  ✔ converts legacy inch model offsets and preserves additional model metadata
  KiCad 10
    ✔ defaults to native KiCad 10 and supports explicit selection
    ✔ preserves explicit legacy and injected templates
    ✔ normalizes routed copper and preserves numeric-looking names
    ✔ orders legacy arc coordinates for the native parser
    ✔ escapes net and board names and keeps empty nets
    ✔ normalizes zones and leaves native quoted net names intact
    ✔ rejects malformed fragments and mismatched net names
    ✔ continues to reject engine 4 configurations
    ✔ rejects unknown numeric references with board and fragment context

  Reusable footprint tools
    ✔ derives one envelope from all transformed cached models and keeps missing bounds unchecked
    ✔ groups electrical pads by number and leaves mechanical pads separate
    ✔ exports a standalone CommonJS module preserving geometry and mapped nets
    ✔ flips board layers, local coordinates and pad orientations on the back
    ✔ keeps unknown constructs but refuses unsafe transforms explicitly
    ✔ requires a unique target and preserves all unrelated bytes when binding models
    ✔ identifies a chosen emission independently of per-placement references
    ✔ updates multiple models on a routed board and accepts legacy single bindings
    ✔ wraps dynamic modules without changing their params, body branches or unrelated code

  Footprint refresh engine boundaries
    ✔ keeps F&B shorthand literal while evaluating finite numeric expressions
    ✔ rejects nonfinite and malformed explicit numeric values
    ✔ reports unresolved net metadata and preserves intentionally empty nets
    ✔ includes blank copper pads and preserves shared original net groups
    ✔ keeps unrelated blank copper pads separate and maps shared numbered pads together
    ✔ retains native backend rejection of unknown numeric net IDs
    ✔ roundtrips saved mappings for blank copper groups through native export
    ✔ exports imported copper pads to distinct native nets without stale IDs

  Footprint preview geometry
    ✔ exposes custom jumper copper and oval drill geometry independently
    ✔ converts adjacent board copper into the selected footprint local frame
    ✔ reports unsupported pad primitives and board-only zones without a fake footprint
    ✔ inspects real controller copper and holes after native engine generation (738ms)
    ✔ classifies legacy F&B copper pads without promoting NPTH holes


  35 passing (1s)

