$ pnpm --dir footprints test
$ node scripts/inventory.test.mjs && node scripts/defaultModels.test.mjs && node scripts/verify.mjs && node scripts/coverage.mjs --check && node scripts/smdModels.test.mjs && node scripts/jstModels.test.mjs && node scripts/mxModels.test.mjs && node scripts/resetTht.test.mjs && node scripts/superminiModels.test.mjs && node scripts/niceviewModels.test.mjs && node scripts/nanoAngles.test.mjs && node scripts/gateronModels.test.mjs && node scripts/trackpointModels.test.mjs && node scripts/chocModels.test.mjs && node scripts/chocV2Models.test.mjs && node scripts/chocStabilizers.test.mjs && node scripts/encoderDrills.test.mjs && node scripts/modelPaths.test.mjs && node scripts/refreshSwitches.test.mjs && node scripts/refreshControllers.test.mjs && node scripts/refreshPeripherals.test.mjs
{
  "footprints": {
    "missing": [],
    "changed": []
  },
  "models": {
    "missing": [],
    "changed": []
  },
  "invalidKeys": [],
  "unlisted": {
    "ceoloide": [],
    "infused-kim": [],
    "models": []
  },
  "invalidCandidates": [],
  "mappingsUnverified": true,
  "nonphysical": 9
}
Verified 45 model path tokens
186 native engine-generated switch cases; 0 failures
mcu_nice_nano.js: distinct-net chain ownership, allocation offsets, rotations and jumper variants passed
mcu_supermini_nrf52840.js: distinct-net chain ownership, allocation offsets, rotations and jumper variants passed
vendor/infused-kim/nice_nano_pretty.js: distinct-net chain ownership, allocation offsets, rotations and jumper variants passed
mcu_nice_nano.js: native engine output retains explicit signal/local track nets
mcu_supermini_nrf52840.js: native engine output retains explicit signal/local track nets
vendor/infused-kim/nice_nano_pretty.js: native engine output retains explicit signal/local track nets
✔ drilled diode SMD pads require reversible mode and preserve both nets when enabled (153.659506ms)
✔ six generic pads have six independent defaults and permit explicit sharing (38.238204ms)
✔ SSD1306 ground width follows the GND jumper, including inverted jumper positions (66.520991ms)
✔ Gateron rejects overlapping reversible hotswap drills (30.522384ms)
✔ Gateron custom reversible solder copper rotates with its drilled anchors (60.471025ms)
ℹ tests 5
ℹ suites 0
ℹ pass 5
ℹ fail 0
ℹ cancelled 0
ℹ skipped 0
ℹ todo 0
ℹ duration_ms 355.604912
