{
  "output": "/tmp/boardstudio-drag-runtime.HxnG8x/raw-final.json",
  "summary": {
    "distributions": {
      "pointerDownToFirstTransformMs": {
        "n": 3,
        "min": 33.10000002384186,
        "median": 49.700000047683716,
        "p95": 52.10000002384186,
        "max": 52.10000002384186
      },
      "firstMoveToFirstTransformMs": {
        "n": 3,
        "min": 23.899999976158142,
        "median": 30.300000071525574,
        "p95": 34.5,
        "max": 34.5
      },
      "pointerUpToPersistedMs": {
        "n": 3,
        "min": 98.5,
        "median": 103.10000002384186,
        "p95": 104.20000004768372,
        "max": 104.20000004768372
      },
      "pointerUpToWorkerRequestMs": {
        "n": 3,
        "min": 333.39999997615814,
        "median": 339.39999997615814,
        "p95": 340.2000000476837,
        "max": 340.2000000476837
      },
      "pointerUpToOutlineMs": {
        "n": 3,
        "min": 2798.3000000715256,
        "median": 2800.600000023842,
        "p95": 2876,
        "max": 2876
      },
      "pointerUpToWorkerTerminalMs": {
        "n": 3,
        "min": 3228.600000023842,
        "median": 3238.2999999523163,
        "p95": 3309,
        "max": 3309
      },
      "pointerUpToCommittedPolygonMs": {
        "n": 3,
        "min": 157.60000002384186,
        "median": 164.10000002384186,
        "p95": 164.89999997615814,
        "max": 164.89999997615814
      }
    },
    "attempts": {
      "total": 3,
      "sourceChanged": 3,
      "workerTerminal": 3,
      "noSourceCommit": 0
    }
  },
  "scenarios": [
    {
      "scenario": "sustained-0",
      "metrics": {
        "eventCounts": {
          "pointerdown": 1,
          "pointermove": 37,
          "pointerup": 1,
          "pointercancel": 0
        },
        "pointerDownToFirstTransformMs": 33.10000002384186,
        "firstMoveToFirstTransformMs": 23.899999976158142,
        "moveToNextTransformMs": [
          23.899999976158142,
          9.300000071525574,
          11.299999952316284,
          11.400000095367432,
          11,
          11.399999976158142,
          11.600000023841858,
          12.599999904632568,
          9,
          11.800000071525574,
          12.5,
          12.100000023841858,
          10.799999952316284,
          12.399999976158142,
          11.800000071525574,
          10.099999904632568,
          8.899999976158142,
          8.899999976158142,
          8.399999976158142,
          10.399999976158142,
          10.199999928474426,
          10.5,
          9.899999976158142,
          10.200000047683716,
          10.799999952316284,
          10.799999952316284,
          10.5,
          10.600000023841858,
          10.600000023841858,
          10.399999976158142,
          10.5,
          10.5,
          10.5,
          10.700000047683716,
          10.5,
          10.099999904632568
        ],
        "pointerUpToPersistedMs": 98.5,
        "pointerUpToWorkerRequestMs": 333.39999997615814,
        "pointerUpToOutlineMs": 2798.3000000715256,
        "pointerUpToWorkerTerminalMs": 3228.600000023842,
        "pointerUpToCommittedPolygonMs": 157.60000002384186,
        "sourceChanged": true,
        "transformChanged": true,
        "polygonChanged": true
      },
      "problems": []
    },
    {
      "scenario": "sustained-1",
      "metrics": {
        "eventCounts": {
          "pointerdown": 1,
          "pointermove": 37,
          "pointerup": 1,
          "pointercancel": 0
        },
        "pointerDownToFirstTransformMs": 52.10000002384186,
        "firstMoveToFirstTransformMs": 30.300000071525574,
        "moveToNextTransformMs": [
          30.300000071525574,
          5.5,
          4.600000023841858,
          9.200000047683716,
          11.700000047683716,
          11.300000071525574,
          11.600000023841858,
          11.600000023841858,
          11.399999976158142,
          10.600000023841858,
          10.299999952316284,
          8.299999952316284,
          9.799999952316284,
          10,
          10,
          9.700000047683716,
          9.800000071525574,
          10.199999928474426,
          9.399999976158142,
          10.099999904632568,
          10.100000023841858,
          10.299999952316284,
          9.800000071525574,
          10,
          10.100000023841858,
          9.5,
          10.399999976158142,
          10.200000047683716,
          10,
          10.299999952316284,
          10.399999976158142,
          10.100000023841858,
          10.5,
          9.299999952316284,
          9.399999976158142,
          9
        ],
        "pointerUpToPersistedMs": 104.20000004768372,
        "pointerUpToWorkerRequestMs": 340.2000000476837,
        "pointerUpToOutlineMs": 2876,
        "pointerUpToWorkerTerminalMs": 3309,
        "pointerUpToCommittedPolygonMs": 164.89999997615814,
        "sourceChanged": true,
        "transformChanged": true,
        "polygonChanged": true
      },
      "problems": []
    },
    {
      "scenario": "sustained-2",
      "metrics": {
        "eventCounts": {
          "pointerdown": 1,
          "pointermove": 37,
          "pointerup": 1,
          "pointercancel": 0
        },
        "pointerDownToFirstTransformMs": 49.700000047683716,
        "firstMoveToFirstTransformMs": 34.5,
        "moveToNextTransformMs": [
          34.5,
          7,
          9,
          9.100000023841858,
          8.899999976158142,
          9.900000095367432,
          9.200000047683716,
          9.699999928474426,
          9.800000071525574,
          9.699999928474426,
          9.5,
          8.299999952316284,
          9.899999976158142,
          9.600000023841858,
          9.800000071525574,
          9.700000047683716,
          9.700000047683716,
          10,
          9.300000071525574,
          9.699999928474426,
          9.799999952316284,
          10.100000023841858,
          10,
          9.799999952316284,
          10,
          10.199999928474426,
          9.799999952316284,
          9.799999952316284,
          10.299999952316284,
          10,
          10,
          9.799999952316284,
          9.399999976158142,
          10.200000047683716,
          10.299999952316284,
          8.800000071525574
        ],
        "pointerUpToPersistedMs": 103.10000002384186,
        "pointerUpToWorkerRequestMs": 339.39999997615814,
        "pointerUpToOutlineMs": 2800.600000023842,
        "pointerUpToWorkerTerminalMs": 3238.2999999523163,
        "pointerUpToCommittedPolygonMs": 164.10000002384186,
        "sourceChanged": true,
        "transformChanged": true,
        "polygonChanged": true
      },
      "problems": []
    },
    {
      "scenario": "rapid-regrab",
      "metrics": {
        "eventCounts": {
          "pointerdown": 2,
          "pointermove": 4,
          "pointerup": 2,
          "pointercancel": 0
        },
        "pointerDownToFirstTransformMs": 56.700000047683716,
        "firstMoveToFirstTransformMs": 36.5,
        "moveToNextTransformMs": [
          36.5,
          null,
          null
        ],
        "pointerUpToPersistedMs": null,
        "pointerUpToWorkerRequestMs": null,
        "pointerUpToOutlineMs": null,
        "pointerUpToWorkerTerminalMs": null,
        "pointerUpToCommittedPolygonMs": null,
        "sourceChanged": false,
        "transformChanged": true,
        "polygonChanged": false
      },
      "problems": [],
      "value": {
        "source": "schema: ergogen/v1\nlayout: {objects: {fingers_c1_r1: { kind: key, label: fingers_c1_r1, part: mx, pcb: main , cluster: fingers, cell: [ c1, r1 ], envelopes: { keycap: { size: [ 18, 18 ] } }, footprints: { switch: { params: { to: \"{{name}}_switch\" } } , studio_diode: { what: diode, placement: { at: [ 0, -5, 0 ] }, params: { from: \"{{name}}_switch\", to: \"{{row_net}}\" } }}}, fingers_c1_r2: { kind: key, label: fingers_c1_r2, part: mx, pcb: main , cluster: fingers, cell: [ c1, r2 ], envelopes: { keycap: { size: [ 18, 18 ] } }, footprints: { switch: { params: { to: \"{{name}}_switch\" } } , studio_diode: { what: diode, placement: { at: [ 0, -5, 0 ] }, params: { from: \"{{name}}_switch\", to: \"{{row_net}}\" } }}}, fingers_c1_r3: { kind: key, label: fingers_c1_r3, part: mx, pcb: main , cluster: fingers, cell: [ c1, r3 ], envelopes: { keycap: { size: [ 18, 18 ] } }, footprints: { switch: { params: { to: \"{{name}}_switch\" } } , studio_diode: { what: diode, placement: { at: [ 0, -5, 0 ] }, params: { from: \"{{name}}_switch\", to: \"{{row_net}}\" } }}}, fingers_c1_r4: { kind: key, label: fingers_c1_r4, part: mx, pcb: main , cluster: fingers, cell: [ c1, r4 ], envelopes: { keycap: { size: [ 18, 18 ] } }, footprints: { switch: { params: { to: \"{{name}}_switch\" } } , studio_diode: { what: diode, placement: { at: [ 0, -5, 0 ] }, params: { from: \"{{name}}_switch\", to: \"{{row_net}}\" } }}}, fingers_c1_r5: { kind: key, label: fingers_c1_r5, part: mx, pcb: main , cluster: fingers, cell: [ c1, r5 ], envelopes: { keycap: { size: [ 18, 18 ] } }, footprints: { switch: { params: { to: \"{{name}}_switch\" } } , studio_diode: { what: diode, placement: { at: [ 0, -5, 0 ] }, params: { from: \"{{name}}_switch\", to: \"{{row_net}}\" } }}}, fingers_c1_r6: { kind: key, label: fingers_c1_r6, part: mx, pcb: main , cluster: fingers, cell: [ c1, r6 ], envelopes: { keycap: { size: [ 18, 18 ] } }, footprints: { switch: { params: { to: \"{{name}}_switch\" } } , studio_diode: { what: diode, placement: { at: [ 0, -5, 0 ] }, params: { from: \"{{name}}_switch\", to: \"{{row_net}}\" } }}}, fingers_c2_r1: { kind: key, label: fingers_c2_r1, part: mx, pcb: main , cluster: fingers, cell: [ c2, r1 ], envelopes: { keycap: { size: [ 18, 18 ] } }, footprints: { switch: { params: { to: \"{{name}}_switch\" } } , studio_diode: { what: diode, placement: { at: [ 0, -5, 0 ] }, params: { from: \"{{name}}_switch\", to: \"{{row_net}}\" } }}}, fingers_c2_r2: { kind: key, label: fingers_c2_r2, part: mx, pcb: main , cluster: fingers, cell: [ c2, r2 ], envelopes: { keycap: { size: [ 18, 18 ] } }, footprints: { switch: { params: { to: \"{{name}}_switch\" } } , studio_diode: { what: diode, placement: { at: [ 0, -5, 0 ] }, params: { from: \"{{name}}_switch\", to: \"{{row_net}}\" } }}}, fingers_c2_r3: { kind: key, label: fingers_c2_r3, part: mx, pcb: main , cluster: fingers, cell: [ c2, r3 ], envelopes: { keycap: { size: [ 18, 18 ] } }, footprints: { switch: { params: { to: \"{{name}}_switch\" } } , studio_diode: { what: diode, placement: { at: [ 0, -5, 0 ] }, params: { from: \"{{name}}_switch\", to: \"{{row_net}}\" } }}}, fingers_c2_r4: { kind: key, label: fingers_c2_r4, part: mx, pcb: main , cluster: fingers, cell: [ c2, r4 ], envelopes: { keycap: { size: [ 18, 18 ] } }, footprints: { switch: { params: { to: \"{{name}}_switch\" } } , studio_diode: { what: diode, placement: { at: [ 0, -5, 0 ] }, params: { from: \"{{name}}_switch\", to: \"{{row_net}}\" } }}}, fingers_c2_r5: { kind: key, label: fingers_c2_r5, part: mx, pcb: main , cluster: fingers, cell: [ c2, r5 ], envelopes: { keycap: { size: [ 18, 18 ] } }, footprints: { switch: { params: { to: \"{{name}}_switch\" } } , studio_diode: { what: diode, placement: { at: [ 0, -5, 0 ] }, params: { from: \"{{name}}_switch\", to: \"{{row_net}}\" } }}}, fingers_c2_r6: { kind: key, label: fingers_c2_r6, part: mx, pcb: main , cluster: fingers, cell: [ c2, r6 ], envelopes: { keycap: { size: [ 18, 18 ] } }, footprints: { switch: { params: { to: \"{{name}}_switch\" } } , studio_diode: { what: diode, placement: { at: [ 0, -5, 0 ] }, params: { from: \"{{name}}_switch\", to: \"{{row_net}}\" } }}}, fingers_c3_r1: { kind: key, label: fingers_c3_r1, part: mx, pcb: main , cluster: fingers, cell: [ c3, r1 ], envelopes: { keycap: { size: [ 18, 18 ] } }, footprints: { switch: { params: { to: \"{{name}}_switch\" } } , studio_diode: { what: diode, placement: { at: [ 0, -5, 0 ] }, params: { from: \"{{name}}_switch\", to: \"{{row_net}}\" } }}}, fingers_c3_r2: { kind: key, label: fingers_c3_r2, part: mx, pcb: main , cluster: fingers, cell: [ c3, r2 ], envelopes: { keycap: { size: [ 18, 18 ] } }, footprints: { switch: { params: { to: \"{{name}}_switch\" } } , studio_diode: { what: diode, placement: { at: [ 0, -5, 0 ] }, params: { from: \"{{name}}_switch\", to: \"{{row_net}}\" } }}}, fingers_c3_r3: { kind: key, label: fingers_c3_r3, part: mx, pcb: main , cluster: fingers, cell: [ c3, r3 ], envelopes: { keycap: { size: [ 18, 18 ] } }, footprints: { switch: { params: { to: \"{{name}}_switch\" } } , studio_diode: { what: diode, placement: { at: [ 0, -5, 0 ] }, params: { from: \"{{name}}_switch\", to: \"{{row_net}}\" } }}}, fingers_c3_r4: { kind: key, label: fingers_c3_r4, part: mx, pcb: main , cluster: fingers, cell: [ c3, r4 ], envelopes: { keycap: { size: [ 18, 18 ] } }, footprints: { switch: { params: { to: \"{{name}}_switch\" } } , studio_diode: { what: diode, placement: { at: [ 0, -5, 0 ] }, params: { from: \"{{name}}_switch\", to: \"{{row_net}}\" } }}}, fingers_c3_r5: { kind: key, label: fingers_c3_r5, part: mx, pcb: main , cluster: fingers, cell: [ c3, r5 ], envelopes: { keycap: { size: [ 18, 18 ] } }, footprints: { switch: { params: { to: \"{{name}}_switch\" } } , studio_diode: { what: diode, placement: { at: [ 0, -5, 0 ] }, params: { from: \"{{name}}_switch\", to: \"{{row_net}}\" } }}}, fingers_c3_r6: { kind: key, label: fingers_c3_r6, part: mx, pcb: main , cluster: fingers, cell: [ c3, r6 ], envelopes: { keycap: { size: [ 18, 18 ] } }, footprints: { switch: { params: { to: \"{{name}}_switch\" } } , studio_diode: { what: diode, placement: { at: [ 0, -5, 0 ] }, params: { from: \"{{name}}_switch\", to: \"{{row_net}}\" } }}}, fingers_c4_r1: { kind: key, label: fingers_c4_r1, part: mx, pcb: main , cluster: fingers, cell: [ c4, r1 ], envelopes: { keycap: { size: [ 18, 18 ] } }, footprints: { switch: { params: { to: \"{{name}}_switch\" } } , studio_diode: { what: diode, placement: { at: [ 0, -5, 0 ] }, params: { from: \"{{name}}_switch\", to: \"{{row_net}}\" } }}}, fingers_c4_r2: { kind: key, label: fingers_c4_r2, part: mx, pcb: main , cluster: fingers, cell: [ c4, r2 ], envelopes: { keycap: { size: [ 18, 18 ] } }, footprints: { switch: { params: { to: \"{{name}}_switch\" } } , studio_diode: { what: diode, placement: { at: [ 0, -5, 0 ] }, params: { from: \"{{name}}_switch\", to: \"{{row_net}}\" } }}}, fingers_c4_r3: { kind: key, label: fingers_c4_r3, part: mx, pcb: main , cluster: fingers, cell: [ c4, r3 ], envelopes: { keycap: { size: [ 18, 18 ] } }, footprints: { switch: { params: { to: \"{{name}}_switch\" } } , studio_diode: { what: diode, placement: { at: [ 0, -5, 0 ] }, params: { from: \"{{name}}_switch\", to: \"{{row_net}}\" } }}}, fingers_c4_r4: { kind: key, label: fingers_c4_r4, part: mx, pcb: main , cluster: fingers, cell: [ c4, r4 ], envelopes: { keycap: { size: [ 18, 18 ] } }, footprints: { switch: { params: { to: \"{{name}}_switch\" } } , studio_diode: { what: diode, placement: { at: [ 0, -5, 0 ] }, params: { from: \"{{name}}_switch\", to: \"{{row_net}}\" } }}}, fingers_c4_r5: { kind: key, label: fingers_c4_r5, part: mx, pcb: main , cluster: fingers, cell: [ c4, r5 ], envelopes: { keycap: { size: [ 18, 18 ] } }, footprints: { switch: { params: { to: \"{{name}}_switch\" } } , studio_diode: { what: diode, placement: { at: [ 0, -5, 0 ] }, params: { from: \"{{name}}_switch\", to: \"{{row_net}}\" } }}}, fingers_c4_r6: { kind: key, label: fingers_c4_r6, part: mx, pcb: main , cluster: fingers, cell: [ c4, r6 ], envelopes: { keycap: { size: [ 18, 18 ] } }, footprints: { switch: { params: { to: \"{{name}}_switch\" } } , studio_diode: { what: diode, placement: { at: [ 0, -5, 0 ] }, params: { from: \"{{name}}_switch\", to: \"{{row_net}}\" } }}}, fingers_c5_r1: { kind: key, label: fingers_c5_r1, part: mx, pcb: main , cluster: fingers, cell: [ c5, r1 ], envelopes: { keycap: { size: [ 18, 18 ] } }, footprints: { switch: { params: { to: \"{{name}}_switch\" } } , studio_diode: { what: diode, placement: { at: [ 0, -5, 0 ] }, params: { from: \"{{name}}_switch\", to: \"{{row_net}}\" } }}}, fingers_c5_r2: { kind: key, label: fingers_c5_r2, part: mx, pcb: main , cluster: fingers, cell: [ c5, r2 ], envelopes: { keycap: { size: [ 18, 18 ] } }, footprints: { switch: { params: { to: \"{{name}}_switch\" } } , studio_diode: { what: diode, placement: { at: [ 0, -5, 0 ] }, params: { from: \"{{name}}_switch\", to: \"{{row_net}}\" } }}}, fingers_c5_r3: { kind: key, label: fingers_c5_r3, part: mx, pcb: main , cluster: fingers, cell: [ c5, r3 ], envelopes: { keycap: { size: [ 18, 18 ] } }, footprints: { switch: { params: { to: \"{{name}}_switch\" } } , studio_diode: { what: diode, placement: { at: [ 0, -5, 0 ] }, params: { from: \"{{name}}_switch\", to: \"{{row_net}}\" } }}}, fingers_c5_r4: { kind: key, label: fingers_c5_r4, part: mx, pcb: main , cluster: fingers, cell: [ c5, r4 ], envelopes: { keycap: { size: [ 18, 18 ] } }, footprints: { switch: { params: { to: \"{{name}}_switch\" } } , studio_diode: { what: diode, placement: { at: [ 0, -5, 0 ] }, params: { from: \"{{name}}_switch\", to: \"{{row_net}}\" } }}}, fingers_c5_r5: { kind: key, label: fingers_c5_r5, part: mx, pcb: main , cluster: fingers, cell: [ c5, r5 ], envelopes: { keycap: { size: [ 18, 18 ] } }, footprints: { switch: { params: { to: \"{{name}}_switch\" } } , studio_diode: { what: diode, placement: { at: [ 0, -5, 0 ] }, params: { from: \"{{name}}_switch\", to: \"{{row_net}}\" } }}}, fingers_c5_r6: { kind: key, label: fingers_c5_r6, part: mx, pcb: main , cluster: fingers, cell: [ c5, r6 ], envelopes: { keycap: { size: [ 18, 18 ] } }, footprints: { switch: { params: { to: \"{{name}}_switch\" } } , studio_diode: { what: diode, placement: { at: [ 0, -5, 0 ] }, params: { from: \"{{name}}_switch\", to: \"{{row_net}}\" } }}}, fingers_c6_r1: { kind: key, label: fingers_c6_r1, part: mx, pcb: main , cluster: fingers, cell: [ c6, r1 ], envelopes: { keycap: { size: [ 18, 18 ] } }, footprints: { switch: { params: { to: \"{{name}}_switch\" } } , studio_diode: { what: diode, placement: { at: [ 0, -5, 0 ] }, params: { from: \"{{name}}_switch\", to: \"{{row_net}}\" } }}}, fingers_c6_r2: { kind: key, label: fingers_c6_r2, part: mx, pcb: main , cluster: fingers, cell: [ c6, r2 ], envelopes: { keycap: { size: [ 18, 18 ] } }, footprints: { switch: { params: { to: \"{{name}}_switch\" } } , studio_diode: { what: diode, placement: { at: [ 0, -5, 0 ] }, params: { from: \"{{name}}_switch\", to: \"{{row_net}}\" } }}}, fingers_c6_r3: { kind: key, label: fingers_c6_r3, part: mx, pcb: main , cluster: fingers, cell: [ c6, r3 ], envelopes: { keycap: { size: [ 18, 18 ] } }, footprints: { switch: { params: { to: \"{{name}}_switch\" } } , studio_diode: { what: diode, placement: { at: [ 0, -5, 0 ] }, params: { from: \"{{name}}_switch\", to: \"{{row_net}}\" } }}}, fingers_c6_r4: { kind: key, label: fingers_c6_r4, part: mx, pcb: main , cluster: fingers, cell: [ c6, r4 ], envelopes: { keycap: { size: [ 18, 18 ] } }, footprints: { switch: { params: { to: \"{{name}}_switch\" } } , studio_diode: { what: diode, placement: { at: [ 0, -5, 0 ] }, params: { from: \"{{name}}_switch\", to: \"{{row_net}}\" } }}}, fingers_c6_r5: { kind: key, label: fingers_c6_r5, part: mx, pcb: main , cluster: fingers, cell: [ c6, r5 ], envelopes: { keycap: { size: [ 18, 18 ] } }, footprints: { switch: { params: { to: \"{{name}}_switch\" } } , studio_diode: { what: diode, placement: { at: [ 0, -5, 0 ] }, params: { from: \"{{name}}_switch\", to: \"{{row_net}}\" } }}}, fingers_c6_r6: { kind: key, label: fingers_c6_r6, part: mx, pcb: main , cluster: fingers, cell: [ c6, r6 ], envelopes: { keycap: { size: [ 18, 18 ] } }, footprints: { switch: { params: { to: \"{{name}}_switch\" } } , studio_diode: { what: diode, placement: { at: [ 0, -5, 0 ] }, params: { from: \"{{name}}_switch\", to: \"{{row_net}}\" } }}}, fingers_c7_r1: { kind: key, label: fingers_c7_r1, part: mx, pcb: main , cluster: fingers, cell: [ c7, r1 ], envelopes: { keycap: { size: [ 18, 18 ] } }, footprints: { switch: { params: { to: \"{{name}}_switch\" } } , studio_diode: { what: diode, placement: { at: [ 0, -5, 0 ] }, params: { from: \"{{name}}_switch\", to: \"{{row_net}}\" } }}}, fingers_c7_r2: { kind: key, label: fingers_c7_r2, part: mx, pcb: main , cluster: fingers, cell: [ c7, r2 ], envelopes: { keycap: { size: [ 18, 18 ] } }, footprints: { switch: { params: { to: \"{{name}}_switch\" } } , studio_diode: { what: diode, placement: { at: [ 0, -5, 0 ] }, params: { from: \"{{name}}_switch\", to: \"{{row_net}}\" } }}}, fingers_c7_r3: { kind: key, label: fingers_c7_r3, part: mx, pcb: main , cluster: fingers, cell: [ c7, r3 ], envelopes: { keycap: { size: [ 18, 18 ] } }, footprints: { switch: { params: { to: \"{{name}}_switch\" } } , studio_diode: { what: diode, placement: { at: [ 0, -5, 0 ] }, params: { from: \"{{name}}_switch\", to: \"{{row_net}}\" } }}}, fingers_c7_r4: { kind: key, label: fingers_c7_r4, part: mx, pcb: main , cluster: fingers, cell: [ c7, r4 ], envelopes: { keycap: { size: [ 18, 18 ] } }, footprints: { switch: { params: { to: \"{{name}}_switch\" } } , studio_diode: { what: diode, placement: { at: [ 0, -5, 0 ] }, params: { from: \"{{name}}_switch\", to: \"{{row_net}}\" } }}}, fingers_c7_r5: { kind: key, label: fingers_c7_r5, part: mx, pcb: main , cluster: fingers, cell: [ c7, r5 ], envelopes: { keycap: { size: [ 18, 18 ] } }, footprints: { switch: { params: { to: \"{{name}}_switch\" } } , studio_diode: { what: diode, placement: { at: [ 0, -5, 0 ] }, params: { from: \"{{name}}_switch\", to: \"{{row_net}}\" } }}}, fingers_c7_r6: { kind: key, label: fingers_c7_r6, part: mx, pcb: main , cluster: fingers, cell: [ c7, r6 ], envelopes: { keycap: { size: [ 18, 18 ] } }, footprints: { switch: { params: { to: \"{{name}}_switch\" } } , studio_diode: { what: diode, placement: { at: [ 0, -5, 0 ] }, params: { from: \"{{name}}_switch\", to: \"{{row_net}}\" } }}}, fingers_c8_r1: { kind: key, label: fingers_c8_r1, part: mx, pcb: main , cluster: fingers, cell: [ c8, r1 ], envelopes: { keycap: { size: [ 18, 18 ] } }, footprints: { switch: { params: { to: \"{{name}}_switch\" } } , studio_diode: { what: diode, placement: { at: [ 0, -5, 0 ] }, params: { from: \"{{name}}_switch\", to: \"{{row_net}}\" } }}}, fingers_c8_r2: { kind: key, label: fingers_c8_r2, part: mx, pcb: main , cluster: fingers, cell: [ c8, r2 ], envelopes: { keycap: { size: [ 18, 18 ] } }, footprints: { switch: { params: { to: \"{{name}}_switch\" } } , studio_diode: { what: diode, placement: { at: [ 0, -5, 0 ] }, params: { from: \"{{name}}_switch\", to: \"{{row_net}}\" } }}}, fingers_c8_r3: { kind: key, label: fingers_c8_r3, part: mx, pcb: main , cluster: fingers, cell: [ c8, r3 ], envelopes: { keycap: { size: [ 18, 18 ] } }, footprints: { switch: { params: { to: \"{{name}}_switch\" } } , studio_diode: { what: diode, placement: { at: [ 0, -5, 0 ] }, params: { from: \"{{name}}_switch\", to: \"{{row_net}}\" } }}}, fingers_c8_r4: { kind: key, label: fingers_c8_r4, part: mx, pcb: main , cluster: fingers, cell: [ c8, r4 ], envelopes: { keycap: { size: [ 18, 18 ] } }, footprints: { switch: { params: { to: \"{{name}}_switch\" } } , studio_diode: { what: diode, placement: { at: [ 0, -5, 0 ] }, params: { from: \"{{name}}_switch\", to: \"{{row_net}}\" } }}}, fingers_c8_r5: { kind: key, label: fingers_c8_r5, part: mx, pcb: main , cluster: fingers, cell: [ c8, r5 ], envelopes: { keycap: { size: [ 18, 18 ] } }, footprints: { switch: { params: { to: \"{{name}}_switch\" } } , studio_diode: { what: diode, placement: { at: [ 0, -5, 0 ] }, params: { from: \"{{name}}_switch\", to: \"{{row_net}}\" } }}}, fingers_c8_r6: { kind: key, label: fingers_c8_r6, part: mx, pcb: main , cluster: fingers, cell: [ c8, r6 ], envelopes: { keycap: { size: [ 18, 18 ] } }, footprints: { switch: { params: { to: \"{{name}}_switch\" } } , studio_diode: { what: diode, placement: { at: [ 0, -5, 0 ] }, params: { from: \"{{name}}_switch\", to: \"{{row_net}}\" } }}}, fingers_c9_r1: { kind: key, label: fingers_c9_r1, part: mx, pcb: main , cluster: fingers, cell: [ c9, r1 ], envelopes: { keycap: { size: [ 18, 18 ] } }, footprints: { switch: { params: { to: \"{{name}}_switch\" } } , studio_diode: { what: diode, placement: { at: [ 0, -5, 0 ] }, params: { from: \"{{name}}_switch\", to: \"{{row_net}}\" } }}}, fingers_c9_r2: { kind: key, label: fingers_c9_r2, part: mx, pcb: main , cluster: fingers, cell: [ c9, r2 ], envelopes: { keycap: { size: [ 18, 18 ] } }, footprints: { switch: { params: { to: \"{{name}}_switch\" } } , studio_diode: { what: diode, placement: { at: [ 0, -5, 0 ] }, params: { from: \"{{name}}_switch\", to: \"{{row_net}}\" } }}}, fingers_c9_r3: { kind: key, label: fingers_c9_r3, part: mx, pcb: main , cluster: fingers, cell: [ c9, r3 ], envelopes: { keycap: { size: [ 18, 18 ] } }, footprints: { switch: { params: { to: \"{{name}}_switch\" } } , studio_diode: { what: diode, placement: { at: [ 0, -5, 0 ] }, params: { from: \"{{name}}_switch\", to: \"{{row_net}}\" } }}}, fingers_c9_r4: { kind: key, label: fingers_c9_r4, part: mx, pcb: main , cluster: fingers, cell: [ c9, r4 ], envelopes: { keycap: { size: [ 18, 18 ] } }, footprints: { switch: { params: { to: \"{{name}}_switch\" } } , studio_diode: { what: diode, placement: { at: [ 0, -5, 0 ] }, params: { from: \"{{name}}_switch\", to: \"{{row_net}}\" } }}}, fingers_c9_r5: { kind: key, label: fingers_c9_r5, part: mx, pcb: main , cluster: fingers, cell: [ c9, r5 ], envelopes: { keycap: { size: [ 18, 18 ] } }, footprints: { switch: { params: { to: \"{{name}}_switch\" } } , studio_diode: { what: diode, placement: { at: [ 0, -5, 0 ] }, params: { from: \"{{name}}_switch\", to: \"{{row_net}}\" } }}}, fingers_c9_r6: { kind: key, label: fingers_c9_r6, part: mx, pcb: main , cluster: fingers, cell: [ c9, r6 ], envelopes: { keycap: { size: [ 18, 18 ] } }, footprints: { switch: { params: { to: \"{{name}}_switch\" } } , studio_diode: { what: diode, placement: { at: [ 0, -5, 0 ] }, params: { from: \"{{name}}_switch\", to: \"{{row_net}}\" } }}}, fingers_c10_r1: { kind: key, label: fingers_c10_r1, part: mx, pcb: main , cluster: fingers, cell: [ c10, r1 ], envelopes: { keycap: { size: [ 18, 18 ] } }, footprints: { switch: { params: { to: \"{{name}}_switch\" } } , studio_diode: { what: diode, placement: { at: [ 0, -5, 0 ] }, params: { from: \"{{name}}_switch\", to: \"{{row_net}}\" } }}}, fingers_c10_r2: { kind: key, label: fingers_c10_r2, part: mx, pcb: main , cluster: fingers, cell: [ c10, r2 ], envelopes: { keycap: { size: [ 18, 18 ] } }, footprints: { switch: { params: { to: \"{{name}}_switch\" } } , studio_diode: { what: diode, placement: { at: [ 0, -5, 0 ] }, params: { from: \"{{name}}_switch\", to: \"{{row_net}}\" } }}}, fingers_c10_r3: { kind: key, label: fingers_c10_r3, part: mx, pcb: main , cluster: fingers, cell: [ c10, r3 ], envelopes: { keycap: { size: [ 18, 18 ] } }, footprints: { switch: { params: { to: \"{{name}}_switch\" } } , studio_diode: { what: diode, placement: { at: [ 0, -5, 0 ] }, params: { from: \"{{name}}_switch\", to: \"{{row_net}}\" } }}}, fingers_c10_r4: { kind: key, label: fingers_c10_r4, part: mx, pcb: main , cluster: fingers, cell: [ c10, r4 ], envelopes: { keycap: { size: [ 18, 18 ] } }, footprints: { switch: { params: { to: \"{{name}}_switch\" } } , studio_diode: { what: diode, placement: { at: [ 0, -5, 0 ] }, params: { from: \"{{name}}_switch\", to: \"{{row_net}}\" } }}}, fingers_c10_r5: { kind: key, label: fingers_c10_r5, part: mx, pcb: main , cluster: fingers, cell: [ c10, r5 ], envelopes: { keycap: { size: [ 18, 18 ] } }, footprints: { switch: { params: { to: \"{{name}}_switch\" } } , studio_diode: { what: diode, placement: { at: [ 0, -5, 0 ] }, params: { from: \"{{name}}_switch\", to: \"{{row_net}}\" } }}}, fingers_c10_r6: { kind: key, label: fingers_c10_r6, part: mx, pcb: main , cluster: fingers, cell: [ c10, r6 ], envelopes: { keycap: { size: [ 18, 18 ] } }, footprints: { switch: { params: { to: \"{{name}}_switch\" } } , studio_diode: { what: diode, placement: { at: [ 0, -5, 0 ] }, params: { from: \"{{name}}_switch\", to: \"{{row_net}}\" } }}}}, clusters: { fingers: { label: fingers, arrangement: { type: columns, columns: [ c1, c2, c3, c4, c5, c6, c7, c8, c9, c10 ], rows: [ r1, r2, r3, r4, r5, r6 ], pitch: [ pitch, pitch ] } } }}\npcbs: {main: {profile: profiles.main_outline, thickness: 1.6}}\nunits:\n  pitch: 19\nparts:\n  mx:\n    revision: \"1\"\n    envelopes:\n      pcb:\n        size:\n          - 18\n          - 18\n      plate:\n        size:\n          - 14\n          - 14\n      keycap:\n        size:\n          - 18\n          - 18\n    footprints:\n      switch:\n        what: mx\n        params:\n          from: \"{{column_net}}\"\n          to: \"{{row_net}}\"\nmeta:\n  studio:\n    electronics:\n      fingers_c1_r1:\n        diode:\n          switch: null\n      fingers_c1_r2:\n        diode:\n          switch: null\n      fingers_c1_r3:\n        diode:\n          switch: null\n      fingers_c1_r4:\n        diode:\n          switch: null\n      fingers_c1_r5:\n        diode:\n          switch: null\n      fingers_c1_r6:\n        diode:\n          switch: null\n      fingers_c2_r1:\n        diode:\n          switch: null\n      fingers_c2_r2:\n        diode:\n          switch: null\n      fingers_c2_r3:\n        diode:\n          switch: null\n      fingers_c2_r4:\n        diode:\n          switch: null\n      fingers_c2_r5:\n        diode:\n          switch: null\n      fingers_c2_r6:\n        diode:\n          switch: null\n      fingers_c3_r1:\n        diode:\n          switch: null\n      fingers_c3_r2:\n        diode:\n          switch: null\n      fingers_c3_r3:\n        diode:\n          switch: null\n      fingers_c3_r4:\n        diode:\n          switch: null\n      fingers_c3_r5:\n        diode:\n          switch: null\n      fingers_c3_r6:\n        diode:\n          switch: null\n      fingers_c4_r1:\n        diode:\n          switch: null\n      fingers_c4_r2:\n        diode:\n          switch: null\n      fingers_c4_r3:\n        diode:\n          switch: null\n      fingers_c4_r4:\n        diode:\n          switch: null\n      fingers_c4_r5:\n        diode:\n          switch: null\n      fingers_c4_r6:\n        diode:\n          switch: null\n      fingers_c5_r1:\n        diode:\n          switch: null\n      fingers_c5_r2:\n        diode:\n          switch: null\n      fingers_c5_r3:\n        diode:\n          switch: null\n      fingers_c5_r4:\n        diode:\n          switch: null\n      fingers_c5_r5:\n        diode:\n          switch: null\n      fingers_c5_r6:\n        diode:\n          switch: null\n      fingers_c6_r1:\n        diode:\n          switch: null\n      fingers_c6_r2:\n        diode:\n          switch: null\n      fingers_c6_r3:\n        diode:\n          switch: null\n      fingers_c6_r4:\n        diode:\n          switch: null\n      fingers_c6_r5:\n        diode:\n          switch: null\n      fingers_c6_r6:\n        diode:\n          switch: null\n      fingers_c7_r1:\n        diode:\n          switch: null\n      fingers_c7_r2:\n        diode:\n          switch: null\n      fingers_c7_r3:\n        diode:\n          switch: null\n      fingers_c7_r4:\n        diode:\n          switch: null\n      fingers_c7_r5:\n        diode:\n          switch: null\n      fingers_c7_r6:\n        diode:\n          switch: null\n      fingers_c8_r1:\n        diode:\n          switch: null\n      fingers_c8_r2:\n        diode:\n          switch: null\n      fingers_c8_r3:\n        diode:\n          switch: null\n      fingers_c8_r4:\n        diode:\n          switch: null\n      fingers_c8_r5:\n        diode:\n          switch: null\n      fingers_c8_r6:\n        diode:\n          switch: null\n      fingers_c9_r1:\n        diode:\n          switch: null\n      fingers_c9_r2:\n        diode:\n          switch: null\n      fingers_c9_r3:\n        diode:\n          switch: null\n      fingers_c9_r4:\n        diode:\n          switch: null\n      fingers_c9_r5:\n        diode:\n          switch: null\n      fingers_c9_r6:\n        diode:\n          switch: null\n      fingers_c10_r1:\n        diode:\n          switch: null\n      fingers_c10_r2:\n        diode:\n          switch: null\n      fingers_c10_r3:\n        diode:\n          switch: null\n      fingers_c10_r4:\n        diode:\n          switch: null\n      fingers_c10_r5:\n        diode:\n          switch: null\n      fingers_c10_r6:\n        diode:\n          switch: null\n    bridges:\n      main_edge: []\n    outline:\n      bridges:\n        main_edge: {}\ndesigns:\n  regions:\n    main_keycap:\n      select:\n        kind: key\n        pcb: main\n      envelope: keycap\n      close: 2\n  boundaries:\n    main_edge:\n      clearance: 2\n      simplify: 2\n      corners:\n        fillet: 2\n      holes: fill\n      connected: single\n      from:\n        - regions.main_keycap\n      bridges: {}\n  profiles:\n    main_outline:\n      from: boundaries.main_edge\n"
      }
    },
    {
      "scenario": "zoom-snap",
      "metrics": {
        "eventCounts": {
          "pointerdown": 1,
          "pointermove": 1,
          "pointerup": 1,
          "pointercancel": 0
        },
        "pointerDownToFirstTransformMs": null,
        "firstMoveToFirstTransformMs": null,
        "moveToNextTransformMs": [
          null
        ],
        "pointerUpToPersistedMs": null,
        "pointerUpToWorkerRequestMs": null,
        "pointerUpToOutlineMs": null,
        "pointerUpToWorkerTerminalMs": null,
        "pointerUpToCommittedPolygonMs": null,
        "sourceChanged": false,
        "transformChanged": false,
        "polygonChanged": false
      },
      "problems": [],
      "value": {
        "before": "-23 -118 217 141",
        "after": "14.791421804553764 -95.53921794037285 138.88000000000002 90.24000000000002"
      }
    },
    {
      "scenario": "offcanvas-capture",
      "metrics": {
        "eventCounts": {
          "pointerdown": 1,
          "pointermove": 2,
          "pointerup": 1,
          "pointercancel": 0
        },
        "pointerDownToFirstTransformMs": 136.20000004768372,
        "firstMoveToFirstTransformMs": 121.90000009536743,
        "moveToNextTransformMs": [
          121.90000009536743
        ],
        "pointerUpToPersistedMs": 92.40000009536743,
        "pointerUpToWorkerRequestMs": 327.8000000715256,
        "pointerUpToOutlineMs": null,
        "pointerUpToWorkerTerminalMs": 2813.4000000953674,
        "pointerUpToCommittedPolygonMs": 152.70000004768372,
        "sourceChanged": true,
        "transformChanged": true,
        "polygonChanged": true
      },
      "problems": [],
      "value": {
        "source": "schema: ergogen/v1\nlayout: {objects: {fingers_c1_r1: { kind: key, label: fingers_c1_r1, part: mx, pcb: main , cluster: fingers, cell: [ c1, r1 ], envelopes: { keycap: { size: [ 18, 18 ] } }, footprints: { switch: { params: { to: \"{{name}}_switch\" } } , studio_diode: { what: diode, placement: { at: [ 0, -5, 0 ] }, params: { from: \"{{name}}_switch\", to: \"{{row_net}}\" } }}, placement: { override: { at: [ -41, 143, 0 ] , fixed: { x: true, y: true }} }}, fingers_c1_r2: { kind: key, label: fingers_c1_r2, part: mx, pcb: main , cluster: fingers, cell: [ c1, r2 ], envelopes: { keycap: { size: [ 18, 18 ] } }, footprints: { switch: { params: { to: \"{{name}}_switch\" } } , studio_diode: { what: diode, placement: { at: [ 0, -5, 0 ] }, params: { from: \"{{name}}_switch\", to: \"{{row_net}}\" } }}}, fingers_c1_r3: { kind: key, label: fingers_c1_r3, part: mx, pcb: main , cluster: fingers, cell: [ c1, r3 ], envelopes: { keycap: { size: [ 18, 18 ] } }, footprints: { switch: { params: { to: \"{{name}}_switch\" } } , studio_diode: { what: diode, placement: { at: [ 0, -5, 0 ] }, params: { from: \"{{name}}_switch\", to: \"{{row_net}}\" } }}}, fingers_c1_r4: { kind: key, label: fingers_c1_r4, part: mx, pcb: main , cluster: fingers, cell: [ c1, r4 ], envelopes: { keycap: { size: [ 18, 18 ] } }, footprints: { switch: { params: { to: \"{{name}}_switch\" } } , studio_diode: { what: diode, placement: { at: [ 0, -5, 0 ] }, params: { from: \"{{name}}_switch\", to: \"{{row_net}}\" } }}}, fingers_c1_r5: { kind: key, label: fingers_c1_r5, part: mx, pcb: main , cluster: fingers, cell: [ c1, r5 ], envelopes: { keycap: { size: [ 18, 18 ] } }, footprints: { switch: { params: { to: \"{{name}}_switch\" } } , studio_diode: { what: diode, placement: { at: [ 0, -5, 0 ] }, params: { from: \"{{name}}_switch\", to: \"{{row_net}}\" } }}}, fingers_c1_r6: { kind: key, label: fingers_c1_r6, part: mx, pcb: main , cluster: fingers, cell: [ c1, r6 ], envelopes: { keycap: { size: [ 18, 18 ] } }, footprints: { switch: { params: { to: \"{{name}}_switch\" } } , studio_diode: { what: diode, placement: { at: [ 0, -5, 0 ] }, params: { from: \"{{name}}_switch\", to: \"{{row_net}}\" } }}}, fingers_c2_r1: { kind: key, label: fingers_c2_r1, part: mx, pcb: main , cluster: fingers, cell: [ c2, r1 ], envelopes: { keycap: { size: [ 18, 18 ] } }, footprints: { switch: { params: { to: \"{{name}}_switch\" } } , studio_diode: { what: diode, placement: { at: [ 0, -5, 0 ] }, params: { from: \"{{name}}_switch\", to: \"{{row_net}}\" } }}}, fingers_c2_r2: { kind: key, label: fingers_c2_r2, part: mx, pcb: main , cluster: fingers, cell: [ c2, r2 ], envelopes: { keycap: { size: [ 18, 18 ] } }, footprints: { switch: { params: { to: \"{{name}}_switch\" } } , studio_diode: { what: diode, placement: { at: [ 0, -5, 0 ] }, params: { from: \"{{name}}_switch\", to: \"{{row_net}}\" } }}}, fingers_c2_r3: { kind: key, label: fingers_c2_r3, part: mx, pcb: main , cluster: fingers, cell: [ c2, r3 ], envelopes: { keycap: { size: [ 18, 18 ] } }, footprints: { switch: { params: { to: \"{{name}}_switch\" } } , studio_diode: { what: diode, placement: { at: [ 0, -5, 0 ] }, params: { from: \"{{name}}_switch\", to: \"{{row_net}}\" } }}}, fingers_c2_r4: { kind: key, label: fingers_c2_r4, part: mx, pcb: main , cluster: fingers, cell: [ c2, r4 ], envelopes: { keycap: { size: [ 18, 18 ] } }, footprints: { switch: { params: { to: \"{{name}}_switch\" } } , studio_diode: { what: diode, placement: { at: [ 0, -5, 0 ] }, params: { from: \"{{name}}_switch\", to: \"{{row_net}}\" } }}}, fingers_c2_r5: { kind: key, label: fingers_c2_r5, part: mx, pcb: main , cluster: fingers, cell: [ c2, r5 ], envelopes: { keycap: { size: [ 18, 18 ] } }, footprints: { switch: { params: { to: \"{{name}}_switch\" } } , studio_diode: { what: diode, placement: { at: [ 0, -5, 0 ] }, params: { from: \"{{name}}_switch\", to: \"{{row_net}}\" } }}}, fingers_c2_r6: { kind: key, label: fingers_c2_r6, part: mx, pcb: main , cluster: fingers, cell: [ c2, r6 ], envelopes: { keycap: { size: [ 18, 18 ] } }, footprints: { switch: { params: { to: \"{{name}}_switch\" } } , studio_diode: { what: diode, placement: { at: [ 0, -5, 0 ] }, params: { from: \"{{name}}_switch\", to: \"{{row_net}}\" } }}}, fingers_c3_r1: { kind: key, label: fingers_c3_r1, part: mx, pcb: main , cluster: fingers, cell: [ c3, r1 ], envelopes: { keycap: { size: [ 18, 18 ] } }, footprints: { switch: { params: { to: \"{{name}}_switch\" } } , studio_diode: { what: diode, placement: { at: [ 0, -5, 0 ] }, params: { from: \"{{name}}_switch\", to: \"{{row_net}}\" } }}}, fingers_c3_r2: { kind: key, label: fingers_c3_r2, part: mx, pcb: main , cluster: fingers, cell: [ c3, r2 ], envelopes: { keycap: { size: [ 18, 18 ] } }, footprints: { switch: { params: { to: \"{{name}}_switch\" } } , studio_diode: { what: diode, placement: { at: [ 0, -5, 0 ] }, params: { from: \"{{name}}_switch\", to: \"{{row_net}}\" } }}}, fingers_c3_r3: { kind: key, label: fingers_c3_r3, part: mx, pcb: main , cluster: fingers, cell: [ c3, r3 ], envelopes: { keycap: { size: [ 18, 18 ] } }, footprints: { switch: { params: { to: \"{{name}}_switch\" } } , studio_diode: { what: diode, placement: { at: [ 0, -5, 0 ] }, params: { from: \"{{name}}_switch\", to: \"{{row_net}}\" } }}}, fingers_c3_r4: { kind: key, label: fingers_c3_r4, part: mx, pcb: main , cluster: fingers, cell: [ c3, r4 ], envelopes: { keycap: { size: [ 18, 18 ] } }, footprints: { switch: { params: { to: \"{{name}}_switch\" } } , studio_diode: { what: diode, placement: { at: [ 0, -5, 0 ] }, params: { from: \"{{name}}_switch\", to: \"{{row_net}}\" } }}}, fingers_c3_r5: { kind: key, label: fingers_c3_r5, part: mx, pcb: main , cluster: fingers, cell: [ c3, r5 ], envelopes: { keycap: { size: [ 18, 18 ] } }, footprints: { switch: { params: { to: \"{{name}}_switch\" } } , studio_diode: { what: diode, placement: { at: [ 0, -5, 0 ] }, params: { from: \"{{name}}_switch\", to: \"{{row_net}}\" } }}}, fingers_c3_r6: { kind: key, label: fingers_c3_r6, part: mx, pcb: main , cluster: fingers, cell: [ c3, r6 ], envelopes: { keycap: { size: [ 18, 18 ] } }, footprints: { switch: { params: { to: \"{{name}}_switch\" } } , studio_diode: { what: diode, placement: { at: [ 0, -5, 0 ] }, params: { from: \"{{name}}_switch\", to: \"{{row_net}}\" } }}}, fingers_c4_r1: { kind: key, label: fingers_c4_r1, part: mx, pcb: main , cluster: fingers, cell: [ c4, r1 ], envelopes: { keycap: { size: [ 18, 18 ] } }, footprints: { switch: { params: { to: \"{{name}}_switch\" } } , studio_diode: { what: diode, placement: { at: [ 0, -5, 0 ] }, params: { from: \"{{name}}_switch\", to: \"{{row_net}}\" } }}}, fingers_c4_r2: { kind: key, label: fingers_c4_r2, part: mx, pcb: main , cluster: fingers, cell: [ c4, r2 ], envelopes: { keycap: { size: [ 18, 18 ] } }, footprints: { switch: { params: { to: \"{{name}}_switch\" } } , studio_diode: { what: diode, placement: { at: [ 0, -5, 0 ] }, params: { from: \"{{name}}_switch\", to: \"{{row_net}}\" } }}}, fingers_c4_r3: { kind: key, label: fingers_c4_r3, part: mx, pcb: main , cluster: fingers, cell: [ c4, r3 ], envelopes: { keycap: { size: [ 18, 18 ] } }, footprints: { switch: { params: { to: \"{{name}}_switch\" } } , studio_diode: { what: diode, placement: { at: [ 0, -5, 0 ] }, params: { from: \"{{name}}_switch\", to: \"{{row_net}}\" } }}}, fingers_c4_r4: { kind: key, label: fingers_c4_r4, part: mx, pcb: main , cluster: fingers, cell: [ c4, r4 ], envelopes: { keycap: { size: [ 18, 18 ] } }, footprints: { switch: { params: { to: \"{{name}}_switch\" } } , studio_diode: { what: diode, placement: { at: [ 0, -5, 0 ] }, params: { from: \"{{name}}_switch\", to: \"{{row_net}}\" } }}}, fingers_c4_r5: { kind: key, label: fingers_c4_r5, part: mx, pcb: main , cluster: fingers, cell: [ c4, r5 ], envelopes: { keycap: { size: [ 18, 18 ] } }, footprints: { switch: { params: { to: \"{{name}}_switch\" } } , studio_diode: { what: diode, placement: { at: [ 0, -5, 0 ] }, params: { from: \"{{name}}_switch\", to: \"{{row_net}}\" } }}}, fingers_c4_r6: { kind: key, label: fingers_c4_r6, part: mx, pcb: main , cluster: fingers, cell: [ c4, r6 ], envelopes: { keycap: { size: [ 18, 18 ] } }, footprints: { switch: { params: { to: \"{{name}}_switch\" } } , studio_diode: { what: diode, placement: { at: [ 0, -5, 0 ] }, params: { from: \"{{name}}_switch\", to: \"{{row_net}}\" } }}}, fingers_c5_r1: { kind: key, label: fingers_c5_r1, part: mx, pcb: main , cluster: fingers, cell: [ c5, r1 ], envelopes: { keycap: { size: [ 18, 18 ] } }, footprints: { switch: { params: { to: \"{{name}}_switch\" } } , studio_diode: { what: diode, placement: { at: [ 0, -5, 0 ] }, params: { from: \"{{name}}_switch\", to: \"{{row_net}}\" } }}}, fingers_c5_r2: { kind: key, label: fingers_c5_r2, part: mx, pcb: main , cluster: fingers, cell: [ c5, r2 ], envelopes: { keycap: { size: [ 18, 18 ] } }, footprints: { switch: { params: { to: \"{{name}}_switch\" } } , studio_diode: { what: diode, placement: { at: [ 0, -5, 0 ] }, params: { from: \"{{name}}_switch\", to: \"{{row_net}}\" } }}}, fingers_c5_r3: { kind: key, label: fingers_c5_r3, part: mx, pcb: main , cluster: fingers, cell: [ c5, r3 ], envelopes: { keycap: { size: [ 18, 18 ] } }, footprints: { switch: { params: { to: \"{{name}}_switch\" } } , studio_diode: { what: diode, placement: { at: [ 0, -5, 0 ] }, params: { from: \"{{name}}_switch\", to: \"{{row_net}}\" } }}}, fingers_c5_r4: { kind: key, label: fingers_c5_r4, part: mx, pcb: main , cluster: fingers, cell: [ c5, r4 ], envelopes: { keycap: { size: [ 18, 18 ] } }, footprints: { switch: { params: { to: \"{{name}}_switch\" } } , studio_diode: { what: diode, placement: { at: [ 0, -5, 0 ] }, params: { from: \"{{name}}_switch\", to: \"{{row_net}}\" } }}}, fingers_c5_r5: { kind: key, label: fingers_c5_r5, part: mx, pcb: main , cluster: fingers, cell: [ c5, r5 ], envelopes: { keycap: { size: [ 18, 18 ] } }, footprints: { switch: { params: { to: \"{{name}}_switch\" } } , studio_diode: { what: diode, placement: { at: [ 0, -5, 0 ] }, params: { from: \"{{name}}_switch\", to: \"{{row_net}}\" } }}}, fingers_c5_r6: { kind: key, label: fingers_c5_r6, part: mx, pcb: main , cluster: fingers, cell: [ c5, r6 ], envelopes: { keycap: { size: [ 18, 18 ] } }, footprints: { switch: { params: { to: \"{{name}}_switch\" } } , studio_diode: { what: diode, placement: { at: [ 0, -5, 0 ] }, params: { from: \"{{name}}_switch\", to: \"{{row_net}}\" } }}}, fingers_c6_r1: { kind: key, label: fingers_c6_r1, part: mx, pcb: main , cluster: fingers, cell: [ c6, r1 ], envelopes: { keycap: { size: [ 18, 18 ] } }, footprints: { switch: { params: { to: \"{{name}}_switch\" } } , studio_diode: { what: diode, placement: { at: [ 0, -5, 0 ] }, params: { from: \"{{name}}_switch\", to: \"{{row_net}}\" } }}}, fingers_c6_r2: { kind: key, label: fingers_c6_r2, part: mx, pcb: main , cluster: fingers, cell: [ c6, r2 ], envelopes: { keycap: { size: [ 18, 18 ] } }, footprints: { switch: { params: { to: \"{{name}}_switch\" } } , studio_diode: { what: diode, placement: { at: [ 0, -5, 0 ] }, params: { from: \"{{name}}_switch\", to: \"{{row_net}}\" } }}}, fingers_c6_r3: { kind: key, label: fingers_c6_r3, part: mx, pcb: main , cluster: fingers, cell: [ c6, r3 ], envelopes: { keycap: { size: [ 18, 18 ] } }, footprints: { switch: { params: { to: \"{{name}}_switch\" } } , studio_diode: { what: diode, placement: { at: [ 0, -5, 0 ] }, params: { from: \"{{name}}_switch\", to: \"{{row_net}}\" } }}}, fingers_c6_r4: { kind: key, label: fingers_c6_r4, part: mx, pcb: main , cluster: fingers, cell: [ c6, r4 ], envelopes: { keycap: { size: [ 18, 18 ] } }, footprints: { switch: { params: { to: \"{{name}}_switch\" } } , studio_diode: { what: diode, placement: { at: [ 0, -5, 0 ] }, params: { from: \"{{name}}_switch\", to: \"{{row_net}}\" } }}}, fingers_c6_r5: { kind: key, label: fingers_c6_r5, part: mx, pcb: main , cluster: fingers, cell: [ c6, r5 ], envelopes: { keycap: { size: [ 18, 18 ] } }, footprints: { switch: { params: { to: \"{{name}}_switch\" } } , studio_diode: { what: diode, placement: { at: [ 0, -5, 0 ] }, params: { from: \"{{name}}_switch\", to: \"{{row_net}}\" } }}}, fingers_c6_r6: { kind: key, label: fingers_c6_r6, part: mx, pcb: main , cluster: fingers, cell: [ c6, r6 ], envelopes: { keycap: { size: [ 18, 18 ] } }, footprints: { switch: { params: { to: \"{{name}}_switch\" } } , studio_diode: { what: diode, placement: { at: [ 0, -5, 0 ] }, params: { from: \"{{name}}_switch\", to: \"{{row_net}}\" } }}}, fingers_c7_r1: { kind: key, label: fingers_c7_r1, part: mx, pcb: main , cluster: fingers, cell: [ c7, r1 ], envelopes: { keycap: { size: [ 18, 18 ] } }, footprints: { switch: { params: { to: \"{{name}}_switch\" } } , studio_diode: { what: diode, placement: { at: [ 0, -5, 0 ] }, params: { from: \"{{name}}_switch\", to: \"{{row_net}}\" } }}}, fingers_c7_r2: { kind: key, label: fingers_c7_r2, part: mx, pcb: main , cluster: fingers, cell: [ c7, r2 ], envelopes: { keycap: { size: [ 18, 18 ] } }, footprints: { switch: { params: { to: \"{{name}}_switch\" } } , studio_diode: { what: diode, placement: { at: [ 0, -5, 0 ] }, params: { from: \"{{name}}_switch\", to: \"{{row_net}}\" } }}}, fingers_c7_r3: { kind: key, label: fingers_c7_r3, part: mx, pcb: main , cluster: fingers, cell: [ c7, r3 ], envelopes: { keycap: { size: [ 18, 18 ] } }, footprints: { switch: { params: { to: \"{{name}}_switch\" } } , studio_diode: { what: diode, placement: { at: [ 0, -5, 0 ] }, params: { from: \"{{name}}_switch\", to: \"{{row_net}}\" } }}}, fingers_c7_r4: { kind: key, label: fingers_c7_r4, part: mx, pcb: main , cluster: fingers, cell: [ c7, r4 ], envelopes: { keycap: { size: [ 18, 18 ] } }, footprints: { switch: { params: { to: \"{{name}}_switch\" } } , studio_diode: { what: diode, placement: { at: [ 0, -5, 0 ] }, params: { from: \"{{name}}_switch\", to: \"{{row_net}}\" } }}}, fingers_c7_r5: { kind: key, label: fingers_c7_r5, part: mx, pcb: main , cluster: fingers, cell: [ c7, r5 ], envelopes: { keycap: { size: [ 18, 18 ] } }, footprints: { switch: { params: { to: \"{{name}}_switch\" } } , studio_diode: { what: diode, placement: { at: [ 0, -5, 0 ] }, params: { from: \"{{name}}_switch\", to: \"{{row_net}}\" } }}}, fingers_c7_r6: { kind: key, label: fingers_c7_r6, part: mx, pcb: main , cluster: fingers, cell: [ c7, r6 ], envelopes: { keycap: { size: [ 18, 18 ] } }, footprints: { switch: { params: { to: \"{{name}}_switch\" } } , studio_diode: { what: diode, placement: { at: [ 0, -5, 0 ] }, params: { from: \"{{name}}_switch\", to: \"{{row_net}}\" } }}}, fingers_c8_r1: { kind: key, label: fingers_c8_r1, part: mx, pcb: main , cluster: fingers, cell: [ c8, r1 ], envelopes: { keycap: { size: [ 18, 18 ] } }, footprints: { switch: { params: { to: \"{{name}}_switch\" } } , studio_diode: { what: diode, placement: { at: [ 0, -5, 0 ] }, params: { from: \"{{name}}_switch\", to: \"{{row_net}}\" } }}}, fingers_c8_r2: { kind: key, label: fingers_c8_r2, part: mx, pcb: main , cluster: fingers, cell: [ c8, r2 ], envelopes: { keycap: { size: [ 18, 18 ] } }, footprints: { switch: { params: { to: \"{{name}}_switch\" } } , studio_diode: { what: diode, placement: { at: [ 0, -5, 0 ] }, params: { from: \"{{name}}_switch\", to: \"{{row_net}}\" } }}}, fingers_c8_r3: { kind: key, label: fingers_c8_r3, part: mx, pcb: main , cluster: fingers, cell: [ c8, r3 ], envelopes: { keycap: { size: [ 18, 18 ] } }, footprints: { switch: { params: { to: \"{{name}}_switch\" } } , studio_diode: { what: diode, placement: { at: [ 0, -5, 0 ] }, params: { from: \"{{name}}_switch\", to: \"{{row_net}}\" } }}}, fingers_c8_r4: { kind: key, label: fingers_c8_r4, part: mx, pcb: main , cluster: fingers, cell: [ c8, r4 ], envelopes: { keycap: { size: [ 18, 18 ] } }, footprints: { switch: { params: { to: \"{{name}}_switch\" } } , studio_diode: { what: diode, placement: { at: [ 0, -5, 0 ] }, params: { from: \"{{name}}_switch\", to: \"{{row_net}}\" } }}}, fingers_c8_r5: { kind: key, label: fingers_c8_r5, part: mx, pcb: main , cluster: fingers, cell: [ c8, r5 ], envelopes: { keycap: { size: [ 18, 18 ] } }, footprints: { switch: { params: { to: \"{{name}}_switch\" } } , studio_diode: { what: diode, placement: { at: [ 0, -5, 0 ] }, params: { from: \"{{name}}_switch\", to: \"{{row_net}}\" } }}}, fingers_c8_r6: { kind: key, label: fingers_c8_r6, part: mx, pcb: main , cluster: fingers, cell: [ c8, r6 ], envelopes: { keycap: { size: [ 18, 18 ] } }, footprints: { switch: { params: { to: \"{{name}}_switch\" } } , studio_diode: { what: diode, placement: { at: [ 0, -5, 0 ] }, params: { from: \"{{name}}_switch\", to: \"{{row_net}}\" } }}}, fingers_c9_r1: { kind: key, label: fingers_c9_r1, part: mx, pcb: main , cluster: fingers, cell: [ c9, r1 ], envelopes: { keycap: { size: [ 18, 18 ] } }, footprints: { switch: { params: { to: \"{{name}}_switch\" } } , studio_diode: { what: diode, placement: { at: [ 0, -5, 0 ] }, params: { from: \"{{name}}_switch\", to: \"{{row_net}}\" } }}}, fingers_c9_r2: { kind: key, label: fingers_c9_r2, part: mx, pcb: main , cluster: fingers, cell: [ c9, r2 ], envelopes: { keycap: { size: [ 18, 18 ] } }, footprints: { switch: { params: { to: \"{{name}}_switch\" } } , studio_diode: { what: diode, placement: { at: [ 0, -5, 0 ] }, params: { from: \"{{name}}_switch\", to: \"{{row_net}}\" } }}}, fingers_c9_r3: { kind: key, label: fingers_c9_r3, part: mx, pcb: main , cluster: fingers, cell: [ c9, r3 ], envelopes: { keycap: { size: [ 18, 18 ] } }, footprints: { switch: { params: { to: \"{{name}}_switch\" } } , studio_diode: { what: diode, placement: { at: [ 0, -5, 0 ] }, params: { from: \"{{name}}_switch\", to: \"{{row_net}}\" } }}}, fingers_c9_r4: { kind: key, label: fingers_c9_r4, part: mx, pcb: main , cluster: fingers, cell: [ c9, r4 ], envelopes: { keycap: { size: [ 18, 18 ] } }, footprints: { switch: { params: { to: \"{{name}}_switch\" } } , studio_diode: { what: diode, placement: { at: [ 0, -5, 0 ] }, params: { from: \"{{name}}_switch\", to: \"{{row_net}}\" } }}}, fingers_c9_r5: { kind: key, label: fingers_c9_r5, part: mx, pcb: main , cluster: fingers, cell: [ c9, r5 ], envelopes: { keycap: { size: [ 18, 18 ] } }, footprints: { switch: { params: { to: \"{{name}}_switch\" } } , studio_diode: { what: diode, placement: { at: [ 0, -5, 0 ] }, params: { from: \"{{name}}_switch\", to: \"{{row_net}}\" } }}}, fingers_c9_r6: { kind: key, label: fingers_c9_r6, part: mx, pcb: main , cluster: fingers, cell: [ c9, r6 ], envelopes: { keycap: { size: [ 18, 18 ] } }, footprints: { switch: { params: { to: \"{{name}}_switch\" } } , studio_diode: { what: diode, placement: { at: [ 0, -5, 0 ] }, params: { from: \"{{name}}_switch\", to: \"{{row_net}}\" } }}}, fingers_c10_r1: { kind: key, label: fingers_c10_r1, part: mx, pcb: main , cluster: fingers, cell: [ c10, r1 ], envelopes: { keycap: { size: [ 18, 18 ] } }, footprints: { switch: { params: { to: \"{{name}}_switch\" } } , studio_diode: { what: diode, placement: { at: [ 0, -5, 0 ] }, params: { from: \"{{name}}_switch\", to: \"{{row_net}}\" } }}}, fingers_c10_r2: { kind: key, label: fingers_c10_r2, part: mx, pcb: main , cluster: fingers, cell: [ c10, r2 ], envelopes: { keycap: { size: [ 18, 18 ] } }, footprints: { switch: { params: { to: \"{{name}}_switch\" } } , studio_diode: { what: diode, placement: { at: [ 0, -5, 0 ] }, params: { from: \"{{name}}_switch\", to: \"{{row_net}}\" } }}}, fingers_c10_r3: { kind: key, label: fingers_c10_r3, part: mx, pcb: main , cluster: fingers, cell: [ c10, r3 ], envelopes: { keycap: { size: [ 18, 18 ] } }, footprints: { switch: { params: { to: \"{{name}}_switch\" } } , studio_diode: { what: diode, placement: { at: [ 0, -5, 0 ] }, params: { from: \"{{name}}_switch\", to: \"{{row_net}}\" } }}}, fingers_c10_r4: { kind: key, label: fingers_c10_r4, part: mx, pcb: main , cluster: fingers, cell: [ c10, r4 ], envelopes: { keycap: { size: [ 18, 18 ] } }, footprints: { switch: { params: { to: \"{{name}}_switch\" } } , studio_diode: { what: diode, placement: { at: [ 0, -5, 0 ] }, params: { from: \"{{name}}_switch\", to: \"{{row_net}}\" } }}}, fingers_c10_r5: { kind: key, label: fingers_c10_r5, part: mx, pcb: main , cluster: fingers, cell: [ c10, r5 ], envelopes: { keycap: { size: [ 18, 18 ] } }, footprints: { switch: { params: { to: \"{{name}}_switch\" } } , studio_diode: { what: diode, placement: { at: [ 0, -5, 0 ] }, params: { from: \"{{name}}_switch\", to: \"{{row_net}}\" } }}}, fingers_c10_r6: { kind: key, label: fingers_c10_r6, part: mx, pcb: main , cluster: fingers, cell: [ c10, r6 ], envelopes: { keycap: { size: [ 18, 18 ] } }, footprints: { switch: { params: { to: \"{{name}}_switch\" } } , studio_diode: { what: diode, placement: { at: [ 0, -5, 0 ] }, params: { from: \"{{name}}_switch\", to: \"{{row_net}}\" } }}}}, clusters: { fingers: { label: fingers, arrangement: { type: columns, columns: [ c1, c2, c3, c4, c5, c6, c7, c8, c9, c10 ], rows: [ r1, r2, r3, r4, r5, r6 ], pitch: [ pitch, pitch ] } } }}\npcbs: {main: {profile: profiles.main_outline, thickness: 1.6}}\nunits:\n  pitch: 19\nparts:\n  mx:\n    revision: \"1\"\n    envelopes:\n      pcb:\n        size:\n          - 18\n          - 18\n      plate:\n        size:\n          - 14\n          - 14\n      keycap:\n        size:\n          - 18\n          - 18\n    footprints:\n      switch:\n        what: mx\n        params:\n          from: \"{{column_net}}\"\n          to: \"{{row_net}}\"\nmeta:\n  studio:\n    electronics:\n      fingers_c1_r1:\n        diode:\n          switch: null\n      fingers_c1_r2:\n        diode:\n          switch: null\n      fingers_c1_r3:\n        diode:\n          switch: null\n      fingers_c1_r4:\n        diode:\n          switch: null\n      fingers_c1_r5:\n        diode:\n          switch: null\n      fingers_c1_r6:\n        diode:\n          switch: null\n      fingers_c2_r1:\n        diode:\n          switch: null\n      fingers_c2_r2:\n        diode:\n          switch: null\n      fingers_c2_r3:\n        diode:\n          switch: null\n      fingers_c2_r4:\n        diode:\n          switch: null\n      fingers_c2_r5:\n        diode:\n          switch: null\n      fingers_c2_r6:\n        diode:\n          switch: null\n      fingers_c3_r1:\n        diode:\n          switch: null\n      fingers_c3_r2:\n        diode:\n          switch: null\n      fingers_c3_r3:\n        diode:\n          switch: null\n      fingers_c3_r4:\n        diode:\n          switch: null\n      fingers_c3_r5:\n        diode:\n          switch: null\n      fingers_c3_r6:\n        diode:\n          switch: null\n      fingers_c4_r1:\n        diode:\n          switch: null\n      fingers_c4_r2:\n        diode:\n          switch: null\n      fingers_c4_r3:\n        diode:\n          switch: null\n      fingers_c4_r4:\n        diode:\n          switch: null\n      fingers_c4_r5:\n        diode:\n          switch: null\n      fingers_c4_r6:\n        diode:\n          switch: null\n      fingers_c5_r1:\n        diode:\n          switch: null\n      fingers_c5_r2:\n        diode:\n          switch: null\n      fingers_c5_r3:\n        diode:\n          switch: null\n      fingers_c5_r4:\n        diode:\n          switch: null\n      fingers_c5_r5:\n        diode:\n          switch: null\n      fingers_c5_r6:\n        diode:\n          switch: null\n      fingers_c6_r1:\n        diode:\n          switch: null\n      fingers_c6_r2:\n        diode:\n          switch: null\n      fingers_c6_r3:\n        diode:\n          switch: null\n      fingers_c6_r4:\n        diode:\n          switch: null\n      fingers_c6_r5:\n        diode:\n          switch: null\n      fingers_c6_r6:\n        diode:\n          switch: null\n      fingers_c7_r1:\n        diode:\n          switch: null\n      fingers_c7_r2:\n        diode:\n          switch: null\n      fingers_c7_r3:\n        diode:\n          switch: null\n      fingers_c7_r4:\n        diode:\n          switch: null\n      fingers_c7_r5:\n        diode:\n          switch: null\n      fingers_c7_r6:\n        diode:\n          switch: null\n      fingers_c8_r1:\n        diode:\n          switch: null\n      fingers_c8_r2:\n        diode:\n          switch: null\n      fingers_c8_r3:\n        diode:\n          switch: null\n      fingers_c8_r4:\n        diode:\n          switch: null\n      fingers_c8_r5:\n        diode:\n          switch: null\n      fingers_c8_r6:\n        diode:\n          switch: null\n      fingers_c9_r1:\n        diode:\n          switch: null\n      fingers_c9_r2:\n        diode:\n          switch: null\n      fingers_c9_r3:\n        diode:\n          switch: null\n      fingers_c9_r4:\n        diode:\n          switch: null\n      fingers_c9_r5:\n        diode:\n          switch: null\n      fingers_c9_r6:\n        diode:\n          switch: null\n      fingers_c10_r1:\n        diode:\n          switch: null\n      fingers_c10_r2:\n        diode:\n          switch: null\n      fingers_c10_r3:\n        diode:\n          switch: null\n      fingers_c10_r4:\n        diode:\n          switch: null\n      fingers_c10_r5:\n        diode:\n          switch: null\n      fingers_c10_r6:\n        diode:\n          switch: null\n    bridges:\n      main_edge: []\n    outline:\n      bridges:\n        main_edge: {}\ndesigns:\n  regions:\n    main_keycap:\n      select:\n        kind: key\n        pcb: main\n      envelope: keycap\n      close: 2\n  boundaries:\n    main_edge:\n      clearance: 2\n      simplify: 2\n      corners:\n        fillet: 2\n      holes: fill\n      connected: single\n      from:\n        - regions.main_keycap\n      bridges: {}\n  profiles:\n    main_outline:\n      from: boundaries.main_edge\n"
      }
    },
    {
      "scenario": "pointercancel",
      "metrics": {
        "eventCounts": {
          "pointerdown": 1,
          "pointermove": 2,
          "pointerup": 0,
          "pointercancel": 1
        },
        "pointerDownToFirstTransformMs": null,
        "firstMoveToFirstTransformMs": null,
        "moveToNextTransformMs": [
          null
        ],
        "pointerUpToPersistedMs": null,
        "pointerUpToWorkerRequestMs": null,
        "pointerUpToOutlineMs": null,
        "pointerUpToWorkerTerminalMs": null,
        "pointerUpToCommittedPolygonMs": null,
        "sourceChanged": false,
        "transformChanged": false,
        "polygonChanged": false
      },
      "problems": [],
      "value": {
        "source": "schema: ergogen/v1\nlayout: {objects: {fingers_c1_r1: { kind: key, label: fingers_c1_r1, part: mx, pcb: main , cluster: fingers, cell: [ c1, r1 ], envelopes: { keycap: { size: [ 18, 18 ] } }, footprints: { switch: { params: { to: \"{{name}}_switch\" } } , studio_diode: { what: diode, placement: { at: [ 0, -5, 0 ] }, params: { from: \"{{name}}_switch\", to: \"{{row_net}}\" } }}}, fingers_c1_r2: { kind: key, label: fingers_c1_r2, part: mx, pcb: main , cluster: fingers, cell: [ c1, r2 ], envelopes: { keycap: { size: [ 18, 18 ] } }, footprints: { switch: { params: { to: \"{{name}}_switch\" } } , studio_diode: { what: diode, placement: { at: [ 0, -5, 0 ] }, params: { from: \"{{name}}_switch\", to: \"{{row_net}}\" } }}}, fingers_c1_r3: { kind: key, label: fingers_c1_r3, part: mx, pcb: main , cluster: fingers, cell: [ c1, r3 ], envelopes: { keycap: { size: [ 18, 18 ] } }, footprints: { switch: { params: { to: \"{{name}}_switch\" } } , studio_diode: { what: diode, placement: { at: [ 0, -5, 0 ] }, params: { from: \"{{name}}_switch\", to: \"{{row_net}}\" } }}}, fingers_c1_r4: { kind: key, label: fingers_c1_r4, part: mx, pcb: main , cluster: fingers, cell: [ c1, r4 ], envelopes: { keycap: { size: [ 18, 18 ] } }, footprints: { switch: { params: { to: \"{{name}}_switch\" } } , studio_diode: { what: diode, placement: { at: [ 0, -5, 0 ] }, params: { from: \"{{name}}_switch\", to: \"{{row_net}}\" } }}}, fingers_c1_r5: { kind: key, label: fingers_c1_r5, part: mx, pcb: main , cluster: fingers, cell: [ c1, r5 ], envelopes: { keycap: { size: [ 18, 18 ] } }, footprints: { switch: { params: { to: \"{{name}}_switch\" } } , studio_diode: { what: diode, placement: { at: [ 0, -5, 0 ] }, params: { from: \"{{name}}_switch\", to: \"{{row_net}}\" } }}}, fingers_c1_r6: { kind: key, label: fingers_c1_r6, part: mx, pcb: main , cluster: fingers, cell: [ c1, r6 ], envelopes: { keycap: { size: [ 18, 18 ] } }, footprints: { switch: { params: { to: \"{{name}}_switch\" } } , studio_diode: { what: diode, placement: { at: [ 0, -5, 0 ] }, params: { from: \"{{name}}_switch\", to: \"{{row_net}}\" } }}}, fingers_c2_r1: { kind: key, label: fingers_c2_r1, part: mx, pcb: main , cluster: fingers, cell: [ c2, r1 ], envelopes: { keycap: { size: [ 18, 18 ] } }, footprints: { switch: { params: { to: \"{{name}}_switch\" } } , studio_diode: { what: diode, placement: { at: [ 0, -5, 0 ] }, params: { from: \"{{name}}_switch\", to: \"{{row_net}}\" } }}}, fingers_c2_r2: { kind: key, label: fingers_c2_r2, part: mx, pcb: main , cluster: fingers, cell: [ c2, r2 ], envelopes: { keycap: { size: [ 18, 18 ] } }, footprints: { switch: { params: { to: \"{{name}}_switch\" } } , studio_diode: { what: diode, placement: { at: [ 0, -5, 0 ] }, params: { from: \"{{name}}_switch\", to: \"{{row_net}}\" } }}}, fingers_c2_r3: { kind: key, label: fingers_c2_r3, part: mx, pcb: main , cluster: fingers, cell: [ c2, r3 ], envelopes: { keycap: { size: [ 18, 18 ] } }, footprints: { switch: { params: { to: \"{{name}}_switch\" } } , studio_diode: { what: diode, placement: { at: [ 0, -5, 0 ] }, params: { from: \"{{name}}_switch\", to: \"{{row_net}}\" } }}}, fingers_c2_r4: { kind: key, label: fingers_c2_r4, part: mx, pcb: main , cluster: fingers, cell: [ c2, r4 ], envelopes: { keycap: { size: [ 18, 18 ] } }, footprints: { switch: { params: { to: \"{{name}}_switch\" } } , studio_diode: { what: diode, placement: { at: [ 0, -5, 0 ] }, params: { from: \"{{name}}_switch\", to: \"{{row_net}}\" } }}}, fingers_c2_r5: { kind: key, label: fingers_c2_r5, part: mx, pcb: main , cluster: fingers, cell: [ c2, r5 ], envelopes: { keycap: { size: [ 18, 18 ] } }, footprints: { switch: { params: { to: \"{{name}}_switch\" } } , studio_diode: { what: diode, placement: { at: [ 0, -5, 0 ] }, params: { from: \"{{name}}_switch\", to: \"{{row_net}}\" } }}}, fingers_c2_r6: { kind: key, label: fingers_c2_r6, part: mx, pcb: main , cluster: fingers, cell: [ c2, r6 ], envelopes: { keycap: { size: [ 18, 18 ] } }, footprints: { switch: { params: { to: \"{{name}}_switch\" } } , studio_diode: { what: diode, placement: { at: [ 0, -5, 0 ] }, params: { from: \"{{name}}_switch\", to: \"{{row_net}}\" } }}}, fingers_c3_r1: { kind: key, label: fingers_c3_r1, part: mx, pcb: main , cluster: fingers, cell: [ c3, r1 ], envelopes: { keycap: { size: [ 18, 18 ] } }, footprints: { switch: { params: { to: \"{{name}}_switch\" } } , studio_diode: { what: diode, placement: { at: [ 0, -5, 0 ] }, params: { from: \"{{name}}_switch\", to: \"{{row_net}}\" } }}}, fingers_c3_r2: { kind: key, label: fingers_c3_r2, part: mx, pcb: main , cluster: fingers, cell: [ c3, r2 ], envelopes: { keycap: { size: [ 18, 18 ] } }, footprints: { switch: { params: { to: \"{{name}}_switch\" } } , studio_diode: { what: diode, placement: { at: [ 0, -5, 0 ] }, params: { from: \"{{name}}_switch\", to: \"{{row_net}}\" } }}}, fingers_c3_r3: { kind: key, label: fingers_c3_r3, part: mx, pcb: main , cluster: fingers, cell: [ c3, r3 ], envelopes: { keycap: { size: [ 18, 18 ] } }, footprints: { switch: { params: { to: \"{{name}}_switch\" } } , studio_diode: { what: diode, placement: { at: [ 0, -5, 0 ] }, params: { from: \"{{name}}_switch\", to: \"{{row_net}}\" } }}}, fingers_c3_r4: { kind: key, label: fingers_c3_r4, part: mx, pcb: main , cluster: fingers, cell: [ c3, r4 ], envelopes: { keycap: { size: [ 18, 18 ] } }, footprints: { switch: { params: { to: \"{{name}}_switch\" } } , studio_diode: { what: diode, placement: { at: [ 0, -5, 0 ] }, params: { from: \"{{name}}_switch\", to: \"{{row_net}}\" } }}}, fingers_c3_r5: { kind: key, label: fingers_c3_r5, part: mx, pcb: main , cluster: fingers, cell: [ c3, r5 ], envelopes: { keycap: { size: [ 18, 18 ] } }, footprints: { switch: { params: { to: \"{{name}}_switch\" } } , studio_diode: { what: diode, placement: { at: [ 0, -5, 0 ] }, params: { from: \"{{name}}_switch\", to: \"{{row_net}}\" } }}}, fingers_c3_r6: { kind: key, label: fingers_c3_r6, part: mx, pcb: main , cluster: fingers, cell: [ c3, r6 ], envelopes: { keycap: { size: [ 18, 18 ] } }, footprints: { switch: { params: { to: \"{{name}}_switch\" } } , studio_diode: { what: diode, placement: { at: [ 0, -5, 0 ] }, params: { from: \"{{name}}_switch\", to: \"{{row_net}}\" } }}}, fingers_c4_r1: { kind: key, label: fingers_c4_r1, part: mx, pcb: main , cluster: fingers, cell: [ c4, r1 ], envelopes: { keycap: { size: [ 18, 18 ] } }, footprints: { switch: { params: { to: \"{{name}}_switch\" } } , studio_diode: { what: diode, placement: { at: [ 0, -5, 0 ] }, params: { from: \"{{name}}_switch\", to: \"{{row_net}}\" } }}}, fingers_c4_r2: { kind: key, label: fingers_c4_r2, part: mx, pcb: main , cluster: fingers, cell: [ c4, r2 ], envelopes: { keycap: { size: [ 18, 18 ] } }, footprints: { switch: { params: { to: \"{{name}}_switch\" } } , studio_diode: { what: diode, placement: { at: [ 0, -5, 0 ] }, params: { from: \"{{name}}_switch\", to: \"{{row_net}}\" } }}}, fingers_c4_r3: { kind: key, label: fingers_c4_r3, part: mx, pcb: main , cluster: fingers, cell: [ c4, r3 ], envelopes: { keycap: { size: [ 18, 18 ] } }, footprints: { switch: { params: { to: \"{{name}}_switch\" } } , studio_diode: { what: diode, placement: { at: [ 0, -5, 0 ] }, params: { from: \"{{name}}_switch\", to: \"{{row_net}}\" } }}}, fingers_c4_r4: { kind: key, label: fingers_c4_r4, part: mx, pcb: main , cluster: fingers, cell: [ c4, r4 ], envelopes: { keycap: { size: [ 18, 18 ] } }, footprints: { switch: { params: { to: \"{{name}}_switch\" } } , studio_diode: { what: diode, placement: { at: [ 0, -5, 0 ] }, params: { from: \"{{name}}_switch\", to: \"{{row_net}}\" } }}}, fingers_c4_r5: { kind: key, label: fingers_c4_r5, part: mx, pcb: main , cluster: fingers, cell: [ c4, r5 ], envelopes: { keycap: { size: [ 18, 18 ] } }, footprints: { switch: { params: { to: \"{{name}}_switch\" } } , studio_diode: { what: diode, placement: { at: [ 0, -5, 0 ] }, params: { from: \"{{name}}_switch\", to: \"{{row_net}}\" } }}}, fingers_c4_r6: { kind: key, label: fingers_c4_r6, part: mx, pcb: main , cluster: fingers, cell: [ c4, r6 ], envelopes: { keycap: { size: [ 18, 18 ] } }, footprints: { switch: { params: { to: \"{{name}}_switch\" } } , studio_diode: { what: diode, placement: { at: [ 0, -5, 0 ] }, params: { from: \"{{name}}_switch\", to: \"{{row_net}}\" } }}}, fingers_c5_r1: { kind: key, label: fingers_c5_r1, part: mx, pcb: main , cluster: fingers, cell: [ c5, r1 ], envelopes: { keycap: { size: [ 18, 18 ] } }, footprints: { switch: { params: { to: \"{{name}}_switch\" } } , studio_diode: { what: diode, placement: { at: [ 0, -5, 0 ] }, params: { from: \"{{name}}_switch\", to: \"{{row_net}}\" } }}}, fingers_c5_r2: { kind: key, label: fingers_c5_r2, part: mx, pcb: main , cluster: fingers, cell: [ c5, r2 ], envelopes: { keycap: { size: [ 18, 18 ] } }, footprints: { switch: { params: { to: \"{{name}}_switch\" } } , studio_diode: { what: diode, placement: { at: [ 0, -5, 0 ] }, params: { from: \"{{name}}_switch\", to: \"{{row_net}}\" } }}}, fingers_c5_r3: { kind: key, label: fingers_c5_r3, part: mx, pcb: main , cluster: fingers, cell: [ c5, r3 ], envelopes: { keycap: { size: [ 18, 18 ] } }, footprints: { switch: { params: { to: \"{{name}}_switch\" } } , studio_diode: { what: diode, placement: { at: [ 0, -5, 0 ] }, params: { from: \"{{name}}_switch\", to: \"{{row_net}}\" } }}}, fingers_c5_r4: { kind: key, label: fingers_c5_r4, part: mx, pcb: main , cluster: fingers, cell: [ c5, r4 ], envelopes: { keycap: { size: [ 18, 18 ] } }, footprints: { switch: { params: { to: \"{{name}}_switch\" } } , studio_diode: { what: diode, placement: { at: [ 0, -5, 0 ] }, params: { from: \"{{name}}_switch\", to: \"{{row_net}}\" } }}}, fingers_c5_r5: { kind: key, label: fingers_c5_r5, part: mx, pcb: main , cluster: fingers, cell: [ c5, r5 ], envelopes: { keycap: { size: [ 18, 18 ] } }, footprints: { switch: { params: { to: \"{{name}}_switch\" } } , studio_diode: { what: diode, placement: { at: [ 0, -5, 0 ] }, params: { from: \"{{name}}_switch\", to: \"{{row_net}}\" } }}}, fingers_c5_r6: { kind: key, label: fingers_c5_r6, part: mx, pcb: main , cluster: fingers, cell: [ c5, r6 ], envelopes: { keycap: { size: [ 18, 18 ] } }, footprints: { switch: { params: { to: \"{{name}}_switch\" } } , studio_diode: { what: diode, placement: { at: [ 0, -5, 0 ] }, params: { from: \"{{name}}_switch\", to: \"{{row_net}}\" } }}}, fingers_c6_r1: { kind: key, label: fingers_c6_r1, part: mx, pcb: main , cluster: fingers, cell: [ c6, r1 ], envelopes: { keycap: { size: [ 18, 18 ] } }, footprints: { switch: { params: { to: \"{{name}}_switch\" } } , studio_diode: { what: diode, placement: { at: [ 0, -5, 0 ] }, params: { from: \"{{name}}_switch\", to: \"{{row_net}}\" } }}}, fingers_c6_r2: { kind: key, label: fingers_c6_r2, part: mx, pcb: main , cluster: fingers, cell: [ c6, r2 ], envelopes: { keycap: { size: [ 18, 18 ] } }, footprints: { switch: { params: { to: \"{{name}}_switch\" } } , studio_diode: { what: diode, placement: { at: [ 0, -5, 0 ] }, params: { from: \"{{name}}_switch\", to: \"{{row_net}}\" } }}}, fingers_c6_r3: { kind: key, label: fingers_c6_r3, part: mx, pcb: main , cluster: fingers, cell: [ c6, r3 ], envelopes: { keycap: { size: [ 18, 18 ] } }, footprints: { switch: { params: { to: \"{{name}}_switch\" } } , studio_diode: { what: diode, placement: { at: [ 0, -5, 0 ] }, params: { from: \"{{name}}_switch\", to: \"{{row_net}}\" } }}}, fingers_c6_r4: { kind: key, label: fingers_c6_r4, part: mx, pcb: main , cluster: fingers, cell: [ c6, r4 ], envelopes: { keycap: { size: [ 18, 18 ] } }, footprints: { switch: { params: { to: \"{{name}}_switch\" } } , studio_diode: { what: diode, placement: { at: [ 0, -5, 0 ] }, params: { from: \"{{name}}_switch\", to: \"{{row_net}}\" } }}}, fingers_c6_r5: { kind: key, label: fingers_c6_r5, part: mx, pcb: main , cluster: fingers, cell: [ c6, r5 ], envelopes: { keycap: { size: [ 18, 18 ] } }, footprints: { switch: { params: { to: \"{{name}}_switch\" } } , studio_diode: { what: diode, placement: { at: [ 0, -5, 0 ] }, params: { from: \"{{name}}_switch\", to: \"{{row_net}}\" } }}}, fingers_c6_r6: { kind: key, label: fingers_c6_r6, part: mx, pcb: main , cluster: fingers, cell: [ c6, r6 ], envelopes: { keycap: { size: [ 18, 18 ] } }, footprints: { switch: { params: { to: \"{{name}}_switch\" } } , studio_diode: { what: diode, placement: { at: [ 0, -5, 0 ] }, params: { from: \"{{name}}_switch\", to: \"{{row_net}}\" } }}}, fingers_c7_r1: { kind: key, label: fingers_c7_r1, part: mx, pcb: main , cluster: fingers, cell: [ c7, r1 ], envelopes: { keycap: { size: [ 18, 18 ] } }, footprints: { switch: { params: { to: \"{{name}}_switch\" } } , studio_diode: { what: diode, placement: { at: [ 0, -5, 0 ] }, params: { from: \"{{name}}_switch\", to: \"{{row_net}}\" } }}}, fingers_c7_r2: { kind: key, label: fingers_c7_r2, part: mx, pcb: main , cluster: fingers, cell: [ c7, r2 ], envelopes: { keycap: { size: [ 18, 18 ] } }, footprints: { switch: { params: { to: \"{{name}}_switch\" } } , studio_diode: { what: diode, placement: { at: [ 0, -5, 0 ] }, params: { from: \"{{name}}_switch\", to: \"{{row_net}}\" } }}}, fingers_c7_r3: { kind: key, label: fingers_c7_r3, part: mx, pcb: main , cluster: fingers, cell: [ c7, r3 ], envelopes: { keycap: { size: [ 18, 18 ] } }, footprints: { switch: { params: { to: \"{{name}}_switch\" } } , studio_diode: { what: diode, placement: { at: [ 0, -5, 0 ] }, params: { from: \"{{name}}_switch\", to: \"{{row_net}}\" } }}}, fingers_c7_r4: { kind: key, label: fingers_c7_r4, part: mx, pcb: main , cluster: fingers, cell: [ c7, r4 ], envelopes: { keycap: { size: [ 18, 18 ] } }, footprints: { switch: { params: { to: \"{{name}}_switch\" } } , studio_diode: { what: diode, placement: { at: [ 0, -5, 0 ] }, params: { from: \"{{name}}_switch\", to: \"{{row_net}}\" } }}}, fingers_c7_r5: { kind: key, label: fingers_c7_r5, part: mx, pcb: main , cluster: fingers, cell: [ c7, r5 ], envelopes: { keycap: { size: [ 18, 18 ] } }, footprints: { switch: { params: { to: \"{{name}}_switch\" } } , studio_diode: { what: diode, placement: { at: [ 0, -5, 0 ] }, params: { from: \"{{name}}_switch\", to: \"{{row_net}}\" } }}}, fingers_c7_r6: { kind: key, label: fingers_c7_r6, part: mx, pcb: main , cluster: fingers, cell: [ c7, r6 ], envelopes: { keycap: { size: [ 18, 18 ] } }, footprints: { switch: { params: { to: \"{{name}}_switch\" } } , studio_diode: { what: diode, placement: { at: [ 0, -5, 0 ] }, params: { from: \"{{name}}_switch\", to: \"{{row_net}}\" } }}}, fingers_c8_r1: { kind: key, label: fingers_c8_r1, part: mx, pcb: main , cluster: fingers, cell: [ c8, r1 ], envelopes: { keycap: { size: [ 18, 18 ] } }, footprints: { switch: { params: { to: \"{{name}}_switch\" } } , studio_diode: { what: diode, placement: { at: [ 0, -5, 0 ] }, params: { from: \"{{name}}_switch\", to: \"{{row_net}}\" } }}}, fingers_c8_r2: { kind: key, label: fingers_c8_r2, part: mx, pcb: main , cluster: fingers, cell: [ c8, r2 ], envelopes: { keycap: { size: [ 18, 18 ] } }, footprints: { switch: { params: { to: \"{{name}}_switch\" } } , studio_diode: { what: diode, placement: { at: [ 0, -5, 0 ] }, params: { from: \"{{name}}_switch\", to: \"{{row_net}}\" } }}}, fingers_c8_r3: { kind: key, label: fingers_c8_r3, part: mx, pcb: main , cluster: fingers, cell: [ c8, r3 ], envelopes: { keycap: { size: [ 18, 18 ] } }, footprints: { switch: { params: { to: \"{{name}}_switch\" } } , studio_diode: { what: diode, placement: { at: [ 0, -5, 0 ] }, params: { from: \"{{name}}_switch\", to: \"{{row_net}}\" } }}}, fingers_c8_r4: { kind: key, label: fingers_c8_r4, part: mx, pcb: main , cluster: fingers, cell: [ c8, r4 ], envelopes: { keycap: { size: [ 18, 18 ] } }, footprints: { switch: { params: { to: \"{{name}}_switch\" } } , studio_diode: { what: diode, placement: { at: [ 0, -5, 0 ] }, params: { from: \"{{name}}_switch\", to: \"{{row_net}}\" } }}}, fingers_c8_r5: { kind: key, label: fingers_c8_r5, part: mx, pcb: main , cluster: fingers, cell: [ c8, r5 ], envelopes: { keycap: { size: [ 18, 18 ] } }, footprints: { switch: { params: { to: \"{{name}}_switch\" } } , studio_diode: { what: diode, placement: { at: [ 0, -5, 0 ] }, params: { from: \"{{name}}_switch\", to: \"{{row_net}}\" } }}}, fingers_c8_r6: { kind: key, label: fingers_c8_r6, part: mx, pcb: main , cluster: fingers, cell: [ c8, r6 ], envelopes: { keycap: { size: [ 18, 18 ] } }, footprints: { switch: { params: { to: \"{{name}}_switch\" } } , studio_diode: { what: diode, placement: { at: [ 0, -5, 0 ] }, params: { from: \"{{name}}_switch\", to: \"{{row_net}}\" } }}}, fingers_c9_r1: { kind: key, label: fingers_c9_r1, part: mx, pcb: main , cluster: fingers, cell: [ c9, r1 ], envelopes: { keycap: { size: [ 18, 18 ] } }, footprints: { switch: { params: { to: \"{{name}}_switch\" } } , studio_diode: { what: diode, placement: { at: [ 0, -5, 0 ] }, params: { from: \"{{name}}_switch\", to: \"{{row_net}}\" } }}}, fingers_c9_r2: { kind: key, label: fingers_c9_r2, part: mx, pcb: main , cluster: fingers, cell: [ c9, r2 ], envelopes: { keycap: { size: [ 18, 18 ] } }, footprints: { switch: { params: { to: \"{{name}}_switch\" } } , studio_diode: { what: diode, placement: { at: [ 0, -5, 0 ] }, params: { from: \"{{name}}_switch\", to: \"{{row_net}}\" } }}}, fingers_c9_r3: { kind: key, label: fingers_c9_r3, part: mx, pcb: main , cluster: fingers, cell: [ c9, r3 ], envelopes: { keycap: { size: [ 18, 18 ] } }, footprints: { switch: { params: { to: \"{{name}}_switch\" } } , studio_diode: { what: diode, placement: { at: [ 0, -5, 0 ] }, params: { from: \"{{name}}_switch\", to: \"{{row_net}}\" } }}}, fingers_c9_r4: { kind: key, label: fingers_c9_r4, part: mx, pcb: main , cluster: fingers, cell: [ c9, r4 ], envelopes: { keycap: { size: [ 18, 18 ] } }, footprints: { switch: { params: { to: \"{{name}}_switch\" } } , studio_diode: { what: diode, placement: { at: [ 0, -5, 0 ] }, params: { from: \"{{name}}_switch\", to: \"{{row_net}}\" } }}}, fingers_c9_r5: { kind: key, label: fingers_c9_r5, part: mx, pcb: main , cluster: fingers, cell: [ c9, r5 ], envelopes: { keycap: { size: [ 18, 18 ] } }, footprints: { switch: { params: { to: \"{{name}}_switch\" } } , studio_diode: { what: diode, placement: { at: [ 0, -5, 0 ] }, params: { from: \"{{name}}_switch\", to: \"{{row_net}}\" } }}}, fingers_c9_r6: { kind: key, label: fingers_c9_r6, part: mx, pcb: main , cluster: fingers, cell: [ c9, r6 ], envelopes: { keycap: { size: [ 18, 18 ] } }, footprints: { switch: { params: { to: \"{{name}}_switch\" } } , studio_diode: { what: diode, placement: { at: [ 0, -5, 0 ] }, params: { from: \"{{name}}_switch\", to: \"{{row_net}}\" } }}}, fingers_c10_r1: { kind: key, label: fingers_c10_r1, part: mx, pcb: main , cluster: fingers, cell: [ c10, r1 ], envelopes: { keycap: { size: [ 18, 18 ] } }, footprints: { switch: { params: { to: \"{{name}}_switch\" } } , studio_diode: { what: diode, placement: { at: [ 0, -5, 0 ] }, params: { from: \"{{name}}_switch\", to: \"{{row_net}}\" } }}}, fingers_c10_r2: { kind: key, label: fingers_c10_r2, part: mx, pcb: main , cluster: fingers, cell: [ c10, r2 ], envelopes: { keycap: { size: [ 18, 18 ] } }, footprints: { switch: { params: { to: \"{{name}}_switch\" } } , studio_diode: { what: diode, placement: { at: [ 0, -5, 0 ] }, params: { from: \"{{name}}_switch\", to: \"{{row_net}}\" } }}}, fingers_c10_r3: { kind: key, label: fingers_c10_r3, part: mx, pcb: main , cluster: fingers, cell: [ c10, r3 ], envelopes: { keycap: { size: [ 18, 18 ] } }, footprints: { switch: { params: { to: \"{{name}}_switch\" } } , studio_diode: { what: diode, placement: { at: [ 0, -5, 0 ] }, params: { from: \"{{name}}_switch\", to: \"{{row_net}}\" } }}}, fingers_c10_r4: { kind: key, label: fingers_c10_r4, part: mx, pcb: main , cluster: fingers, cell: [ c10, r4 ], envelopes: { keycap: { size: [ 18, 18 ] } }, footprints: { switch: { params: { to: \"{{name}}_switch\" } } , studio_diode: { what: diode, placement: { at: [ 0, -5, 0 ] }, params: { from: \"{{name}}_switch\", to: \"{{row_net}}\" } }}}, fingers_c10_r5: { kind: key, label: fingers_c10_r5, part: mx, pcb: main , cluster: fingers, cell: [ c10, r5 ], envelopes: { keycap: { size: [ 18, 18 ] } }, footprints: { switch: { params: { to: \"{{name}}_switch\" } } , studio_diode: { what: diode, placement: { at: [ 0, -5, 0 ] }, params: { from: \"{{name}}_switch\", to: \"{{row_net}}\" } }}}, fingers_c10_r6: { kind: key, label: fingers_c10_r6, part: mx, pcb: main , cluster: fingers, cell: [ c10, r6 ], envelopes: { keycap: { size: [ 18, 18 ] } }, footprints: { switch: { params: { to: \"{{name}}_switch\" } } , studio_diode: { what: diode, placement: { at: [ 0, -5, 0 ] }, params: { from: \"{{name}}_switch\", to: \"{{row_net}}\" } }}}}, clusters: { fingers: { label: fingers, arrangement: { type: columns, columns: [ c1, c2, c3, c4, c5, c6, c7, c8, c9, c10 ], rows: [ r1, r2, r3, r4, r5, r6 ], pitch: [ pitch, pitch ] } } }}\npcbs: {main: {profile: profiles.main_outline, thickness: 1.6}}\nunits:\n  pitch: 19\nparts:\n  mx:\n    revision: \"1\"\n    envelopes:\n      pcb:\n        size:\n          - 18\n          - 18\n      plate:\n        size:\n          - 14\n          - 14\n      keycap:\n        size:\n          - 18\n          - 18\n    footprints:\n      switch:\n        what: mx\n        params:\n          from: \"{{column_net}}\"\n          to: \"{{row_net}}\"\nmeta:\n  studio:\n    electronics:\n      fingers_c1_r1:\n        diode:\n          switch: null\n      fingers_c1_r2:\n        diode:\n          switch: null\n      fingers_c1_r3:\n        diode:\n          switch: null\n      fingers_c1_r4:\n        diode:\n          switch: null\n      fingers_c1_r5:\n        diode:\n          switch: null\n      fingers_c1_r6:\n        diode:\n          switch: null\n      fingers_c2_r1:\n        diode:\n          switch: null\n      fingers_c2_r2:\n        diode:\n          switch: null\n      fingers_c2_r3:\n        diode:\n          switch: null\n      fingers_c2_r4:\n        diode:\n          switch: null\n      fingers_c2_r5:\n        diode:\n          switch: null\n      fingers_c2_r6:\n        diode:\n          switch: null\n      fingers_c3_r1:\n        diode:\n          switch: null\n      fingers_c3_r2:\n        diode:\n          switch: null\n      fingers_c3_r3:\n        diode:\n          switch: null\n      fingers_c3_r4:\n        diode:\n          switch: null\n      fingers_c3_r5:\n        diode:\n          switch: null\n      fingers_c3_r6:\n        diode:\n          switch: null\n      fingers_c4_r1:\n        diode:\n          switch: null\n      fingers_c4_r2:\n        diode:\n          switch: null\n      fingers_c4_r3:\n        diode:\n          switch: null\n      fingers_c4_r4:\n        diode:\n          switch: null\n      fingers_c4_r5:\n        diode:\n          switch: null\n      fingers_c4_r6:\n        diode:\n          switch: null\n      fingers_c5_r1:\n        diode:\n          switch: null\n      fingers_c5_r2:\n        diode:\n          switch: null\n      fingers_c5_r3:\n        diode:\n          switch: null\n      fingers_c5_r4:\n        diode:\n          switch: null\n      fingers_c5_r5:\n        diode:\n          switch: null\n      fingers_c5_r6:\n        diode:\n          switch: null\n      fingers_c6_r1:\n        diode:\n          switch: null\n      fingers_c6_r2:\n        diode:\n          switch: null\n      fingers_c6_r3:\n        diode:\n          switch: null\n      fingers_c6_r4:\n        diode:\n          switch: null\n      fingers_c6_r5:\n        diode:\n          switch: null\n      fingers_c6_r6:\n        diode:\n          switch: null\n      fingers_c7_r1:\n        diode:\n          switch: null\n      fingers_c7_r2:\n        diode:\n          switch: null\n      fingers_c7_r3:\n        diode:\n          switch: null\n      fingers_c7_r4:\n        diode:\n          switch: null\n      fingers_c7_r5:\n        diode:\n          switch: null\n      fingers_c7_r6:\n        diode:\n          switch: null\n      fingers_c8_r1:\n        diode:\n          switch: null\n      fingers_c8_r2:\n        diode:\n          switch: null\n      fingers_c8_r3:\n        diode:\n          switch: null\n      fingers_c8_r4:\n        diode:\n          switch: null\n      fingers_c8_r5:\n        diode:\n          switch: null\n      fingers_c8_r6:\n        diode:\n          switch: null\n      fingers_c9_r1:\n        diode:\n          switch: null\n      fingers_c9_r2:\n        diode:\n          switch: null\n      fingers_c9_r3:\n        diode:\n          switch: null\n      fingers_c9_r4:\n        diode:\n          switch: null\n      fingers_c9_r5:\n        diode:\n          switch: null\n      fingers_c9_r6:\n        diode:\n          switch: null\n      fingers_c10_r1:\n        diode:\n          switch: null\n      fingers_c10_r2:\n        diode:\n          switch: null\n      fingers_c10_r3:\n        diode:\n          switch: null\n      fingers_c10_r4:\n        diode:\n          switch: null\n      fingers_c10_r5:\n        diode:\n          switch: null\n      fingers_c10_r6:\n        diode:\n          switch: null\n    bridges:\n      main_edge: []\n    outline:\n      bridges:\n        main_edge: {}\ndesigns:\n  regions:\n    main_keycap:\n      select:\n        kind: key\n        pcb: main\n      envelope: keycap\n      close: 2\n  boundaries:\n    main_edge:\n      clearance: 2\n      simplify: 2\n      corners:\n        fillet: 2\n      holes: fill\n      connected: single\n      from:\n        - regions.main_keycap\n      bridges: {}\n  profiles:\n    main_outline:\n      from: boundaries.main_edge\n"
      }
    }
  ]
}
