[2m[WebServer] [22m(node:1823174) Warning: The 'NO_COLOR' env is ignored due to the 'FORCE_COLOR' env being set.
[2m[WebServer] [22m(Use `node --trace-warnings ...` to show where the warning was created)
[2m[WebServer] [22m(node:1823190) Warning: The 'NO_COLOR' env is ignored due to the 'FORCE_COLOR' env being set.
[2m[WebServer] [22m(Use `node --trace-warnings ...` to show where the warning was created)

Running 1 test using 1 worker

(node:1823213) Warning: The 'NO_COLOR' env is ignored due to the 'FORCE_COLOR' env being set.
(Use `node --trace-warnings ...` to show where the warning was created)
(node:1823213) Warning: The 'NO_COLOR' env is ignored due to the 'FORCE_COLOR' env being set.
(Use `node --trace-warnings ...` to show where the warning was created)
  ✘  1 [chromium] › e2e/studio-performance.spec.ts:24:5 › measures real keyboard editing response and source correctness (1.3m)


  1) [chromium] › e2e/studio-performance.spec.ts:24:5 › measures real keyboard editing response and source correctness 

    TimeoutError: locator.click: Timeout 15000ms exceeded.
    Call log:
    [2m  - waiting for getByRole('complementary', { name: 'Design inspector' }).getByRole('button', { name: 'fingers_c1_r1_diode' })[22m


       at utils/studioPerformance.ts:218

      216 |     .filter({ hasText: /^Components and free objects$/ })
      217 |     .click();
    > 218 |   await inspector.getByRole('button', { name: label }).click();
          |                                                        ^
      219 |   const started = await page.evaluate(() => performance.now());
      220 |   await inspector.getByLabel('X', { exact: true }).fill('1');
      221 |   await inspector.getByLabel('X', { exact: true }).press('Tab');
        at verifyComponentMove (/home/chris/projects/ts-boardstudio2/app/e2e/utils/studioPerformance.ts:218:56)
        at /home/chris/projects/ts-boardstudio2/app/e2e/studio-performance.spec.ts:232:39

    Error Context: test-results/studio-performance-measure-1f861-onse-and-source-correctness-chromium/error-context.md

  1 failed
    [chromium] › e2e/studio-performance.spec.ts:24:5 › measures real keyboard editing response and source correctness 
