[2m[WebServer] [22m(node:1755648) Warning: The 'NO_COLOR' env is ignored due to the 'FORCE_COLOR' env being set.
[2m[WebServer] [22m(Use `node --trace-warnings ...` to show where the warning was created)
[2m[WebServer] [22m(node:1755660) Warning: The 'NO_COLOR' env is ignored due to the 'FORCE_COLOR' env being set.
[2m[WebServer] [22m(Use `node --trace-warnings ...` to show where the warning was created)

Running 1 test using 1 worker

(node:1755915) Warning: The 'NO_COLOR' env is ignored due to the 'FORCE_COLOR' env being set.
(Use `node --trace-warnings ...` to show where the warning was created)
(node:1755915) Warning: The 'NO_COLOR' env is ignored due to the 'FORCE_COLOR' env being set.
(Use `node --trace-warnings ...` to show where the warning was created)
  ✘  1 [chromium] › e2e/studio-performance.spec.ts:31:5 › measures real 60-key editing response and source correctness (53.2s)


  1) [chromium] › e2e/studio-performance.spec.ts:31:5 › measures real 60-key editing response and source correctness 

    Error: [2mexpect([22m[31mlocator[39m[2m).[22mtoHaveCount[2m([22m[32mexpected[39m[2m)[22m failed

    Locator:  getByRole('button', { name: /^Select fingers_c\d+_r\d+$/ })
    Expected: [32m60[39m
    Received: [31m66[39m
    Timeout:  5000ms

    Call log:
    [2m  - Expect "toHaveCount" with timeout 5000ms[22m
    [2m  - waiting for getByRole('button', { name: /^Select fingers_c\d+_r\d+$/ })[22m
    [2m    9 × locator resolved to 66 elements[22m
    [2m      - unexpected value "66"[22m


      126 |           const count = dimension === 'columns' ? (base + delta) * 6 : (base + delta) * 10;
      127 |           await measure(`${delta ? 'add' : 'remove'}-${dimension}-${repeat}`, 'keydown', () => field.press('Tab'), async () => {
    > 128 |             await expect(keys(page)).toHaveCount(count);
          |                                      ^
      129 |             expect(Object.keys(parse(await readSource(page)).layout.objects).length).toBe(count);
      130 |           });
      131 |         }
        at verify (/home/chris/projects/ts-boardstudio2/app/e2e/studio-performance.spec.ts:128:38)
        at measure (/home/chris/projects/ts-boardstudio2/app/e2e/studio-performance.spec.ts:83:13)
        at /home/chris/projects/ts-boardstudio2/app/e2e/studio-performance.spec.ts:127:11

    Error Context: test-results/studio-performance-measure-98adb-onse-and-source-correctness-chromium/error-context.md

  1 failed
    [chromium] › e2e/studio-performance.spec.ts:31:5 › measures real 60-key editing response and source correctness 
