A [Error]: expect(locator).toBeVisible() failed

Locator: getByRole('img', { name: /^Footprint pads and geometry,/ })
Expected: visible
Timeout: 5000ms
Error: element(s) not found

Call log:
  - Expect "to.be.visible" with timeout 5000ms
  - waiting for getByRole('img', { name: /^Footprint pads and geometry,/ })

    at Proxy.<anonymous> (/home/chris/projects/ts-boardstudio2/node_modules/.pnpm/playwright@1.59.1/node_modules/playwright/lib/matchers/expect.js:213:24)
    at open (/home/chris/projects/ts-boardstudio2/.omo/ulw-loop/footprint-refresh-20260920/evidence/browser-final/qa.cjs:32:25)
    at async /home/chris/projects/ts-boardstudio2/.omo/ulw-loop/footprint-refresh-20260920/evidence/browser-final/qa.cjs:69:7 {
  matcherResult: {
    message: 'expect(locator).toBeVisible() failed\n' +
      '\n' +
      "Locator: getByRole('img', { name: /^Footprint pads and geometry,/ })\n" +
      'Expected: visible\n' +
      'Timeout: 5000ms\n' +
      'Error: element(s) not found\n' +
      '\n' +
      'Call log:\n' +
      '  - Expect "to.be.visible" with timeout 5000ms\n' +
      "  - waiting for getByRole('img', { name: /^Footprint pads and geometry,/ })\n",
    pass: false,
    actual: undefined,
    name: 'toBeVisible',
    expected: 'visible',
    log: [
      '  - Expect "to.be.visible" with timeout 5000ms',
      "  - waiting for getByRole('img', { name: /^Footprint pads and geometry,/ })"
    ],
    timeout: 5000
  }
}
