[33mThe CJS build of Vite's Node API is deprecated. See https://vite.dev/guide/troubleshooting.html#vite-cjs-node-api-deprecated for more details.[39m

 RUN  v2.1.9 /home/chris/projects/ts-boardstudio2/app

 ❯ src/utils/studioSourceBatch.test.ts (1 test | 1 failed) 613ms
   × adds a row with native electronics without reparsing for every default field 612ms
     → expected 30 to be less than or equal to 20

⎯⎯⎯⎯⎯⎯⎯ Failed Tests 1 ⎯⎯⎯⎯⎯⎯⎯

 FAIL  src/utils/studioSourceBatch.test.ts > adds a row with native electronics without reparsing for every default field
AssertionError: expected 30 to be less than or equal to 20
 ❯ src/utils/studioSourceBatch.test.ts:40:22
     38|     properties: { owner: 'fingers_c3_r3', role: 'diode' },
     39|   });
     40|   expect(parseCount).toBeLessThanOrEqual(20);
       |                      ^
     41| });
     42| 

⎯⎯⎯⎯⎯⎯⎯⎯⎯⎯⎯⎯⎯⎯⎯⎯⎯⎯⎯⎯⎯⎯⎯⎯[1/1]⎯

 Test Files  1 failed (1)
      Tests  1 failed (1)
   Start at  03:56:43
   Duration  2.03s (transform 192ms, setup 72ms, collect 590ms, tests 613ms, environment 557ms, prepare 59ms)

