[33mThe CJS build of Vite's Node API is deprecated. See https://vite.dev/guide/troubleshooting.html#vite-cjs-node-api-deprecated for more details.[39m

 RUN  v2.1.9 /home/chris/projects/ts-boardstudio2/app

 ✓ src/utils/assemblyRegression.test.ts (26 tests) 16036ms
   ✓ can grow the matrix after default onboarding 917ms
   ✓ can add a cluster after default onboarding 659ms
   ✓ preserves the LED chain when changing a key assembly placement 735ms
   ✓ updates linked mirrored bindings and adds new right-board keys 485ms
   ✓ keeps new mirrored keys and assembly offsets valid in native PCB and body geometry 1008ms
   ✓ keeps a managed LED chain connected when reopening setup after layout edits 476ms
   ✓ resolves the added arc cluster and its owned electronics 464ms
   ✓ reproduces resized 7x5 geometry and the automatic outline with a separate 2x2 matrix 7755ms
   ✓ generates PCB files after populating an empty single board 394ms
   ✓ generates PCB files after populating an empty mirrored board 897ms
 ✓ src/utils/designSetup.test.ts (7 tests) 4728ms
   ✓ deletes a key and its owned components together 580ms
   ✓ duplicates a matrix with exactly one owned diode per copied key 3714ms
 ✓ src/utils/studioSourceBatch.test.ts (1 test) 393ms
   ✓ adds a row with native electronics without reparsing for every default field 392ms

 Test Files  3 passed (3)
      Tests  34 passed (34)
   Start at  03:58:37
   Duration  25.01s (transform 374ms, setup 178ms, collect 1.35s, tests 21.16s, environment 1.73s, prepare 176ms)

