[33mThe CJS build of Vite's Node API is deprecated. See https://vite.dev/guide/troubleshooting.html#vite-cjs-node-api-deprecated for more details.[39m

 RUN  v2.1.9 /home/chris/projects/ts-boardstudio2/app

 ❯ src/utils/addCellBatch.test.ts (2 tests | 2 failed) 504ms
   × fills only the requested native cell with its exact defaults and free identity 405ms
     → expected 16 to be less than or equal to 7
   × fills only the requested legacy cell with its exact defaults and free identity 98ms
     → expected 9 to be less than or equal to 3

⎯⎯⎯⎯⎯⎯⎯ Failed Tests 2 ⎯⎯⎯⎯⎯⎯⎯

 FAIL  src/utils/addCellBatch.test.ts > fills only the requested native cell with its exact defaults and free identity
AssertionError: expected 16 to be less than or equal to 7
 ❯ src/utils/addCellBatch.test.ts:41:22
     39|   expect(actual.layout.objects?.fingers_c2_r2_2).toMatchObject({ kind:…
     40|   if (kind === 'legacy') expect(result.startsWith('# preserved cell co…
     41|   expect(parseCount).toBeLessThanOrEqual(kind === 'native' ? 7 : 3);
       |                      ^
     42| });
     43| 

⎯⎯⎯⎯⎯⎯⎯⎯⎯⎯⎯⎯⎯⎯⎯⎯⎯⎯⎯⎯⎯⎯⎯⎯[1/2]⎯

 FAIL  src/utils/addCellBatch.test.ts > fills only the requested legacy cell with its exact defaults and free identity
AssertionError: expected 9 to be less than or equal to 3
 ❯ src/utils/addCellBatch.test.ts:41:22
     39|   expect(actual.layout.objects?.fingers_c2_r2_2).toMatchObject({ kind:…
     40|   if (kind === 'legacy') expect(result.startsWith('# preserved cell co…
     41|   expect(parseCount).toBeLessThanOrEqual(kind === 'native' ? 7 : 3);
       |                      ^
     42| });
     43| 

⎯⎯⎯⎯⎯⎯⎯⎯⎯⎯⎯⎯⎯⎯⎯⎯⎯⎯⎯⎯⎯⎯⎯⎯[2/2]⎯

 Test Files  1 failed (1)
      Tests  2 failed (2)
   Start at  04:21:42
   Duration  1.93s (transform 193ms, setup 70ms, collect 591ms, tests 504ms, environment 563ms, prepare 58ms)

