[33mThe CJS build of Vite's Node API is deprecated. See https://vite.dev/guide/troubleshooting.html#vite-cjs-node-api-deprecated for more details.[39m

 RUN  v2.1.9 /home/chris/projects/ts-boardstudio2/app

 ✓ src/utils/assemblyRegression.test.ts (26 tests) 14432ms
   ✓ can grow the matrix after default onboarding 336ms
   ✓ preserves the LED chain when changing a key assembly placement 801ms
   ✓ preserves manually assigned switch nets when moving its assembly 314ms
   ✓ updates linked mirrored bindings and adds new right-board keys 419ms
   ✓ keeps new mirrored keys and assembly offsets valid in native PCB and body geometry 997ms
   ✓ keeps a managed LED chain connected when reopening setup after layout edits 439ms
   ✓ reproduces resized 7x5 geometry and the automatic outline with a separate 2x2 matrix 7664ms
   ✓ generates PCB files after populating an empty single board 343ms
   ✓ generates PCB files after populating an empty mirrored board 805ms
 ✓ src/utils/studioSourceBatch.test.ts (9 tests) 751ms
 ✓ src/utils/keyOptions.test.ts (5 tests) 587ms
   ✓ compiles managed switch, diode and LED footprints with separate nets 372ms
 ✓ src/utils/addCellBatch.test.ts (2 tests) 405ms
   ✓ fills only the requested native cell with its exact defaults and free identity 333ms
 ✓ src/utils/sourceSnapshot.test.ts (2 tests) 11ms

 Test Files  5 passed (5)
      Tests  44 passed (44)
   Start at  04:26:42
   Duration  22.99s (transform 461ms, setup 302ms, collect 2.47s, tests 16.19s, environment 3.06s, prepare 278ms)

