[33mThe CJS build of Vite's Node API is deprecated. See https://vite.dev/guide/troubleshooting.html#vite-cjs-node-api-deprecated for more details.[39m

 RUN  v2.1.9 /home/chris/projects/ts-boardstudio2/app

 ✓ src/utils/assemblyRegression.test.ts (26 tests) 13928ms
   ✓ can grow the matrix after default onboarding 428ms
   ✓ preserves the LED chain when changing a key assembly placement 801ms
   ✓ preserves manually assigned switch nets when moving its assembly 309ms
   ✓ updates linked mirrored bindings and adds new right-board keys 429ms
   ✓ keeps new mirrored keys and assembly offsets valid in native PCB and body geometry 984ms
   ✓ keeps a managed LED chain connected when reopening setup after layout edits 444ms
   ✓ reproduces resized 7x5 geometry and the automatic outline with a separate 2x2 matrix 7211ms
   ✓ generates PCB files after populating an empty single board 309ms
   ✓ generates PCB files after populating an empty mirrored board 752ms
 ✓ src/utils/studioSourceBatch.test.ts (9 tests) 784ms
 ✓ src/utils/keyOptions.test.ts (5 tests) 508ms
   ✓ compiles managed switch, diode and LED footprints with separate nets 303ms
 ❯ src/utils/addCellBatch.test.ts (2 tests | 1 failed) 423ms
   × fills only the requested native cell with its exact defaults and free identity 348ms
     → expected 9 to be less than or equal to 7

⎯⎯⎯⎯⎯⎯⎯ Failed Tests 1 ⎯⎯⎯⎯⎯⎯⎯

 FAIL  src/utils/addCellBatch.test.ts > fills only the requested native cell with its exact defaults and free identity
AssertionError: expected 9 to be less than or equal to 7
 ❯ src/utils/addCellBatch.test.ts:86:24
     84|     if (kind === 'legacy')
     85|       expect(result.startsWith('# preserved cell comment\n')).toBe(tru…
     86|     expect(parseCount).toBeLessThanOrEqual(kind === 'native' ? 7 : 3);
       |                        ^
     87|   }
     88| );

⎯⎯⎯⎯⎯⎯⎯⎯⎯⎯⎯⎯⎯⎯⎯⎯⎯⎯⎯⎯⎯⎯⎯⎯[1/1]⎯

 Test Files  1 failed | 3 passed (4)
      Tests  1 failed | 41 passed (42)
   Start at  04:23:14
   Duration  21.01s (transform 453ms, setup 217ms, collect 2.21s, tests 15.64s, environment 2.20s, prepare 209ms)

