[33mThe CJS build of Vite's Node API is deprecated. See https://vite.dev/guide/troubleshooting.html#vite-cjs-node-api-deprecated for more details.[39m

 RUN  v2.1.9 /home/chris/projects/ts-boardstudio2/app

 ❯ src/utils/appendSourceFields.test.ts (15 tests | 2 failed) 195ms
   × editMappingFields > adds a missing parent mapping 9ms
     → expected 'm: {nested: { a: 1 , b: 2}}\n' to be 'm: {nested: { a: 1, b: 2 }}\n' // Object.is equality
   × editMappingFields > parses once when replacing many immediate mapping fields 148ms
     → expected 80 to be 1 // Object.is equality

⎯⎯⎯⎯⎯⎯⎯ Failed Tests 2 ⎯⎯⎯⎯⎯⎯⎯

 FAIL  src/utils/appendSourceFields.test.ts > editMappingFields > adds a missing parent mapping
AssertionError: expected 'm: {nested: { a: 1 , b: 2}}\n' to be 'm: {nested: { a: 1, b: 2 }}\n' // Object.is equality

- Expected
+ Received

- m: {nested: { a: 1, b: 2 }}
+ m: {nested: { a: 1 , b: 2}}


 ❯ src/utils/appendSourceFields.test.ts:28:75
     26|   });
     27|   it('adds a missing parent mapping', () => {
     28|     expect(editMappingFields('m: {}\n', ['m', 'nested'], { a: 1, b: 2 …
       |                                                                           ^
     29|   });
     30|   it('rejects a scalar parent', () => {

⎯⎯⎯⎯⎯⎯⎯⎯⎯⎯⎯⎯⎯⎯⎯⎯⎯⎯⎯⎯⎯⎯⎯⎯[1/2]⎯

 FAIL  src/utils/appendSourceFields.test.ts > editMappingFields > parses once when replacing many immediate mapping fields
AssertionError: expected 80 to be 1 // Object.is equality

- Expected
+ Received

- 1
+ 80

 ❯ src/utils/appendSourceFields.test.ts:40:19
     38|     const count = parsing.calls;
     39|     expect(parse(result).m).toEqual(entries);
     40|     expect(count).toBe(1);
       |                   ^
     41|   });
     42| });

⎯⎯⎯⎯⎯⎯⎯⎯⎯⎯⎯⎯⎯⎯⎯⎯⎯⎯⎯⎯⎯⎯⎯⎯[2/2]⎯

 Test Files  1 failed (1)
      Tests  2 failed | 13 passed (15)
   Start at  04:10:03
   Duration  1.09s (transform 67ms, setup 70ms, collect 60ms, tests 195ms, environment 568ms, prepare 56ms)

