[33mThe CJS build of Vite's Node API is deprecated. See https://vite.dev/guide/troubleshooting.html#vite-cjs-node-api-deprecated for more details.[39m

 RUN  v2.1.9 /home/chris/projects/ts-boardstudio2/app

 ✓ src/utils/assemblyRegression.test.ts (26 tests) 12731ms
   ✓ can grow the matrix after default onboarding 327ms
   ✓ preserves the LED chain when changing a key assembly placement 733ms
   ✓ updates linked mirrored bindings and adds new right-board keys 395ms
   ✓ keeps new mirrored keys and assembly offsets valid in native PCB and body geometry 888ms
   ✓ keeps a managed LED chain connected when reopening setup after layout edits 429ms
   ✓ reproduces resized 7x5 geometry and the automatic outline with a separate 2x2 matrix 6489ms
   ✓ generates PCB files after populating an empty mirrored board 736ms
 ✓ src/utils/studioSource.test.ts (20 tests) 2663ms
   ✓ mounts a new matrix on its PCB top surface 473ms
   ✓ mounts new thumb clusters and loose keys on the existing PCB layer 616ms
   ✓ deletes a cluster and its own members together 564ms
 ✓ src/utils/studioSourceBatch.test.ts (6 tests) 659ms
 ✓ src/utils/appendSourceFields.test.ts (15 tests) 42ms
 ✓ src/utils/designSetup.test.ts (7 tests) 4555ms
   ✓ deletes a key and its owned components together 463ms
   ✓ duplicates a matrix with exactly one owned diode per copied key 3664ms
 ✓ src/utils/keyOptions.test.ts (5 tests) 538ms
   ✓ compiles managed switch, diode and LED footprints with separate nets 309ms
 ✓ src/utils/designSource.test.ts (8 tests) 23ms
 ✓ src/utils/assemblyScope.test.ts (4 tests) 1245ms
   ✓ preserves explicit column and key recipes when changing the board 657ms
   ✓ resets a matrix to its board recipe while retaining a column override 351ms
 ✓ src/utils/removeSourceValues.test.ts (11 tests) 19ms
 ✓ src/utils/sourceSnapshot.test.ts (2 tests) 11ms

 Test Files  10 passed (10)
      Tests  104 passed (104)
   Start at  04:12:13
   Duration  33.01s (transform 449ms, setup 509ms, collect 2.74s, tests 22.49s, environment 5.54s, prepare 520ms)

