[33mThe CJS build of Vite's Node API is deprecated. See https://vite.dev/guide/troubleshooting.html#vite-cjs-node-api-deprecated for more details.[39m

 RUN  v2.1.9 /home/chris/projects/ts-boardstudio2/app

 ❯ src/utils/studioOutlineReuse.test.ts (3 tests | 3 failed) 563ms
   × reuses managed region identities across repeated automatic rebuilds 278ms
     → expected [ Array(6) ] to deeply equal [ 'main_keycap' ]
   × preserves shared regions while subsequent managed rebuilds remain bounded 142ms
     → expected [ Array(3) ] to deeply equal [ 'main_keycap', 'main_keycap_2' ]
   × preserves custom regions while subsequent managed rebuilds remain bounded 141ms
     → expected [ Array(3) ] to deeply equal [ 'main_keycap', 'main_keycap_2' ]

⎯⎯⎯⎯⎯⎯⎯ Failed Tests 3 ⎯⎯⎯⎯⎯⎯⎯

 FAIL  src/utils/studioOutlineReuse.test.ts > reuses managed region identities across repeated automatic rebuilds
AssertionError: expected [ Array(6) ] to deeply equal [ 'main_keycap' ]

- Expected
+ Received

  Array [
    "main_keycap",
+   "main_keycap_2",
+   "main_keycap_3",
+   "main_keycap_4",
+   "main_keycap_5",
+   "main_keycap_6",
  ]

 ❯ src/utils/studioOutlineReuse.test.ts:16:66
     14| 
     15|   // Then: ownership records do not turn the managed region into a sha…
     16|   expect(Object.keys(readStudio(result).designs?.regions || {})).toEqu…
       |                                                                  ^
     17|   expect(getValue(result, ['meta', 'studio', 'outline', 'managed', 'ma…
     18|   expect(result.startsWith('# retained outline comment\n')).toBe(true);

⎯⎯⎯⎯⎯⎯⎯⎯⎯⎯⎯⎯⎯⎯⎯⎯⎯⎯⎯⎯⎯⎯⎯⎯[1/3]⎯

 FAIL  src/utils/studioOutlineReuse.test.ts > preserves shared regions while subsequent managed rebuilds remain bounded
 FAIL  src/utils/studioOutlineReuse.test.ts > preserves custom regions while subsequent managed rebuilds remain bounded
AssertionError: expected [ Array(3) ] to deeply equal [ 'main_keycap', 'main_keycap_2' ]

- Expected
+ Received

  Array [
    "main_keycap",
    "main_keycap_2",
+   "main_keycap_3",
  ]

 ❯ src/utils/studioOutlineReuse.test.ts:36:66
     34|   // Then: real shared/authored recipes retain their identity; the new…
     35|   expect(getValue(result, ['designs', 'regions', id])).toEqual(preserv…
     36|   expect(Object.keys(readStudio(result).designs?.regions || {})).toEqu…
       |                                                                  ^
     37|   if (kind === 'shared') expect(getValue(result, ['designs', 'profiles…
     38| });

⎯⎯⎯⎯⎯⎯⎯⎯⎯⎯⎯⎯⎯⎯⎯⎯⎯⎯⎯⎯⎯⎯⎯⎯[2/3]⎯

 Test Files  1 failed (1)
      Tests  3 failed (3)
   Start at  05:08:30
   Duration  2.32s (transform 205ms, setup 88ms, collect 624ms, tests 563ms, environment 830ms, prepare 68ms)

