[33mThe CJS build of Vite's Node API is deprecated. See https://vite.dev/guide/troubleshooting.html#vite-cjs-node-api-deprecated for more details.[39m

 RUN  v2.1.9 /home/chris/projects/ts-boardstudio2/app

 ❯ src/utils/studioSourceBatch.test.ts (4 tests | 1 failed) 738ms
   ✓ adds a row with native electronics without reparsing for every default field 354ms
   × removes one row and its owned electronics with one source deletion pass 193ms
     → expected 18 to be less than or equal to 8

⎯⎯⎯⎯⎯⎯⎯ Failed Tests 1 ⎯⎯⎯⎯⎯⎯⎯

 FAIL  src/utils/studioSourceBatch.test.ts > removes one row and its owned electronics with one source deletion pass
AssertionError: expected 18 to be less than or equal to 8
 ❯ src/utils/studioSourceBatch.test.ts:114:22
    112|   expect(objects.fingers_c1_r2).toBeUndefined();
    113|   expect(objects.fingers_c1_r2_diode).toBeUndefined();
    114|   expect(parseCount).toBeLessThanOrEqual(8);
       |                      ^
    115| });
    116| 

⎯⎯⎯⎯⎯⎯⎯⎯⎯⎯⎯⎯⎯⎯⎯⎯⎯⎯⎯⎯⎯⎯⎯⎯[1/1]⎯

 Test Files  1 failed (1)
      Tests  1 failed | 3 passed (4)
   Start at  04:04:45
   Duration  2.14s (transform 183ms, setup 73ms, collect 575ms, tests 738ms, environment 560ms, prepare 59ms)

