[33mThe CJS build of Vite's Node API is deprecated. See https://vite.dev/guide/troubleshooting.html#vite-cjs-node-api-deprecated for more details.[39m

 RUN  v2.1.9 /home/chris/projects/ts-boardstudio2/app

 ❯ src/utils/studioSourceBatch.test.ts (7 tests | 1 failed | 6 skipped) 197ms
   × creates one loose key with native owned electronics without intermediate field edits 197ms
     → expected 9 to be less than or equal to 6

⎯⎯⎯⎯⎯⎯⎯ Failed Tests 1 ⎯⎯⎯⎯⎯⎯⎯

 FAIL  src/utils/studioSourceBatch.test.ts > creates one loose key with native owned electronics without intermediate field edits
AssertionError: expected 9 to be less than or equal to 6
 ❯ src/utils/studioSourceBatch.test.ts:204:22
    202|   expect(objects.extra).toMatchObject({ kind: 'key', part: 'assembly_m…
    203|   expect(objects.extra_diode.properties?.owner).toBe('extra');
    204|   expect(parseCount).toBeLessThanOrEqual(6);
       |                      ^
    205| });
    206| 

⎯⎯⎯⎯⎯⎯⎯⎯⎯⎯⎯⎯⎯⎯⎯⎯⎯⎯⎯⎯⎯⎯⎯⎯[1/1]⎯

 Test Files  1 failed (1)
      Tests  1 failed | 6 skipped (7)
   Start at  04:14:16
   Duration  1.62s (transform 187ms, setup 73ms, collect 589ms, tests 197ms, environment 559ms, prepare 59ms)

