$ mocha -r test/helpers/register test/index.js


  ✔ returns a source path and repair action for dimension errors
  ✔ honours a requested contact count and retains separate closing screws (537ms)
  ✔ counts manual contacts without relocating them and reports excess requests (1316ms)
  ✔ reuses resolved outlines for mounting edits and invalidates on layout changes (1054ms)
  ✔ limits tray supports to the requested count of existing PCB holes (184ms)
  Native analysis cache regressions
    ✔ retains standalone and assembly PCB bytes on repeated cache hits (172ms)
    ✔ retains native blockers once while reusing geometry for mounting edits (224ms)

  Imported boards with native case objects
    ✔ uses rotated body contours for mounting clearance (66ms)
    ✔ retains imported components and appends native bodies and openings (64ms)

*******************************************************************
******        Statistics on Transfer (Write)                 ******

*******************************************************************
******        Transfer Mode = 0  I.E.  As Is       ******

******        Transferring Shape, ShapeType = 0                      ******

** WorkSession : Sending all data

 Step File Name : blob.step(1966 ents)  Write  Done


*******************************************************************
******        Statistics on Transfer (Write)                 ******

*******************************************************************
******        Transfer Mode = 0  I.E.  As Is       ******

******        Transferring Shape, ShapeType = 0                      ******

** WorkSession : Sending all data

 Step File Name : blob.step(1644 ents)  Write  Done


*******************************************************************
******        Statistics on Transfer (Write)                 ******

*******************************************************************
******        Transfer Mode = 0  I.E.  As Is       ******

******        Transferring Shape, ShapeType = 2                      ******

** WorkSession : Sending all data

 Step File Name : blob.step(350 ents)  Write  Done


*******************************************************************
******        Statistics on Transfer (Write)                 ******

*******************************************************************
******        Transfer Mode = 0  I.E.  As Is       ******

******        Transferring Shape, ShapeType = 2                      ******

** WorkSession : Sending all data

 Step File Name : blob.step(350 ents)  Write  Done


*******************************************************************
******        Statistics on Transfer (Write)                 ******

*******************************************************************
******        Transfer Mode = 0  I.E.  As Is       ******

******        Transferring Shape, ShapeType = 2                      ******

** WorkSession : Sending all data

 Step File Name : blob.step(350 ents)  Write  Done


*******************************************************************
******        Statistics on Transfer (Write)                 ******

*******************************************************************
******        Transfer Mode = 0  I.E.  As Is       ******

******        Transferring Shape, ShapeType = 2                      ******

** WorkSession : Sending all data

 Step File Name : blob.step(350 ents)  Write  Done


*******************************************************************
******        Statistics on Transfer (Write)                 ******

*******************************************************************
******        Transfer Mode = 0  I.E.  As Is       ******

******        Transferring Shape, ShapeType = 0                      ******


*******************************************************************
******        Statistics on Transfer (Write)                 ******

*******************************************************************
******        Transfer Mode = 0  I.E.  As Is       ******

******        Transferring Shape, ShapeType = 0                      ******


*******************************************************************
******        Statistics on Transfer (Write)                 ******

*******************************************************************
******        Transfer Mode = 0  I.E.  As Is       ******

******        Transferring Shape, ShapeType = 2                      ******


*******************************************************************
******        Statistics on Transfer (Write)                 ******

*******************************************************************
******        Transfer Mode = 0  I.E.  As Is       ******

******        Transferring Shape, ShapeType = 2                      ******


*******************************************************************
******        Statistics on Transfer (Write)                 ******

*******************************************************************
******        Transfer Mode = 0  I.E.  As Is       ******

******        Transferring Shape, ShapeType = 2                      ******


*******************************************************************
******        Statistics on Transfer (Write)                 ******

*******************************************************************
******        Transfer Mode = 0  I.E.  As Is       ******

******        Transferring Shape, ShapeType = 2                      ******

** WorkSession : Sending all data

 Step File Name : export.step(5029 ents)  Write  Done


*******************************************************************
******        Statistics on Transfer (Write)                 ******

*******************************************************************
******        Transfer Mode = 0  I.E.  As Is       ******

******        Transferring Shape, ShapeType = 0                      ******

** WorkSession : Sending all data

 Step File Name : blob.step(1650 ents)  Write  Done


*******************************************************************
******        Statistics on Transfer (Write)                 ******

*******************************************************************
******        Transfer Mode = 0  I.E.  As Is       ******

******        Transferring Shape, ShapeType = 0                      ******

** WorkSession : Sending all data

 Step File Name : blob.step(1644 ents)  Write  Done


*******************************************************************
******        Statistics on Transfer (Write)                 ******

*******************************************************************
******        Transfer Mode = 0  I.E.  As Is       ******

******        Transferring Shape, ShapeType = 2                      ******

** WorkSession : Sending all data

 Step File Name : blob.step(350 ents)  Write  Done


*******************************************************************
******        Statistics on Transfer (Write)                 ******

*******************************************************************
******        Transfer Mode = 0  I.E.  As Is       ******

******        Transferring Shape, ShapeType = 2                      ******

** WorkSession : Sending all data

 Step File Name : blob.step(350 ents)  Write  Done


*******************************************************************
******        Statistics on Transfer (Write)                 ******

*******************************************************************
******        Transfer Mode = 0  I.E.  As Is       ******

******        Transferring Shape, ShapeType = 2                      ******

** WorkSession : Sending all data

 Step File Name : blob.step(350 ents)  Write  Done


*******************************************************************
******        Statistics on Transfer (Write)                 ******

*******************************************************************
******        Transfer Mode = 0  I.E.  As Is       ******

******        Transferring Shape, ShapeType = 2                      ******

** WorkSession : Sending all data

 Step File Name : blob.step(350 ents)  Write  Done


*******************************************************************
******        Statistics on Transfer (Write)                 ******

*******************************************************************
******        Transfer Mode = 0  I.E.  As Is       ******

******        Transferring Shape, ShapeType = 0                      ******


*******************************************************************
******        Statistics on Transfer (Write)                 ******

*******************************************************************
******        Transfer Mode = 0  I.E.  As Is       ******

******        Transferring Shape, ShapeType = 0                      ******


*******************************************************************
******        Statistics on Transfer (Write)                 ******

*******************************************************************
******        Transfer Mode = 0  I.E.  As Is       ******

******        Transferring Shape, ShapeType = 2                      ******


*******************************************************************
******        Statistics on Transfer (Write)                 ******

*******************************************************************
******        Transfer Mode = 0  I.E.  As Is       ******

******        Transferring Shape, ShapeType = 2                      ******


*******************************************************************
******        Statistics on Transfer (Write)                 ******

*******************************************************************
******        Transfer Mode = 0  I.E.  As Is       ******

******        Transferring Shape, ShapeType = 2                      ******


*******************************************************************
******        Statistics on Transfer (Write)                 ******

*******************************************************************
******        Transfer Mode = 0  I.E.  As Is       ******

******        Transferring Shape, ShapeType = 2                      ******

** WorkSession : Sending all data

 Step File Name : export.step(4713 ents)  Write  Done

    ✔ exports the battery in its mounting frame and subtracts the service opening (1657ms)

  Native staged outline reuse
    ✔ retains complete analysis output without rebuilding the published outline geometry (2702ms)
    ✔ rebuilds and retains complete output when the source changes between stages (2967ms)
    ✔ rebuilds and retains complete output when the assets changes between stages (2815ms)
    ✔ rebuilds and retains complete output when the scene changes between stages (3006ms)

  Native staged PCB output
    ✔ retains board compilation and findings after publishing outlines

  Enclosure analysis before solids
    ✔ offers a complete mounting set without any contacts or CAD initialization (568ms)
    ✔ reports missing mounting as a repairable finding while retaining the outline (455ms)
    ✔ keeps a disconnected outline visible and reports the invalid case boundary (315ms)

  CNC switch engagement
    ✔ relieves corners without removing the nominal switch opening (897ms)

  Gasket support spans
    ✔ keeps flat contacts clear of short steps and curved corners


  20 passing (19s)

