{"kind":"native/clearance.check","ms":0.22020199999997203}
{"kind":"layout","ms":97.00141500000001}
{"kind":"designs/geometry.union","ms":206.286787}
{"kind":"designs/geometry.union","ms":0.4619280000000572}
{"kind":"outline-start","id":1,"paths":240,"distance":2,"inside":false}
{"kind":"outline-end","id":1,"ms":1739.3921999999998}
{"kind":"outline-start","id":2,"paths":240,"distance":1,"inside":false}
{"kind":"outline-end","id":2,"ms":1570.9778969999998}
{"kind":"outline-start","id":3,"paths":95,"distance":1,"inside":false}
{"kind":"outline-end","id":3,"ms":262.6653589999996}
{"kind":"outline-start","id":4,"paths":92,"distance":2,"inside":true}
{"kind":"outline-end","id":4,"ms":260.30610499999966}
{"kind":"designs/geometry.close","ms":3966.8109750000003}
{"kind":"designs/geometry.offset","ms":0.11481999999978143}
{"kind":"designs/geometry.union","ms":0.12158699999963574}
{"kind":"designs/geometry.union","ms":0.3188369999998031}
{"kind":"designs/geometry.close","ms":0.09530700000050274}
{"kind":"designs/geometry.union","ms":0.13856099999975413}
{"kind":"outline-start","id":5,"paths":61,"distance":2,"inside":false}
{"kind":"outline-end","id":5,"ms":160.5498319999997}
{"kind":"designs/geometry.offset","ms":161.23710800000026}
{"kind":"outline-start","id":6,"paths":14,"distance":2,"inside":false}
{"kind":"outline-end","id":6,"ms":10.439941999999974}
{"kind":"outline-start","id":7,"paths":13,"distance":2,"inside":true}
{"kind":"outline-end","id":7,"ms":10.827384000000166}
{"kind":"designs/geometry.close","ms":23.802684999999656}
{"kind":"designs/geometry.union","ms":0.029680999999982305}
{"kind":"outline-start","id":8,"paths":240,"distance":2,"inside":false}
{"kind":"outline-end","id":8,"ms":1612.9419630000002}
{"kind":"outline-start","id":9,"paths":240,"distance":1,"inside":false}
{"kind":"outline-end","id":9,"ms":1558.228740999999}
{"kind":"outline-start","id":10,"paths":95,"distance":1,"inside":false}
{"kind":"outline-end","id":10,"ms":251.80992999999944}
{"kind":"designs/geometry.offset","ms":3427.7939619999997}
{"kind":"designs/geometry.union","ms":0.2985430000007909}
{"kind":"designs/geometry.close","ms":0.04284400000142341}
{"kind":"designs/geometry.union","ms":0.024439999999231077}
{"kind":"designs/geometry.offset","ms":0.02330400000028021}
{"kind":"outline-total","move":3,"ms":8310.255309,"calls":10}
