{"kind":"native/clearance.check","ms":0.18372200000010253}
{"kind":"layout","ms":98.47193599999997}
{"kind":"designs/geometry.union","ms":210.64321299999995}
{"kind":"designs/geometry.union","ms":0.41255899999998746}
{"kind":"outline-start","id":1,"paths":240,"distance":2,"inside":false}
{"kind":"outline-end","id":1,"ms":1845.1279490000002}
{"kind":"outline-start","id":2,"paths":240,"distance":1,"inside":false}
{"kind":"outline-end","id":2,"ms":1717.05489}
{"kind":"outline-start","id":3,"paths":95,"distance":1,"inside":false}
{"kind":"outline-end","id":3,"ms":295.22042799999963}
{"kind":"outline-start","id":4,"paths":240,"distance":0.1,"inside":false}
{"kind":"outline-end","id":4,"ms":2575.184153}
{"kind":"outline-start","id":5,"paths":480,"distance":0.1,"inside":false}
{"kind":"outline-end","id":5,"ms":4901.529321}
{"kind":"outline-start","id":6,"paths":180,"distance":0.1,"inside":false}
{"kind":"outline-end","id":6,"ms":1128.0554380000012}
{"kind":"outline-start","id":7,"paths":184,"distance":0.1,"inside":false}
{"kind":"outline-end","id":7,"ms":1178.8680940000013}
{"kind":"outline-start","id":8,"paths":184,"distance":0.1,"inside":false}
{"kind":"outline-end","id":8,"ms":1082.3491529999992}
{"kind":"outline-start","id":9,"paths":128,"distance":0.1,"inside":false}
{"kind":"outline-end","id":9,"ms":710.5285199999998}
{"kind":"outline-start","id":10,"paths":128,"distance":0.1,"inside":false}
{"kind":"outline-end","id":10,"ms":758.1721510000007}
{"kind":"outline-start","id":11,"paths":128,"distance":0.1,"inside":false}
{"kind":"outline-end","id":11,"ms":750.8813269999991}
{"kind":"outline-start","id":12,"paths":86,"distance":0.1,"inside":false}
{"kind":"outline-end","id":12,"ms":317.28615600000194}
{"kind":"outline-start","id":13,"paths":86,"distance":0.1,"inside":false}
{"kind":"outline-end","id":13,"ms":305.79136199999994}
{"kind":"outline-start","id":14,"paths":72,"distance":0.1,"inside":false}
{"kind":"outline-end","id":14,"ms":232.95145299999785}
{"kind":"outline-start","id":15,"paths":72,"distance":0.1,"inside":false}
{"kind":"outline-end","id":15,"ms":234.94111700000212}
{"kind":"outline-start","id":16,"paths":72,"distance":0.1,"inside":false}
{"kind":"outline-end","id":16,"ms":245.3910399999986}
{"kind":"outline-start","id":17,"paths":72,"distance":0.1,"inside":false}
{"kind":"outline-end","id":17,"ms":239.12259800000174}
{"kind":"outline-start","id":18,"paths":72,"distance":0.1,"inside":false}
{"kind":"outline-end","id":18,"ms":245.62649800000145}
{"kind":"outline-start","id":19,"paths":72,"distance":0.1,"inside":false}
{"kind":"outline-end","id":19,"ms":253.0391410000011}
{"kind":"outline-start","id":20,"paths":72,"distance":0.1,"inside":false}
{"kind":"outline-end","id":20,"ms":260.0225180000016}
{"kind":"outline-start","id":21,"paths":72,"distance":0.1,"inside":false}
{"kind":"outline-end","id":21,"ms":265.17431399999987}
{"kind":"outline-start","id":22,"paths":72,"distance":0.1,"inside":false}
{"kind":"outline-end","id":22,"ms":259.8516039999995}
{"kind":"outline-start","id":23,"paths":72,"distance":0.1,"inside":false}
{"kind":"outline-end","id":23,"ms":257.31313299999965}
{"kind":"outline-start","id":24,"paths":69,"distance":2,"inside":true}
{"kind":"outline-end","id":24,"ms":204.70240100000228}
{"kind":"outline-start","id":25,"paths":240,"distance":2.001,"inside":false}
{"kind":"outline-end","id":25,"ms":1932.4659790000005}
{"kind":"outline-start","id":26,"paths":92,"distance":2.001,"inside":true}
{"kind":"outline-end","id":26,"ms":279.55689300000085}
{"kind":"designs/geometry.close","ms":22693.257901999998}
{"kind":"designs/geometry.offset","ms":0.12814500000240514}
{"kind":"designs/geometry.union","ms":0.13709400000152527}
{"kind":"designs/geometry.union","ms":0.3462440000002971}
{"kind":"designs/geometry.close","ms":0.10178799999994226}
{"kind":"designs/geometry.union","ms":0.08305700000346405}
{"kind":"outline-start","id":27,"paths":61,"distance":2,"inside":false}
{"kind":"outline-end","id":27,"ms":229.95014399999855}
{"kind":"designs/geometry.offset","ms":230.87291600000026}
{"kind":"outline-start","id":28,"paths":16,"distance":2,"inside":false}
{"kind":"outline-end","id":28,"ms":12.22010500000033}
{"kind":"outline-start","id":29,"paths":13,"distance":2,"inside":true}
{"kind":"outline-end","id":29,"ms":11.789450000000215}
{"kind":"designs/geometry.close","ms":27.527823000000353}
{"kind":"designs/geometry.union","ms":0.032952000001387205}
{"kind":"outline-start","id":30,"paths":240,"distance":2,"inside":false}
{"kind":"outline-end","id":30,"ms":1896.772530000002}
{"kind":"outline-start","id":31,"paths":240,"distance":1,"inside":false}
{"kind":"outline-end","id":31,"ms":1714.2495110000018}
{"kind":"outline-start","id":32,"paths":95,"distance":1,"inside":false}
{"kind":"outline-end","id":32,"ms":286.06664199999796}
{"kind":"outline-start","id":33,"paths":240,"distance":0.1,"inside":false}
{"kind":"outline-end","id":33,"ms":2512.234700000001}
{"kind":"outline-start","id":34,"paths":480,"distance":0.1,"inside":false}
{"kind":"outline-end","id":34,"ms":4791.084094999998}
{"kind":"outline-start","id":35,"paths":180,"distance":0.1,"inside":false}
{"kind":"outline-end","id":35,"ms":1113.459772000002}
{"kind":"outline-start","id":36,"paths":184,"distance":0.1,"inside":false}
{"kind":"outline-end","id":36,"ms":1187.2399930000029}
{"kind":"outline-start","id":37,"paths":184,"distance":0.1,"inside":false}
{"kind":"outline-end","id":37,"ms":1097.3757259999984}
{"kind":"outline-start","id":38,"paths":128,"distance":0.1,"inside":false}
{"kind":"outline-end","id":38,"ms":749.9226379999964}
{"kind":"outline-start","id":39,"paths":128,"distance":0.1,"inside":false}
{"kind":"outline-end","id":39,"ms":778.2890979999938}
{"kind":"outline-start","id":40,"paths":128,"distance":0.1,"inside":false}
{"kind":"outline-end","id":40,"ms":716.494881999999}
{"kind":"outline-start","id":41,"paths":86,"distance":0.1,"inside":false}
{"kind":"outline-end","id":41,"ms":315.328892000005}
{"kind":"outline-start","id":42,"paths":86,"distance":0.1,"inside":false}
{"kind":"outline-end","id":42,"ms":302.63725500000146}
{"kind":"outline-start","id":43,"paths":72,"distance":0.1,"inside":false}
{"kind":"outline-end","id":43,"ms":231.05287300000055}
{"kind":"outline-start","id":44,"paths":72,"distance":0.1,"inside":false}
{"kind":"outline-end","id":44,"ms":233.0599530000036}
{"kind":"outline-start","id":45,"paths":72,"distance":0.1,"inside":false}
{"kind":"outline-end","id":45,"ms":243.5444920000009}
{"kind":"outline-start","id":46,"paths":72,"distance":0.1,"inside":false}
{"kind":"outline-end","id":46,"ms":246.81541899999866}
{"kind":"outline-start","id":47,"paths":72,"distance":0.1,"inside":false}
{"kind":"outline-end","id":47,"ms":249.55372000000352}
{"kind":"outline-start","id":48,"paths":72,"distance":0.1,"inside":false}
{"kind":"outline-end","id":48,"ms":248.41561799999909}
{"kind":"outline-start","id":49,"paths":72,"distance":0.1,"inside":false}
{"kind":"outline-end","id":49,"ms":250.77082099999825}
{"kind":"outline-start","id":50,"paths":72,"distance":0.1,"inside":false}
{"kind":"outline-end","id":50,"ms":254.16174399999727}
{"kind":"outline-start","id":51,"paths":72,"distance":0.1,"inside":false}
{"kind":"outline-end","id":51,"ms":256.002797000001}
{"kind":"outline-start","id":52,"paths":72,"distance":0.1,"inside":false}
{"kind":"outline-end","id":52,"ms":257.17302899999777}
{"kind":"designs/geometry.offset","ms":19941.78123}
{"kind":"designs/geometry.union","ms":0.31120799999916926}
{"kind":"designs/geometry.close","ms":0.037326999998185784}
{"kind":"designs/geometry.union","ms":0.02400099999795202}
{"kind":"designs/geometry.offset","ms":0.024486999995133374}
{"kind":"outline-total","move":3,"ms":43805.053351,"calls":52}
