{"kind":"native/clearance.check","ms":0.20679600000005394}
{"kind":"layout","ms":111.3458}
{"kind":"designs/geometry.union","ms":210.53997300000003}
{"kind":"designs/geometry.union","ms":0.37508900000000267}
{"kind":"outline-start","id":1,"paths":240,"distance":2,"inside":false}
{"kind":"outline-end","id":1,"ms":1894.7414919999999}
{"kind":"outline-start","id":2,"paths":240,"distance":1,"inside":false}
{"kind":"outline-end","id":2,"ms":1766.4313510000002}
{"kind":"outline-start","id":3,"paths":95,"distance":1,"inside":false}
{"kind":"outline-end","id":3,"ms":300.1489040000006}
{"kind":"outline-start","id":4,"paths":240,"distance":0.1,"inside":false}
{"kind":"outline-end","id":4,"ms":2619.577125}
{"kind":"outline-start","id":5,"paths":484,"distance":0.1,"inside":false}
{"kind":"outline-end","id":5,"ms":5425.009399}
{"kind":"outline-start","id":6,"paths":180,"distance":0.1,"inside":false}
{"kind":"outline-end","id":6,"ms":1198.5800330000002}
{"kind":"outline-start","id":7,"paths":184,"distance":0.1,"inside":false}
{"kind":"outline-end","id":7,"ms":1195.5803070000002}
{"kind":"outline-start","id":8,"paths":184,"distance":0.1,"inside":false}
{"kind":"outline-end","id":8,"ms":1134.5550359999997}
{"kind":"outline-start","id":9,"paths":128,"distance":0.1,"inside":false}
{"kind":"outline-end","id":9,"ms":741.1246879999981}
{"kind":"outline-start","id":10,"paths":128,"distance":0.1,"inside":false}
{"kind":"outline-end","id":10,"ms":797.6334509999979}
{"kind":"outline-start","id":11,"paths":128,"distance":0.1,"inside":false}
{"kind":"outline-end","id":11,"ms":771.8329379999996}
{"kind":"outline-start","id":12,"paths":86,"distance":0.1,"inside":false}
{"kind":"outline-end","id":12,"ms":326.40538000000015}
{"kind":"outline-start","id":13,"paths":86,"distance":0.1,"inside":false}
{"kind":"outline-end","id":13,"ms":314.21967399999994}
{"kind":"outline-start","id":14,"paths":72,"distance":0.1,"inside":false}
{"kind":"outline-end","id":14,"ms":243.63917299999957}
{"kind":"outline-start","id":15,"paths":72,"distance":0.1,"inside":false}
{"kind":"outline-end","id":15,"ms":244.46225400000185}
{"kind":"outline-start","id":16,"paths":72,"distance":0.1,"inside":false}
{"kind":"outline-end","id":16,"ms":252.8326479999996}
{"kind":"outline-start","id":17,"paths":72,"distance":0.1,"inside":false}
{"kind":"outline-end","id":17,"ms":257.3015779999987}
{"kind":"outline-start","id":18,"paths":72,"distance":0.1,"inside":false}
{"kind":"outline-end","id":18,"ms":247.21302599999763}
{"kind":"outline-start","id":19,"paths":72,"distance":0.1,"inside":false}
{"kind":"outline-end","id":19,"ms":257.1314789999997}
{"kind":"outline-start","id":20,"paths":72,"distance":0.1,"inside":false}
{"kind":"outline-end","id":20,"ms":260.0290300000015}
{"kind":"outline-start","id":21,"paths":72,"distance":0.1,"inside":false}
{"kind":"outline-end","id":21,"ms":268.03602300000057}
{"kind":"outline-start","id":22,"paths":72,"distance":0.1,"inside":false}
{"kind":"outline-end","id":22,"ms":259.087864000001}
{"kind":"outline-start","id":23,"paths":72,"distance":0.1,"inside":false}
{"kind":"outline-end","id":23,"ms":261.2650670000003}
{"kind":"outline-start","id":24,"paths":69,"distance":2,"inside":true}
{"kind":"outline-end","id":24,"ms":203.95236999999906}
{"kind":"outline-start","id":25,"paths":240,"distance":2.001,"inside":false}
{"kind":"outline-end","id":25,"ms":2043.1747130000003}
{"kind":"outline-start","id":26,"paths":92,"distance":2.001,"inside":true}
{"kind":"outline-end","id":26,"ms":288.7517000000007}
{"kind":"designs/geometry.close","ms":23781.632576}
{"kind":"designs/geometry.offset","ms":0.1159010000010312}
{"kind":"designs/geometry.union","ms":0.13001599999915925}
{"kind":"designs/geometry.union","ms":0.3165679999983695}
{"kind":"designs/geometry.close","ms":0.09227300000202376}
{"kind":"designs/geometry.union","ms":0.07925599999725819}
{"kind":"outline-start","id":27,"paths":61,"distance":2,"inside":false}
{"kind":"outline-end","id":27,"ms":214.70099699999992}
{"kind":"designs/geometry.offset","ms":215.57343499999843}
{"kind":"outline-start","id":28,"paths":16,"distance":2,"inside":false}
{"kind":"outline-end","id":28,"ms":11.863030000000435}
{"kind":"outline-start","id":29,"paths":13,"distance":2,"inside":true}
{"kind":"outline-end","id":29,"ms":11.115162999998574}
{"kind":"designs/geometry.close","ms":26.354385999999067}
{"kind":"designs/geometry.union","ms":0.030276999998022802}
{"kind":"outline-start","id":30,"paths":240,"distance":2,"inside":false}
{"kind":"outline-end","id":30,"ms":1828.9956749999983}
{"kind":"outline-start","id":31,"paths":240,"distance":1,"inside":false}
{"kind":"outline-end","id":31,"ms":1791.9051330000002}
{"kind":"outline-start","id":32,"paths":95,"distance":1,"inside":false}
{"kind":"outline-end","id":32,"ms":302.7000380000027}
{"kind":"outline-start","id":33,"paths":240,"distance":0.1,"inside":false}
{"kind":"outline-end","id":33,"ms":2690.3457100000014}
{"kind":"outline-start","id":34,"paths":484,"distance":0.1,"inside":false}
{"kind":"outline-end","id":34,"ms":5175.034797}
{"kind":"outline-start","id":35,"paths":180,"distance":0.1,"inside":false}
{"kind":"outline-end","id":35,"ms":1148.3559779999996}
{"kind":"outline-start","id":36,"paths":184,"distance":0.1,"inside":false}
{"kind":"outline-end","id":36,"ms":1176.2279169999965}
{"kind":"outline-start","id":37,"paths":184,"distance":0.1,"inside":false}
{"kind":"outline-end","id":37,"ms":1215.5410080000001}
{"kind":"outline-start","id":38,"paths":128,"distance":0.1,"inside":false}
{"kind":"outline-end","id":38,"ms":754.0742949999985}
{"kind":"outline-start","id":39,"paths":128,"distance":0.1,"inside":false}
{"kind":"outline-end","id":39,"ms":809.3115229999967}
{"kind":"outline-start","id":40,"paths":128,"distance":0.1,"inside":false}
{"kind":"outline-end","id":40,"ms":823.4644569999946}
{"kind":"outline-start","id":41,"paths":86,"distance":0.1,"inside":false}
{"kind":"outline-end","id":41,"ms":333.35571500000515}
{"kind":"outline-start","id":42,"paths":86,"distance":0.1,"inside":false}
{"kind":"outline-end","id":42,"ms":319.76229199999943}
{"kind":"outline-start","id":43,"paths":72,"distance":0.1,"inside":false}
{"kind":"outline-end","id":43,"ms":243.2161430000051}
{"kind":"outline-start","id":44,"paths":72,"distance":0.1,"inside":false}
{"kind":"outline-end","id":44,"ms":262.2848679999952}
{"kind":"outline-start","id":45,"paths":72,"distance":0.1,"inside":false}
{"kind":"outline-end","id":45,"ms":262.7100819999978}
{"kind":"outline-start","id":46,"paths":72,"distance":0.1,"inside":false}
{"kind":"outline-end","id":46,"ms":271.27683900000557}
{"kind":"outline-start","id":47,"paths":72,"distance":0.1,"inside":false}
{"kind":"outline-end","id":47,"ms":275.16473399999813}
{"kind":"outline-start","id":48,"paths":72,"distance":0.1,"inside":false}
{"kind":"outline-end","id":48,"ms":282.66895600000134}
{"kind":"outline-start","id":49,"paths":72,"distance":0.1,"inside":false}
{"kind":"outline-end","id":49,"ms":280.7795750000005}
{"kind":"outline-start","id":50,"paths":72,"distance":0.1,"inside":false}
{"kind":"outline-end","id":50,"ms":281.7935329999964}
{"kind":"outline-start","id":51,"paths":72,"distance":0.1,"inside":false}
{"kind":"outline-end","id":51,"ms":335.9476099999956}
{"kind":"outline-start","id":52,"paths":72,"distance":0.1,"inside":false}
{"kind":"outline-end","id":52,"ms":261.2110810000013}
{"kind":"designs/geometry.offset","ms":21136.355303000004}
{"kind":"designs/geometry.union","ms":0.3135709999987739}
{"kind":"designs/geometry.close","ms":0.03558299999713199}
{"kind":"designs/geometry.union","ms":0.02427000000170665}
{"kind":"designs/geometry.offset","ms":0.02567299999645911}
{"kind":"outline-total","move":3,"ms":46056.197462,"calls":52}
