[2m[WebServer] [22m(node:1820674) Warning: The 'NO_COLOR' env is ignored due to the 'FORCE_COLOR' env being set.
[2m[WebServer] [22m(Use `node --trace-warnings ...` to show where the warning was created)
[2m[WebServer] [22m(node:1820690) Warning: The 'NO_COLOR' env is ignored due to the 'FORCE_COLOR' env being set.
[2m[WebServer] [22m(Use `node --trace-warnings ...` to show where the warning was created)

Running 1 test using 1 worker

(node:1820714) Warning: The 'NO_COLOR' env is ignored due to the 'FORCE_COLOR' env being set.
(Use `node --trace-warnings ...` to show where the warning was created)
(node:1820714) Warning: The 'NO_COLOR' env is ignored due to the 'FORCE_COLOR' env being set.
(Use `node --trace-warnings ...` to show where the warning was created)
  ✘  1 [chromium] › e2e/studio-performance.spec.ts:24:5 › measures real keyboard editing response and source correctness (1.6m)


  1) [chromium] › e2e/studio-performance.spec.ts:24:5 › measures real keyboard editing response and source correctness 

    Error: [2mexpect([22m[31mreceived[39m[2m).[22mtoBeUndefined[2m()[22m

    Received: [31m{"cell": ["c10", "r2"], "cluster": "fingers", "envelopes": {"keycap": {"size": [18, 18]}}, "footprints": {"studio_diode": {"params": {"from": "{{name}}_switch", "to": "{{row_net}}"}, "placement": {"at": [0, -5, 0]}, "what": "diode"}, "switch": {"params": {"to": "{{name}}_switch"}}}, "kind": "key", "label": "fingers_c10_r2", "part": "mx", "pcb": "main"}[39m

      195 |               `fingers_c${columns}_r2`
      196 |             ]
    > 197 |           ).toBeUndefined();
          |             ^
      198 |         }
      199 |       );
      200 |       await measure(
        at /home/chris/projects/ts-boardstudio2/app/e2e/studio-performance.spec.ts:197:13
        at measure (/home/chris/projects/ts-boardstudio2/app/e2e/utils/studioPerformance.ts:77:5)
        at /home/chris/projects/ts-boardstudio2/app/e2e/studio-performance.spec.ts:181:7

    Error Context: test-results/studio-performance-measure-1f861-onse-and-source-correctness-chromium/error-context.md

  1 failed
    [chromium] › e2e/studio-performance.spec.ts:24:5 › measures real keyboard editing response and source correctness 
