[33mThe CJS build of Vite's Node API is deprecated. See https://vite.dev/guide/troubleshooting.html#vite-cjs-node-api-deprecated for more details.[39m

 RUN  v2.1.9 /home/chris/projects/ts-boardstudio2-performance-refactor/app

stderr | src/molecules/StudioCanvas.test.tsx > keeps the viewport stable while selecting a column to move
Warning: An update to StudioCanvas inside a test was not wrapped in act(...).

When testing, code that causes React state updates should be wrapped into act(...):

act(() => {
  /* fire events that update state */
});
/* assert on the output */

This ensures that you're testing the behavior the user would see in the browser. Learn more at https://reactjs.org/link/wrap-tests-with-act
    at StudioCanvas (/home/chris/projects/ts-boardstudio2-performance-refactor/app/src/molecules/StudioCanvas.tsx:35:3)

stderr | src/molecules/StudioCanvas.test.tsx > starts an object move in Select mode without changing tools
Warning: An update to StudioCanvas inside a test was not wrapped in act(...).

When testing, code that causes React state updates should be wrapped into act(...):

act(() => {
  /* fire events that update state */
});
/* assert on the output */

This ensures that you're testing the behavior the user would see in the browser. Learn more at https://reactjs.org/link/wrap-tests-with-act
    at StudioCanvas (/home/chris/projects/ts-boardstudio2-performance-refactor/app/src/molecules/StudioCanvas.tsx:35:3)

stderr | src/molecules/StudioCanvas.test.tsx > flushes the final pointer delta on release before its animation frame
Warning: An update to StudioCanvas inside a test was not wrapped in act(...).

When testing, code that causes React state updates should be wrapped into act(...):

act(() => {
  /* fire events that update state */
});
/* assert on the output */

This ensures that you're testing the behavior the user would see in the browser. Learn more at https://reactjs.org/link/wrap-tests-with-act
    at StudioCanvas (/home/chris/projects/ts-boardstudio2-performance-refactor/app/src/molecules/StudioCanvas.tsx:35:3)

 ✓ src/molecules/StudioCanvas.test.tsx (9 tests | 6 skipped) 530ms
   ✓ keeps the viewport stable while selecting a column to move 368ms

 Test Files  1 passed (1)
      Tests  3 passed | 6 skipped (9)
   Start at  20:37:51
   Duration  2.76s (transform 373ms, setup 94ms, collect 1.11s, tests 530ms, environment 799ms, prepare 70ms)

