[33mThe CJS build of Vite's Node API is deprecated. See https://vite.dev/guide/troubleshooting.html#vite-cjs-node-api-deprecated for more details.[39m

 RUN  v2.1.9 /home/chris/projects/ts-boardstudio2-performance-refactor/app

 ✓ src/hooks/useStudio.test.ts > draws each draft immediately and does not rewrite an opened document
 ✓ src/hooks/useStudio.test.ts > ignores an obsolete success after undo even when source matches again
 ✓ src/hooks/useStudio.test.ts > keeps the last outline during updates and amends only a completed request
 ✓ src/hooks/useStudio.test.ts > rejects a result after switching projects with identical source
 ✓ src/utils/studioOutline.test.ts > defaults Studio outlines to automatic and preserves recipes when frozen
 ✓ src/utils/studioOutline.test.ts > does not rewrite a frozen outline until automation is enabled
 ✓ src/utils/studioOutline.test.ts > preserves a custom outline even when it references a boundary
 ✓ src/utils/studioOutline.test.ts > freezes all managed features with exact curved paths and nested offsets
 ✓ src/utils/studioOutline.test.ts > protects edits to generated bridge anchors as authored geometry
 ✓ src/utils/studioOutline.test.ts > removes generated bridge ownership with its deleted object
 ✓ src/utils/studioOutline.test.ts > recognizes an exact legacy Studio recipe without relying on its names
 ✓ src/utils/studioQueue.test.ts > coalesces edits and ignores all obsolete staged replies
 ✓ src/utils/studioQueue.test.ts > replaces a blocked worker only after its grace period
 ✓ src/utils/studioQueue.test.ts > publishes the latest edit after cancellation during grace and queue reuse
 ✓ src/utils/studioQueue.test.ts > rejects replies with mismatched revisions and retains a reusable worker
 ✓ src/workers/studioPipeline.test.ts > publishes layout, outline, then board analysis using one solved scene
 ✓ src/workers/studioPipeline.test.ts > round-trips frozen contours through native processing and manual rebuilding
 ✓ src/utils/studioOutlineReuse.test.ts > reuses managed region identities across repeated automatic rebuilds
 ✓ src/utils/studioOutlineReuse.test.ts > preserves shared regions while subsequent managed rebuilds remain bounded
 ✓ src/utils/studioOutlineReuse.test.ts > preserves custom regions while subsequent managed rebuilds remain bounded
 ✓ src/utils/studioOutlineReuse.test.ts > retains a region referenced by another board ownership record
 ✓ src/workers/studioPipeline.test.ts > stops before outline publication when superseded
 ✓ src/workers/studioPipeline.test.ts > reconciles a 7 by 5 matrix plus a 2 by 2 matrix without manual recipes 3677ms
 ✓ src/workers/studioPipeline.test.ts > reconciles and freezes both boards of a linked mirror
 ✓ src/workers/studioPipeline.stages.test.ts > solves once and reuses the same scene through both geometry stages

 Test Files  6 passed (6)
      Tests  25 passed (25)
   Start at  20:49:43
   Duration  8.06s (transform 307ms, setup 334ms, collect 2.63s, tests 4.91s, environment 3.37s, prepare 321ms)

