nudge n= 5
requestToOutlineMs median_ms= 6910.299999952316 p95_ms= 7286.200000047684
outlineStageMs median_ms= 7561.399999976158 p95_ms= 7951.800000071526
requestToSuccessMs median_ms= 8737.799999952316 p95_ms= 9030.700000047684
drag n= 5
requestToOutlineMs median_ms= 6849.600000023842 p95_ms= 7352.700000047684
outlineStageMs median_ms= 7555.0 p95_ms= 8064.699999928474
requestToSuccessMs median_ms= 8829.5 p95_ms= 9314.300000071526
add-columns n= 5
requestToOutlineMs median_ms= 8108.399999976158 p95_ms= 8434.199999928474
outlineStageMs median_ms= 14405.100000023842 p95_ms= 21651.899999976158
requestToSuccessMs median_ms= 10304.299999952316 p95_ms= 10656.0
add-rows n= 5
requestToOutlineMs median_ms= 8978.399999976158 p95_ms= 9089.900000095367
outlineStageMs median_ms= 16205.699999928474 p95_ms= 16324.800000071526
requestToSuccessMs median_ms= 11311.399999976158 p95_ms= 11402.100000023842
packet_count= 4
{'direction': 'request', 'type': 'studio', 'time': 92446.19999992847, 'requestId': 'studio-10'}
{'direction': 'reply', 'type': 'stage', 'stage': 'layout', 'time': 92811.29999995232, 'requestId': 'studio-10'}
{'direction': 'reply', 'type': 'stage', 'stage': 'outline', 'time': 99798.89999997616, 'requestId': 'studio-10'}
{'direction': 'reply', 'type': 'success', 'time': 101760.5, 'requestId': 'studio-10'}
