[2m[WebServer] [22m(node:1825163) Warning: The 'NO_COLOR' env is ignored due to the 'FORCE_COLOR' env being set.
[2m[WebServer] [22m(Use `node --trace-warnings ...` to show where the warning was created)
[2m[WebServer] [22m(node:1825198) Warning: The 'NO_COLOR' env is ignored due to the 'FORCE_COLOR' env being set.
[2m[WebServer] [22m(Use `node --trace-warnings ...` to show where the warning was created)

Running 1 test using 1 worker

(node:1825239) Warning: The 'NO_COLOR' env is ignored due to the 'FORCE_COLOR' env being set.
(Use `node --trace-warnings ...` to show where the warning was created)
(node:1825239) Warning: The 'NO_COLOR' env is ignored due to the 'FORCE_COLOR' env being set.
(Use `node --trace-warnings ...` to show where the warning was created)
  ✘  1 [chromium] › e2e/settings-consolidation.spec.ts:133:5 › retains an edge relationship only after the snapped drop (8.0s)


  1) [chromium] › e2e/settings-consolidation.spec.ts:133:5 › retains an edge relationship only after the snapped drop 

    Error: [2mexpect([22m[31mlocator[39m[2m).[22mtoBeEnabled[2m([22m[2m)[22m failed

    Locator: getByRole('button', { name: /Keep relationship · Edge offset/ })
    Expected: enabled
    Timeout: 5000ms
    Error: element(s) not found

    Call log:
    [2m  - Expect "toBeEnabled" with timeout 5000ms[22m
    [2m  - waiting for getByRole('button', { name: /Keep relationship · Edge offset/ })[22m
    [2m    3 × locator resolved to <button disabled>…</button>[22m
    [2m      - unexpected value "disabled"[22m


      186 |     name: /Keep relationship · Edge offset/,
      187 |   });
    > 188 |   await expect(keep).toBeEnabled();
          |                      ^
      189 |   expect(
      190 |     parse(await readSource(page)).layout.objects.follower.placement.ref
      191 |   ).toBeUndefined();
        at /home/chris/projects/ts-boardstudio2/app/e2e/settings-consolidation.spec.ts:188:22

    Error Context: test-results/settings-consolidation-ret-6b4b5-only-after-the-snapped-drop-chromium/error-context.md

  1 failed
    [chromium] › e2e/settings-consolidation.spec.ts:133:5 › retains an edge relationship only after the snapped drop 
