[33mThe CJS build of Vite's Node API is deprecated. See https://vite.dev/guide/troubleshooting.html#vite-cjs-node-api-deprecated for more details.[39m

 RUN  v2.1.9 /home/chris/projects/ts-boardstudio2/app

 ❯ src/molecules/FootprintParameters.test.tsx (0 test)

⎯⎯⎯⎯⎯⎯ Failed Suites 1 ⎯⎯⎯⎯⎯⎯⎯

 FAIL  src/molecules/FootprintParameters.test.tsx [ src/molecules/FootprintParameters.test.tsx ]
Error: Failed to resolve import "./FootprintParameters" from "src/molecules/FootprintParameters.test.tsx". Does the file exist?
  Plugin: vite:import-analysis
  File: /home/chris/projects/ts-boardstudio2/app/src/molecules/FootprintParameters.test.tsx:3:36
  2  |  import { fireEvent, render, screen } from "@testing-library/react";
  3  |  import { expect, it, vi } from "vitest";
  4  |  import { FootprintParameters } from "./FootprintParameters";
     |                                       ^
  5  |  it("exposes typed controls and rejects invalid finite numbers and JSON", () => {
  6  |    const change = vi.fn(), valid = vi.fn();
 ❯ TransformPluginContext._formatError ../node_modules/.pnpm/vite@5.4.21_@types+node@24.10.1_terser@5.44.1/node_modules/vite/dist/node/chunks/dep-BK3b2jBa.js:49258:41
 ❯ TransformPluginContext.error ../node_modules/.pnpm/vite@5.4.21_@types+node@24.10.1_terser@5.44.1/node_modules/vite/dist/node/chunks/dep-BK3b2jBa.js:49253:16
 ❯ normalizeUrl ../node_modules/.pnpm/vite@5.4.21_@types+node@24.10.1_terser@5.44.1/node_modules/vite/dist/node/chunks/dep-BK3b2jBa.js:64307:23
 ❯ ../node_modules/.pnpm/vite@5.4.21_@types+node@24.10.1_terser@5.44.1/node_modules/vite/dist/node/chunks/dep-BK3b2jBa.js:64439:39
 ❯ TransformPluginContext.transform ../node_modules/.pnpm/vite@5.4.21_@types+node@24.10.1_terser@5.44.1/node_modules/vite/dist/node/chunks/dep-BK3b2jBa.js:64366:7
 ❯ PluginContainer.transform ../node_modules/.pnpm/vite@5.4.21_@types+node@24.10.1_terser@5.44.1/node_modules/vite/dist/node/chunks/dep-BK3b2jBa.js:49099:18
 ❯ loadAndTransform ../node_modules/.pnpm/vite@5.4.21_@types+node@24.10.1_terser@5.44.1/node_modules/vite/dist/node/chunks/dep-BK3b2jBa.js:51978:27

⎯⎯⎯⎯⎯⎯⎯⎯⎯⎯⎯⎯⎯⎯⎯⎯⎯⎯⎯⎯⎯⎯⎯⎯[1/1]⎯

 Test Files  1 failed (1)
      Tests  no tests
   Start at  15:06:36
   Duration  849ms (transform 31ms, setup 70ms, collect 0ms, tests 0ms, environment 543ms, prepare 63ms)

