$ mocha -r test/helpers/register test/index.js


  ✔ carries every emitted model in its exact KiCad frame (200ms)
  ✔ keeps an explicit object model list authoritative (93ms)
  ✔ places framed native imports once without repeating the component side flip
  ✔ retains emitted footprint targets for explicit native models (54ms)
  ✔ checks floating travel against a separately mounted battery
  ✔ locates semantic placement errors in the authored YAML
  ✔ moves mirrored clusters as a group while retaining mirrored member spacing
  ✔ reports a floor-mounted battery that crosses PCB material (53ms)
  ✔ uses a PCB object as a planar reference without transferring its height to a floor-mounted battery
  ✔ checks PCB travel even where no component body overlaps the battery (77ms)
  ✔ cuts declared corner relief into native plate openings
  ✔ rejects ambiguous physical ownership when two assemblies use the same PCB
  ✔ builds a case with native plate envelopes and no electrical PCB
  ✔ places native polygon regions using their declared envelope offset
  ✔ reports an unmeasured component even when no envelope was supplied
  ✔ exports model associations on imported boards
  ✔ uses flat bridge ends without growing past the attachment points
  ✔ previews keycaps independently of switch bodies and PCB support
  ✔ reports off-board pad areas even when the owning key fits
  ✔ offers a rectangular component bay without boxing unrelated clusters
  ✔ checks custom polygon pad copper beyond its small anchor
  ✔ assigns distinct stable KiCad identities to repeated imported placements
  ✔ supports declarative model bindings through the existing injection API
  ✔ counts native part bindings and explicit instances
  ✔ converts legacy inch model offsets and preserves additional model metadata
  Native analysis cache regressions
    ✔ retains standalone and assembly PCB bytes on repeated cache hits (131ms)
    ✔ retains native blockers once while reusing geometry for mounting edits (291ms)

  Imported boards with native case objects
    ✔ uses rotated body contours for mounting clearance (89ms)
    ✔ retains imported components and appends native bodies and openings (77ms)

*******************************************************************
******        Statistics on Transfer (Write)                 ******

*******************************************************************
******        Transfer Mode = 0  I.E.  As Is       ******

******        Transferring Shape, ShapeType = 0                      ******

** WorkSession : Sending all data

 Step File Name : blob.step(1966 ents)  Write  Done


*******************************************************************
******        Statistics on Transfer (Write)                 ******

*******************************************************************
******        Transfer Mode = 0  I.E.  As Is       ******

******        Transferring Shape, ShapeType = 0                      ******

** WorkSession : Sending all data

 Step File Name : blob.step(1644 ents)  Write  Done


*******************************************************************
******        Statistics on Transfer (Write)                 ******

*******************************************************************
******        Transfer Mode = 0  I.E.  As Is       ******

******        Transferring Shape, ShapeType = 2                      ******

** WorkSession : Sending all data

 Step File Name : blob.step(350 ents)  Write  Done


*******************************************************************
******        Statistics on Transfer (Write)                 ******

*******************************************************************
******        Transfer Mode = 0  I.E.  As Is       ******

******        Transferring Shape, ShapeType = 2                      ******

** WorkSession : Sending all data

 Step File Name : blob.step(350 ents)  Write  Done


*******************************************************************
******        Statistics on Transfer (Write)                 ******

*******************************************************************
******        Transfer Mode = 0  I.E.  As Is       ******

******        Transferring Shape, ShapeType = 2                      ******

** WorkSession : Sending all data

 Step File Name : blob.step(350 ents)  Write  Done


*******************************************************************
******        Statistics on Transfer (Write)                 ******

*******************************************************************
******        Transfer Mode = 0  I.E.  As Is       ******

******        Transferring Shape, ShapeType = 2                      ******

** WorkSession : Sending all data

 Step File Name : blob.step(350 ents)  Write  Done


*******************************************************************
******        Statistics on Transfer (Write)                 ******

*******************************************************************
******        Transfer Mode = 0  I.E.  As Is       ******

******        Transferring Shape, ShapeType = 0                      ******


*******************************************************************
******        Statistics on Transfer (Write)                 ******

*******************************************************************
******        Transfer Mode = 0  I.E.  As Is       ******

******        Transferring Shape, ShapeType = 0                      ******


*******************************************************************
******        Statistics on Transfer (Write)                 ******

*******************************************************************
******        Transfer Mode = 0  I.E.  As Is       ******

******        Transferring Shape, ShapeType = 2                      ******


*******************************************************************
******        Statistics on Transfer (Write)                 ******

*******************************************************************
******        Transfer Mode = 0  I.E.  As Is       ******

******        Transferring Shape, ShapeType = 2                      ******


*******************************************************************
******        Statistics on Transfer (Write)                 ******

*******************************************************************
******        Transfer Mode = 0  I.E.  As Is       ******

******        Transferring Shape, ShapeType = 2                      ******


*******************************************************************
******        Statistics on Transfer (Write)                 ******

*******************************************************************
******        Transfer Mode = 0  I.E.  As Is       ******

******        Transferring Shape, ShapeType = 2                      ******

** WorkSession : Sending all data

 Step File Name : export.step(5029 ents)  Write  Done


*******************************************************************
******        Statistics on Transfer (Write)                 ******

*******************************************************************
******        Transfer Mode = 0  I.E.  As Is       ******

******        Transferring Shape, ShapeType = 0                      ******

** WorkSession : Sending all data

 Step File Name : blob.step(1650 ents)  Write  Done


*******************************************************************
******        Statistics on Transfer (Write)                 ******

*******************************************************************
******        Transfer Mode = 0  I.E.  As Is       ******

******        Transferring Shape, ShapeType = 0                      ******

** WorkSession : Sending all data

 Step File Name : blob.step(1644 ents)  Write  Done


*******************************************************************
******        Statistics on Transfer (Write)                 ******

*******************************************************************
******        Transfer Mode = 0  I.E.  As Is       ******

******        Transferring Shape, ShapeType = 2                      ******

** WorkSession : Sending all data

 Step File Name : blob.step(350 ents)  Write  Done


*******************************************************************
******        Statistics on Transfer (Write)                 ******

*******************************************************************
******        Transfer Mode = 0  I.E.  As Is       ******

******        Transferring Shape, ShapeType = 2                      ******

** WorkSession : Sending all data

 Step File Name : blob.step(350 ents)  Write  Done


*******************************************************************
******        Statistics on Transfer (Write)                 ******

*******************************************************************
******        Transfer Mode = 0  I.E.  As Is       ******

******        Transferring Shape, ShapeType = 2                      ******

** WorkSession : Sending all data

 Step File Name : blob.step(350 ents)  Write  Done


*******************************************************************
******        Statistics on Transfer (Write)                 ******

*******************************************************************
******        Transfer Mode = 0  I.E.  As Is       ******

******        Transferring Shape, ShapeType = 2                      ******

** WorkSession : Sending all data

 Step File Name : blob.step(350 ents)  Write  Done


*******************************************************************
******        Statistics on Transfer (Write)                 ******

*******************************************************************
******        Transfer Mode = 0  I.E.  As Is       ******

******        Transferring Shape, ShapeType = 0                      ******


*******************************************************************
******        Statistics on Transfer (Write)                 ******

*******************************************************************
******        Transfer Mode = 0  I.E.  As Is       ******

******        Transferring Shape, ShapeType = 0                      ******


*******************************************************************
******        Statistics on Transfer (Write)                 ******

*******************************************************************
******        Transfer Mode = 0  I.E.  As Is       ******

******        Transferring Shape, ShapeType = 2                      ******


*******************************************************************
******        Statistics on Transfer (Write)                 ******

*******************************************************************
******        Transfer Mode = 0  I.E.  As Is       ******

******        Transferring Shape, ShapeType = 2                      ******


*******************************************************************
******        Statistics on Transfer (Write)                 ******

*******************************************************************
******        Transfer Mode = 0  I.E.  As Is       ******

******        Transferring Shape, ShapeType = 2                      ******


*******************************************************************
******        Statistics on Transfer (Write)                 ******

*******************************************************************
******        Transfer Mode = 0  I.E.  As Is       ******

******        Transferring Shape, ShapeType = 2                      ******

** WorkSession : Sending all data

 Step File Name : export.step(4713 ents)  Write  Done

    ✔ exports the battery in its mounting frame and subtracts the service opening (2085ms)

  Native staged outline reuse
    ✔ retains complete analysis output without rebuilding the published outline geometry (3088ms)
    ✔ rebuilds and retains complete output when the source changes between stages (3371ms)
    ✔ rebuilds and retains complete output when the assets changes between stages (2651ms)
    ✔ rebuilds and retains complete output when the scene changes between stages (2714ms)

  Native staged PCB output
    ✔ retains board compilation and findings after publishing outlines

  Native footprint models

*******************************************************************
******        Statistics on Transfer (Write)                 ******

*******************************************************************
******        Transfer Mode = 0  I.E.  As Is       ******

******        Transferring Shape, ShapeType = 2                      ******

** WorkSession : Sending all data

 Step File Name : blob.step(350 ents)  Write  Done


*******************************************************************
******        Statistics on Transfer (Write)                 ******

*******************************************************************
******        Transfer Mode = 0  I.E.  As Is       ******

******        Transferring Shape, ShapeType = 0                      ******

** WorkSession : Sending all data

 Step File Name : blob.step(2216 ents)  Write  Done


*******************************************************************
******        Statistics on Transfer (Write)                 ******

*******************************************************************
******        Transfer Mode = 0  I.E.  As Is       ******

******        Transferring Shape, ShapeType = 0                      ******

** WorkSession : Sending all data

 Step File Name : blob.step(2548 ents)  Write  Done


*******************************************************************
******        Statistics on Transfer (Write)                 ******

*******************************************************************
******        Transfer Mode = 0  I.E.  As Is       ******

******        Transferring Shape, ShapeType = 2                      ******

** WorkSession : Sending all data

 Step File Name : blob.step(662 ents)  Write  Done


*******************************************************************
******        Statistics on Transfer (Write)                 ******

*******************************************************************
******        Transfer Mode = 0  I.E.  As Is       ******

******        Transferring Shape, ShapeType = 2                      ******

** WorkSession : Sending all data

 Step File Name : blob.step(350 ents)  Write  Done


*******************************************************************
******        Statistics on Transfer (Write)                 ******

*******************************************************************
******        Transfer Mode = 0  I.E.  As Is       ******

******        Transferring Shape, ShapeType = 2                      ******

** WorkSession : Sending all data

 Step File Name : blob.step(350 ents)  Write  Done


*******************************************************************
******        Statistics on Transfer (Write)                 ******

*******************************************************************
******        Transfer Mode = 0  I.E.  As Is       ******

******        Transferring Shape, ShapeType = 2                      ******

** WorkSession : Sending all data

 Step File Name : blob.step(350 ents)  Write  Done


*******************************************************************
******        Statistics on Transfer (Write)                 ******

*******************************************************************
******        Transfer Mode = 0  I.E.  As Is       ******

******        Transferring Shape, ShapeType = 0                      ******

** WorkSession : Sending all data

 Step File Name : blob.step(726 ents)  Write  Done


*******************************************************************
******        Statistics on Transfer (Write)                 ******

*******************************************************************
******        Transfer Mode = 0  I.E.  As Is       ******

******        Transferring Shape, ShapeType = 0                      ******

** WorkSession : Sending all data

 Step File Name : blob.step(1086 ents)  Write  Done


*******************************************************************
******        Statistics on Transfer (Write)                 ******

*******************************************************************
******        Transfer Mode = 0  I.E.  As Is       ******

******        Transferring Shape, ShapeType = 0                      ******


*******************************************************************
******        Statistics on Transfer (Write)                 ******

*******************************************************************
******        Transfer Mode = 0  I.E.  As Is       ******

******        Transferring Shape, ShapeType = 0                      ******


*******************************************************************
******        Statistics on Transfer (Write)                 ******

*******************************************************************
******        Transfer Mode = 0  I.E.  As Is       ******

******        Transferring Shape, ShapeType = 2                      ******


*******************************************************************
******        Statistics on Transfer (Write)                 ******

*******************************************************************
******        Transfer Mode = 0  I.E.  As Is       ******

******        Transferring Shape, ShapeType = 2                      ******


*******************************************************************
******        Statistics on Transfer (Write)                 ******

*******************************************************************
******        Transfer Mode = 0  I.E.  As Is       ******

******        Transferring Shape, ShapeType = 2                      ******


*******************************************************************
******        Statistics on Transfer (Write)                 ******

*******************************************************************
******        Transfer Mode = 0  I.E.  As Is       ******

******        Transferring Shape, ShapeType = 2                      ******


*******************************************************************
******        Statistics on Transfer (Write)                 ******

*******************************************************************
******        Transfer Mode = 0  I.E.  As Is       ******

******        Transferring Shape, ShapeType = 0                      ******


*******************************************************************
******        Statistics on Transfer (Write)                 ******

*******************************************************************
******        Transfer Mode = 0  I.E.  As Is       ******

******        Transferring Shape, ShapeType = 0                      ******

** WorkSession : Sending all data

 Step File Name : export.step(8233 ents)  Write  Done

    ✔ exports every cached model from library bindings and explicit instance lists on both sides (772ms)

  Native object contract
    ✔ keeps reference anchors available without growing board geometry
    ✔ rejects legacy input and unknown native properties without rewriting source

  Physical stacking
    ✔ stacks the screen above the MCU and leaves the battery on the case floor
    ✔ updates dependent heights without moving independently supported objects
    ✔ keeps stacked bodies clear while reporting an actual height overlap
    ✔ reports insufficient case height without resizing the enclosure
    ✔ rejects cycles and contradictory vertical drivers

  Editable native frames
    ✔ mirrors column members once and edits only the mirrored instance

  Native PCB adapter
    ✔ retains copper obstacles and physical PCB thickness

  Authored cluster envelopes and parts
    ✔ wraps separated keys within a cluster without filling between clusters
    ✔ inherits footprint definitions while overriding instance references and parameters

  Aligned outline bridges
    ✔ aligns a bridge to the shared top edge and follows layout movement
    ✔ aligns a bridge to the shared bottom edge and follows layout movement
    ✔ aligns a bridge to the shared left edge and follows layout movement
    ✔ aligns a bridge to the shared right edge and follows layout movement

  KiCad 10
    ✔ defaults to native KiCad 10 and supports explicit selection
    ✔ preserves explicit legacy and injected templates
    ✔ normalizes routed copper and preserves numeric-looking names
    ✔ orders legacy arc coordinates for the native parser
    ✔ escapes net and board names and keeps empty nets
    ✔ normalizes zones and leaves native quoted net names intact
    ✔ rejects malformed fragments and mismatched net names
    ✔ continues to reject engine 4 configurations
    ✔ rejects unknown numeric references with board and fragment context

  Reusable footprint tools
    ✔ derives one envelope from all transformed cached models and keeps missing bounds unchecked
    ✔ groups electrical pads by number and leaves mechanical pads separate
    ✔ exports a standalone CommonJS module preserving geometry and mapped nets
    ✔ flips board layers, local coordinates and pad orientations on the back
    ✔ keeps unknown constructs but refuses unsafe transforms explicitly
    ✔ requires a unique target and preserves all unrelated bytes when binding models
    ✔ identifies a chosen emission independently of per-placement references
    ✔ updates multiple models on a routed board and accepts legacy single bindings
    ✔ wraps dynamic modules without changing their params, body branches or unrelated code

  Footprint refresh engine boundaries
    ✔ keeps F&B shorthand literal while evaluating finite numeric expressions
    ✔ rejects nonfinite and malformed explicit numeric values
    ✔ reports unresolved net metadata and preserves intentionally empty nets
    ✔ includes blank copper pads and preserves shared original net groups
    ✔ keeps unrelated blank copper pads separate and maps shared numbered pads together
    ✔ retains native backend rejection of unknown numeric net IDs
    ✔ exports imported copper pads to distinct native nets without stale IDs


  76 passing (16s)

