$ mocha -r test/helpers/register test/index.js


  ✔ assigns distinct stable KiCad identities to repeated imported placements
  ✔ supports declarative model bindings through the existing injection API
  ✔ counts native part bindings and explicit instances (68ms)
  ✔ converts legacy inch model offsets and preserves additional model metadata
  Reusable footprint tools
    ✔ derives one envelope from all transformed cached models and keeps missing bounds unchecked
    ✔ groups electrical pads by number and leaves mechanical pads separate
    ✔ exports a standalone CommonJS module preserving geometry and mapped nets
    ✔ flips board layers, local coordinates and pad orientations on the back
    ✔ keeps unknown constructs but refuses unsafe transforms explicitly
    ✔ requires a unique target and preserves all unrelated bytes when binding models
    ✔ identifies a chosen emission independently of per-placement references
    ✔ updates multiple models on a routed board and accepts legacy single bindings
    ✔ wraps dynamic modules without changing their params, body branches or unrelated code

  Footprint refresh engine boundaries
    ✔ keeps F&B shorthand literal while evaluating finite numeric expressions
    ✔ rejects nonfinite and malformed explicit numeric values
    ✔ reports unresolved net metadata and preserves intentionally empty nets
    ✔ includes blank copper pads and preserves shared original net groups
    ✔ keeps unrelated blank copper pads separate and maps shared numbered pads together
    ✔ retains native backend rejection of unknown numeric net IDs
    ✔ exports imported copper pads to distinct native nets without stale IDs


  20 passing (161ms)

