[33mThe CJS build of Vite's Node API is deprecated. See https://vite.dev/guide/troubleshooting.html#vite-cjs-node-api-deprecated for more details.[39m

 RUN  v2.1.9 /home/chris/projects/ts-boardstudio2/app

stderr | src/utils/zip.export.test.ts > keeps per-project compilation errors and continues exporting valid projects
Failed to compile config Broken: Error: Unknown footprint selected
    at Object.worker.onmessage (/home/chris/projects/ts-boardstudio2/app/src/utils/zip.ts:217:16)
    at /home/chris/projects/ts-boardstudio2/app/src/utils/zip.export.test.ts:20:24

 ❯ src/utils/zip.export.test.ts (24 tests | 1 failed) 102ms
   × replaces stale generated matrix findings after a fresh clean wiring audit 4ms
     → expected null not to be null

⎯⎯⎯⎯⎯⎯⎯ Failed Tests 1 ⎯⎯⎯⎯⎯⎯⎯

 FAIL  src/utils/zip.export.test.ts > replaces stale generated matrix findings after a fresh clean wiring audit
AssertionError: expected null not to be null
 ❯ src/utils/zip.export.test.ts:276:56
    274| it('replaces stale generated matrix findings after a fresh clean wirin…
    275|   const zip = await download('direct', source({ electricalFindings: ['…
    276|   expect(zip.file('outputs/pcbs/board.kicad_pcb')).not.toBeNull();
       |                                                        ^
    277|   expect(zip.file('error.txt')).toBeNull();
    278| });

⎯⎯⎯⎯⎯⎯⎯⎯⎯⎯⎯⎯⎯⎯⎯⎯⎯⎯⎯⎯⎯⎯⎯⎯[1/1]⎯

 Test Files  1 failed (1)
      Tests  1 failed | 23 passed (24)
   Start at  15:20:20
   Duration  1.62s (transform 242ms, setup 70ms, collect 662ms, tests 102ms, environment 550ms, prepare 59ms)

